Component: ARM Compiler 5.06 update 4 (build 422) Tool: armlink [4d35d2]

==============================================================================

Section Cross References

    stm32f10x_usart.o(.text) refers to stm32f10x_rcc.o(.text) for RCC_APB2PeriphResetCmd
    stm32f10x_gpio.o(.text) refers to stm32f10x_rcc.o(.text) for RCC_APB2PeriphResetCmd
    stm32f10x_i2c.o(.text) refers to stm32f10x_rcc.o(.text) for RCC_APB1PeriphResetCmd
    stm32f10x_nvic.o(.text) refers to cortexm3_macro.o(.text) for __SETPRIMASK
    stm32f10x_pwr.o(.text) refers to stm32f10x_rcc.o(.text) for RCC_APB1PeriphResetCmd
    stm32f10x_pwr.o(.text) refers to cortexm3_macro.o(.text) for __WFI
    stm32f10x_rcc.o(.text) refers to stm32f10x_rcc.o(.data) for HSEStatus
    stm32f10x_rcc.o(.text) refers to stm32f10x_rcc.o(.constdata) for APBAHBPrescTable
    stm32f10x_spi.o(.text) refers to stm32f10x_rcc.o(.text) for RCC_APB2PeriphResetCmd
    stm32f10x_tim.o(.text) refers to stm32f10x_rcc.o(.text) for RCC_APB2PeriphResetCmd
    stm32f10x_wwdg.o(.text) refers to stm32f10x_rcc.o(.text) for RCC_APB1PeriphResetCmd
    stm32f10x_adc.o(.text) refers to stm32f10x_rcc.o(.text) for RCC_APB2PeriphResetCmd
    stm32f10x_bkp.o(.text) refers to stm32f10x_rcc.o(.text) for RCC_BackupResetCmd
    stm32f10x_can.o(.text) refers to stm32f10x_rcc.o(.text) for RCC_APB1PeriphResetCmd
    stm32f10x_dac.o(.text) refers to stm32f10x_rcc.o(.text) for RCC_APB1PeriphResetCmd
    stm32f10x_vector.o(STACK) refers (Special) to heapauxi.o(.text) for __use_two_region_memory
    stm32f10x_vector.o(HEAP) refers (Special) to heapauxi.o(.text) for __use_two_region_memory
    stm32f10x_vector.o(RESET) refers (Special) to heapauxi.o(.text) for __use_two_region_memory
    stm32f10x_vector.o(RESET) refers to stm32f10x_vector.o(STACK) for __initial_sp
    stm32f10x_vector.o(RESET) refers to stm32f10x_vector.o(.text) for Reset_Handler
    stm32f10x_vector.o(RESET) refers to stm32f10x_it.o(.text) for NMIException
    stm32f10x_vector.o(RESET) refers to delay.o(.text) for SysTickHandler
    stm32f10x_vector.o(RESET) refers to tim6_usart1_irq.o(.text) for PVD_IRQHandler
    stm32f10x_vector.o(RESET) refers to speedcontrol.o(.text) for TIM1_UP_IRQHandler
    stm32f10x_vector.o(.text) refers (Special) to heapauxi.o(.text) for __use_two_region_memory
    stm32f10x_vector.o(.text) refers to __main.o(!!!main) for __main
    stm32f10x_vector.o(.text) refers to stm32f10x_vector.o(HEAP) for Heap_Mem
    stm32f10x_vector.o(.text) refers to stm32f10x_vector.o(STACK) for Stack_Mem
    main.o(.text) refers to platform_init.o(.text) for RCC_Configuration
    main.o(.text) refers to delay.o(.text) for SysTick_Init
    main.o(.text) refers to pulseinit.o(.text) for PulseInit
    main.o(.text) refers to w25qxx.o(.text) for W25QXX_Init
    main.o(.text) refers to parameter.o(.text) for ReadIICSysParameter
    main.o(.text) refers to statuscontrol.o(.text) for Robot_Reset
    main.o(.text) refers to canopen.o(.text) for CANopen_Init
    main.o(.text) refers to backtoorigin.o(.text) for BackToOrigin
    main.o(.text) refers to error.o(.text) for ErrorOperate
    main.o(.text) refers to signalwatch.o(.text) for WatchFunction
    main.o(.text) refers to canopen.o(.data) for Controlword
    main.o(.text) refers to statuscontrol.o(.data) for Initialize_Finished
    tim6_usart1_irq.o(.text) refers to stm32f10x_tim.o(.text) for TIM_GetITStatus
    tim6_usart1_irq.o(.text) refers to stm32f10x_usart.o(.text) for USART_GetITStatus
    tim6_usart1_irq.o(.text) refers to stm32f10x_exti.o(.text) for EXTI_GetITStatus
    tim6_usart1_irq.o(.text) refers to speedcontrol_can.o(.text) for ServoEmergencyStop_CAN
    tim6_usart1_irq.o(.text) refers to stm32f10x_can.o(.text) for CAN_ClearITPendingBit
    tim6_usart1_irq.o(.text) refers to pdo.o(.text) for Get_Status_Position
    tim6_usart1_irq.o(.text) refers to statuscontrol.o(.data) for Input_Detect_Enable
    tim6_usart1_irq.o(.text) refers to auto_2.o(.data) for g_Auto_ActionRun_Timer
    tim6_usart1_irq.o(.text) refers to auto.o(.data) for Action_Done_Flag
    tim6_usart1_irq.o(.text) refers to actionoperate.o(.data) for g_ActionDelay_Step
    tim6_usart1_irq.o(.text) refers to usart.o(.bss) for ReceiveDataBuffer
    tim6_usart1_irq.o(.text) refers to usart.o(.data) for ReceiveDataCounter
    tim6_usart1_irq.o(.text) refers to error.o(.data) for Robot_Error_Data
    tim6_usart1_irq.o(.text) refers to speedcontrol.o(.data) for Timer_Enable_X
    tim6_usart1_irq.o(.text) refers to pdo.o(.data) for STD_ID
    tim6_usart1_irq.o(.text) refers to canopen.o(.data) for CAN_Recieve_Data
    delay.o(.text) refers to stm32f10x_systick.o(.text) for SysTick_CLKSourceConfig
    delay.o(.text) refers to delay.o(.data) for TimingDelay
    in.o(.text) refers to stm32f10x_gpio.o(.text) for GPIO_ReadInputDataBit
    in.o(.text) refers to delay.o(.text) for Delay
    in.o(.text) refers to in.o(.data) for Input_Detect_Status
[...]
    WWDG_IRQHandler                          0x08002fa9   Thumb Code     2  stm32f10x_it.o(.text)
    TAMPER_IRQHandler                        0x08002fab   Thumb Code     2  stm32f10x_it.o(.text)
    RTC_IRQHandler                           0x08002fad   Thumb Code     2  stm32f10x_it.o(.text)
    FLASH_IRQHandler                         0x08002faf   Thumb Code     2  stm32f10x_it.o(.text)
    RCC_IRQHandler                           0x08002fb1   Thumb Code     2  stm32f10x_it.o(.text)
    EXTI0_IRQHandler                         0x08002fb3   Thumb Code     2  stm32f10x_it.o(.text)
    EXTI1_IRQHandler                         0x08002fb5   Thumb Code     2  stm32f10x_it.o(.text)
    EXTI2_IRQHandler                         0x08002fb7   Thumb Code     2  stm32f10x_it.o(.text)
    EXTI3_IRQHandler                         0x08002fb9   Thumb Code     2  stm32f10x_it.o(.text)
    EXTI4_IRQHandler                         0x08002fbb   Thumb Code     2  stm32f10x_it.o(.text)
    DMA1_Channel1_IRQHandler                 0x08002fbd   Thumb Code     2  stm32f10x_it.o(.text)
    DMA1_Channel2_IRQHandler                 0x08002fbf   Thumb Code     2  stm32f10x_it.o(.text)
    DMA1_Channel3_IRQHandler                 0x08002fc1   Thumb Code     2  stm32f10x_it.o(.text)
    DMA1_Channel4_IRQHandler                 0x08002fc3   Thumb Code     2  stm32f10x_it.o(.text)
    DMA1_Channel5_IRQHandler                 0x08002fc5   Thumb Code     2  stm32f10x_it.o(.text)
    DMA1_Channel6_IRQHandler                 0x08002fc7   Thumb Code     2  stm32f10x_it.o(.text)
    DMA1_Channel7_IRQHandler                 0x08002fc9   Thumb Code     2  stm32f10x_it.o(.text)
    ADC1_2_IRQHandler                        0x08002fcb   Thumb Code     2  stm32f10x_it.o(.text)
    USB_HP_CAN_TX_IRQHandler                 0x08002fcd   Thumb Code     2  stm32f10x_it.o(.text)
    CAN_RX1_IRQHandler                       0x08002fcf   Thumb Code     2  stm32f10x_it.o(.text)
    CAN_SCE_IRQHandler                       0x08002fd1   Thumb Code     2  stm32f10x_it.o(.text)
    TIM1_BRK_IRQHandler                      0x08002fd3   Thumb Code     2  stm32f10x_it.o(.text)
    TIM1_TRG_COM_IRQHandler                  0x08002fd5   Thumb Code     2  stm32f10x_it.o(.text)
    TIM1_CC_IRQHandler                       0x08002fd7   Thumb Code     2  stm32f10x_it.o(.text)
    I2C1_EV_IRQHandler                       0x08002fd9   Thumb Code     2  stm32f10x_it.o(.text)
    I2C1_ER_IRQHandler                       0x08002fdb   Thumb Code     2  stm32f10x_it.o(.text)
    I2C2_EV_IRQHandler                       0x08002fdd   Thumb Code     2  stm32f10x_it.o(.text)
    I2C2_ER_IRQHandler                       0x08002fdf   Thumb Code     2  stm32f10x_it.o(.text)
    SPI1_IRQHandler                          0x08002fe1   Thumb Code     2  stm32f10x_it.o(.text)
    SPI2_IRQHandler                          0x08002fe3   Thumb Code     2  stm32f10x_it.o(.text)
    USART2_IRQHandler                        0x08002fe5   Thumb Code     2  stm32f10x_it.o(.text)
    USART3_IRQHandler                        0x08002fe7   Thumb Code     2  stm32f10x_it.o(.text)
    RTCAlarm_IRQHandler                      0x08002fe9   Thumb Code     2  stm32f10x_it.o(.text)
    USBWakeUp_IRQHandler                     0x08002feb   Thumb Code     2  stm32f10x_it.o(.text)
    TIM8_BRK_IRQHandler                      0x08002fed   Thumb Code     2  stm32f10x_it.o(.text)
    TIM8_UP_IRQHandler                       0x08002fef   Thumb Code     2  stm32f10x_it.o(.text)
    TIM8_TRG_COM_IRQHandler                  0x08002ff1   Thumb Code     2  stm32f10x_it.o(.text)
    TIM8_CC_IRQHandler                       0x08002ff3   Thumb Code     2  stm32f10x_it.o(.text)
    ADC3_IRQHandler                          0x08002ff5   Thumb Code     2  stm32f10x_it.o(.text)
    FSMC_IRQHandler                          0x08002ff7   Thumb Code     2  stm32f10x_it.o(.text)
    SDIO_IRQHandler                          0x08002ff9   Thumb Code     2  stm32f10x_it.o(.text)
    SPI3_IRQHandler                          0x08002ffb   Thumb Code     2  stm32f10x_it.o(.text)
    UART4_IRQHandler                         0x08002ffd   Thumb Code     2  stm32f10x_it.o(.text)
    UART5_IRQHandler                         0x08002fff   Thumb Code     2  stm32f10x_it.o(.text)
    TIM5_IRQHandler                          0x08003001   Thumb Code     2  stm32f10x_it.o(.text)
    TIM7_IRQHandler                          0x08003003   Thumb Code     2  stm32f10x_it.o(.text)
    DMA2_Channel1_IRQHandler                 0x08003005   Thumb Code     2  stm32f10x_it.o(.text)
    DMA2_Channel2_IRQHandler                 0x08003007   Thumb Code     2  stm32f10x_it.o(.text)
    DMA2_Channel3_IRQHandler                 0x08003009   Thumb Code     2  stm32f10x_it.o(.text)
    DMA2_Channel4_5_IRQHandler               0x0800300b   Thumb Code     2  stm32f10x_it.o(.text)
    TIM6_IRQHandler                          0x0800300d   Thumb Code   306  tim6_usart1_irq.o(.text)
    USART1_IRQHandler                        0x0800313f   Thumb Code   192  tim6_usart1_irq.o(.text)
    EXTI9_5_IRQHandler                       0x080031ff   Thumb Code    94  tim6_usart1_irq.o(.text)
    EXTI15_10_IRQHandler                     0x0800325d   Thumb Code   274  tim6_usart1_irq.o(.text)
    PVD_IRQHandler                           0x0800336f   Thumb Code    12  tim6_usart1_irq.o(.text)
    USB_LP_CAN_RX0_IRQHandler                0x0800337b   Thumb Code   310  tim6_usart1_irq.o(.text)
    SysTick_Init                             0x080034b1   Thumb Code    26  delay.o(.text)
    Delay                                    0x080034cb   Thumb Code    38  delay.o(.text)
    TimingDelay_Decrement                    0x080034f1   Thumb Code    18  delay.o(.text)
    SysTickHandler                           0x08003503   Thumb Code     8  delay.o(.text)
    DelayNus                                 0x0800350b   Thumb Code    34  delay.o(.text)
    DelayNms                                 0x0800352d   Thumb Code    24  delay.o(.text)
    ReadEmergencyStop                        0x08003549   Thumb Code    70  in.o(.text)
    ReadAxsisError                           0x0800358f   Thumb Code    54  in.o(.text)
    ReadXAxsisError                          0x080035c5   Thumb Code    48  in.o(.text)
    ReadZAxsisError                          0x080035f5   Thumb Code    46  in.o(.text)
    ReadIOPort                               0x08003623   Thumb Code    78  in.o(.text)
    ReadInput                                0x08003671   Thumb Code  1150  in.o(.text)
    SetOutput                                0x08003afd   Thumb Code  1378  out.o(.text)
    ResetOutput                              0x0800405f   Thumb Code  1356  out.o(.text)
    RCC_Configuration                        0x080045c5   Thumb Code   158  platform_init.o(.text)
    GPIO_Configuration                       0x08004663   Thumb Code   396  platform_init.o(.text)
    Power_EXTI_Init                          0x080047ef   Thumb Code    52  platform_init.o(.text)
    Limit_EXTI_Init                          0x08004823   Thumb Code   166  platform_init.o(.text)
    TimeInit                                 0x080048c9   Thumb Code    56  platform_init.o(.text)
    NVIC_Configuration                       0x08004901   Thumb Code   386  platform_init.o(.text)
    USART1_Configuration                     0x08004a83   Thumb Code    98  platform_init.o(.text)
    CAN_Initialize                           0x08004ae5   Thumb Code   134  platform_init.o(.text)
    PulseInit                                0x08004b71   Thumb Code   352  pulseinit.o(.text)
    PulseInit_Auto                           0x08004cd1   Thumb Code   470  pulseinit.o(.text)
    SPI2_ReadWriteByte                       0x08004ebd   Thumb Code    78  spi.o(.text)
    SPI2_Init                                0x08004f0b   Thumb Code   140  spi.o(.text)
    SPI2_SetSpeed                            0x08004f97   Thumb Code    36  spi.o(.text)
    W25QXX_ReadID                            0x08004fc5   Thumb Code    64  w25qxx.o(.text)
    W25QXX_Init                              0x08005005   Thumb Code    74  w25qxx.o(.text)
    W25QXX_ReadSR                            0x0800504f   Thumb Code    36  w25qxx.o(.text)
    W25QXX_Write_SR                          0x08005073   Thumb Code    32  w25qxx.o(.text)
    W25QXX_Write_Enable                      0x08005093   Thumb Code    24  w25qxx.o(.text)
    W25QXX_Write_Disable                     0x080050ab   Thumb Code    24  w25qxx.o(.text)
    W25QXX_Read                              0x080050c3   Thumb Code    74  w25qxx.o(.text)
    W25QXX_Wait_Busy                         0x0800510d   Thumb Code    18  w25qxx.o(.text)
    W25QXX_Write_Page                        0x0800511f   Thumb Code    80  w25qxx.o(.text)
    W25QXX_Write_NoCheck                     0x0800516f   Thumb Code    70  w25qxx.o(.text)
    W25QXX_Erase_Sector                      0x080051b5   Thumb Code    62  w25qxx.o(.text)
    W25QXX_Write                             0x080051f3   Thumb Code   180  w25qxx.o(.text)
    W25QXX_Erase_Chip                        0x080052a7   Thumb Code    36  w25qxx.o(.text)
    W25QXX_PowerDown                         0x080052cb   Thumb Code    30  w25qxx.o(.text)
    W25QXX_WAKEUP                            0x080052e9   Thumb Code    30  w25qxx.o(.text)
    RobotAutoReset                           0x0800531d   Thumb Code   594  auto.o(.text)
    AutoReset                                0x0800556f   Thumb Code   126  auto.o(.text)
    AutoStart                                0x080055ed   Thumb Code    64  auto.o(.text)
    AutoPause                                0x0800562d   Thumb Code    30  auto.o(.text)
    AutoStop                                 0x0800564b   Thumb Code    20  auto.o(.text)
    SafeAreaJudge                            0x0800565f   Thumb Code   542  auto.o(.text)
    MoveToTarget                             0x0800587d   Thumb Code    30  auto.o(.text)
    SetSingle                                0x0800589b   Thumb Code    50  auto.o(.text)
    Read_SaveProgram_IIC_Address             0x080058cd   Thumb Code   144  auto.o(.text)
    AutoRun                                  0x0800595d   Thumb Code  1072  auto.o(.text)
    AutoMode                                 0x08005d8d   Thumb Code   134  auto.o(.text)
    AutoRunning                              0x08005e13   Thumb Code    56  auto.o(.text)
    ManualJogRunnig                          0x08005e9d   Thumb Code   652  manual.o(.text)
    ManualLinkedRunning                      0x08006129   Thumb Code  1922  manual.o(.text)
    IODebugOutput1                           0x080068ab   Thumb Code   582  manual.o(.text)
    IODebugOutput2                           0x08006af1   Thumb Code   516  manual.o(.text)
    IODebugOutput3                           0x08006cf5   Thumb Code   254  manual.o(.text)
    ManulDebug                               0x08006df3   Thumb Code  3366  manual.o(.text)
    Order_Package                            0x08007b19   Thumb Code  2174  manual.o(.text)
    WorkMode                                 0x080083b9   Thumb Code   134  statuscontrol.o(.text)
    DirectionJudge                           0x0800843f   Thumb Code   146  statuscontrol.o(.text)
    SafeAreaDetection                        0x080084d1   Thumb Code   908  statuscontrol.o(.text)
    Halt_To_Reset                            0x0800885d   Thumb Code   294  statuscontrol.o(.text)
    ActionControl                            0x08008983   Thumb Code    96  statuscontrol.o(.text)
    StatusControl                            0x080089e3   Thumb Code   442  statuscontrol.o(.text)
    Robot_Reset                              0x08008b9d   Thumb Code   304  statuscontrol.o(.text)
    WatchCommand                             0x08008ccd   Thumb Code  1110  signalwatch.o(.text)
    RealTimeWatch                            0x08009123   Thumb Code    44  signalwatch.o(.text)
    OrderDecoding                            0x0800914f   Thumb Code   118  signalwatch.o(.text)
    WatchFunction                            0x080091c5   Thumb Code    90  signalwatch.o(.text)
    EmergencyStopJudge                       0x0800923d   Thumb Code   114  error.o(.text)
    LimitSwitchJudge                         0x080092af   Thumb Code   230  error.o(.text)
    SoftLimitJudge                           0x08009395   Thumb Code   266  error.o(.text)
    MachineBreakDown                         0x0800949f   Thumb Code   108  error.o(.text)
    MaterialEmergencyStop                    0x0800950b   Thumb Code    38  error.o(.text)
    LackMaterialJudge                        0x08009531   Thumb Code    34  error.o(.text)
    FullMaterialJudge                        0x08009553   Thumb Code    34  error.o(.text)
    XAxsisError                              0x08009575   Thumb Code   126  error.o(.text)
    ZAxsisError                              0x080095f3   Thumb Code   218  error.o(.text)
    AxsisError                               0x080096cd   Thumb Code   100  error.o(.text)
    HardLimitJudge                           0x08009731   Thumb Code    94  error.o(.text)
    AirAlarm                                 0x0800978f   Thumb Code    98  error.o(.text)
    OilingAlarm                              0x080097f1   Thumb Code    98  error.o(.text)
    ManulActionError                         0x08009853   Thumb Code    34  error.o(.text)
    CurrentWorkFinished                      0x08009875   Thumb Code    34  error.o(.text)
    AutoActionError                          0x08009897   Thumb Code    34  error.o(.text)
    AutoActionTimeOut                        0x080098b9   Thumb Code    34  error.o(.text)
    USARTSyncTimeOut                         0x080098db   Thumb Code    84  error.o(.text)
    ErrorOperate                             0x0800992f   Thumb Code   748  error.o(.text)
    RobotEnable                              0x08009c51   Thumb Code    12  backtoorigin.o(.text)
    RobotDisable                             0x08009c5d   Thumb Code    12  backtoorigin.o(.text)
    RobotEnableOrigin                        0x08009c69   Thumb Code   148  backtoorigin.o(.text)
    BackToOrigin                             0x08009cfd   Thumb Code   268  backtoorigin.o(.text)
    AutoStopOperate                          0x08009e71   Thumb Code   130  auto_2.o(.text)
    AutoPauseOperate                         0x08009ef3   Thumb Code   168  auto_2.o(.text)
    ActionOverOperate                        0x08009f9b   Thumb Code   184  auto_2.o(.text)
    Speed_Compensate                         0x0800a053   Thumb Code  1976  auto_2.o(.text)
    ActionStepControl                        0x0800a80b   Thumb Code   720  auto_2.o(.text)
    AutoModeControl                          0x0800aadb   Thumb Code   472  auto_2.o(.text)
    ActionOverLCCalculate                    0x0800acb3   Thumb Code     2  auto_2.o(.text)
    ErrorJudgeWhile                          0x0800acb5   Thumb Code     2  auto_2.o(.text)
    SpeedPlanningReset                       0x0800acd5   Thumb Code    58  speedcontrol.o(.text)
    MaxSpeedSection                          0x0800ad0f   Thumb Code   202  speedcontrol.o(.text)
    SendPulse                                0x0800add9   Thumb Code   240  speedcontrol.o(.text)
    SpeedPlanning                            0x0800aec9   Thumb Code   872  speedcontrol.o(.text)
    ClosePulseReset                          0x0800b231   Thumb Code   122  speedcontrol.o(.text)
    TIM3_IRQHandler                          0x0800b2ab   Thumb Code   602  speedcontrol.o(.text)
    TIM2_IRQHandler                          0x0800b505   Thumb Code   744  speedcontrol.o(.text)
    TIM1_UP_IRQHandler                       0x0800b7ed   Thumb Code   696  speedcontrol.o(.text)
    TIM4_IRQHandler                          0x0800baa5   Thumb Code   604  speedcontrol.o(.text)
    UART1_SendByte                           0x0800bd61   Thumb Code    28  usart.o(.text)
    UART1Write                               0x0800bd7d   Thumb Code    26  usart.o(.text)
    USART1_SendData                          0x0800bd97   Thumb Code   130  usart.o(.text)
    UsartAcknowledge                         0x0800be19   Thumb Code   168  usart.o(.text)
    UsartDataDecode                          0x0800bec1   Thumb Code    56  usart.o(.text)
    ParameterTemp                            0x0800bf15   Thumb Code    62  parameter.o(.text)
    Calculate_LC_Load_OAxis_Parameter        0x0800bf53   Thumb Code     2  parameter.o(.text)
    Calculate_LC_Load_Parameter              0x0800bf55   Thumb Code  1754  parameter.o(.text)
    ParameterOrder                           0x0800c62f   Thumb Code  3438  parameter.o(.text)
    Program_Send                             0x0800d39d   Thumb Code   418  parameter.o(.text)
    Read_LC_List                             0x0800d53f   Thumb Code   162  parameter.o(.text)
    FreeProgramSend                          0x0800d5e1   Thumb Code  2006  parameter.o(.text)
    ReadIIC_Point                            0x0800ddb7   Thumb Code   260  parameter.o(.text)
    ReadIIC_Program_Inf                      0x0800debb   Thumb Code   374  parameter.o(.text)
    ReadIIC_Program                          0x0800e031   Thumb Code   334  parameter.o(.text)
    ReadIIC_SoftLimit                        0x0800e17f   Thumb Code   362  parameter.o(.text)
    ReadIIC_SafeArea                         0x0800e2e9   Thumb Code   544  parameter.o(.text)
    ReadIIC_Setting                          0x0800e509   Thumb Code  1720  parameter.o(.text)
    ReadIICData                              0x0800ebc1   Thumb Code    98  parameter.o(.text)
    ReadIICSysParameter                      0x0800ec23   Thumb Code   424  parameter.o(.text)
    Calculate_LC_UnLoad_Parameter            0x0800edcb   Thumb Code     2  parameter.o(.text)
    Calculate_LC_UnLoad_OAxis_Parameter      0x0800edcd   Thumb Code     2  parameter.o(.text)
    Key_Delay                                0x0800edfd   Thumb Code    28  actionoperate.o(.text)
    LC_Key_Delay                             0x0800ee19   Thumb Code    28  actionoperate.o(.text)
    Action_Delay                             0x0800ee35   Thumb Code     2  actionoperate.o(.text)
    AXisMove                                 0x0800ee37   Thumb Code   124  actionoperate.o(.text)
    LC_Parameter_Load_Calculate              0x0800eeb3   Thumb Code     2  actionoperate.o(.text)
    LC_Parameter_Load_OAxis_Calculate        0x0800eeb5   Thumb Code     2  actionoperate.o(.text)
    LC_Parameter_UnLoad_ZAxis_Calculate      0x0800eeb7   Thumb Code     2  actionoperate.o(.text)
    LC_Parameter_UnLoad_OAxis_Calculate      0x0800eeb9   Thumb Code     2  actionoperate.o(.text)
    LC_Parameter_UnLoad_Calculate            0x0800eebb   Thumb Code     2  actionoperate.o(.text)
    AutoActionStepList                       0x0800eebd   Thumb Code    86  actionoperate.o(.text)
    Program_Start_Action                     0x0800ef13   Thumb Code   836  actionoperate.o(.text)
    Program_Reset_Action                     0x0800f257   Thumb Code   112  actionoperate.o(.text)
    ActionAllowJudge                         0x0800f2c7   Thumb Code    64  actionoperate.o(.text)
    AutoActionOutControl                     0x0800f307   Thumb Code  1462  actionoperate.o(.text)
    AutoActionOutConfirm                     0x0800f8bd   Thumb Code  2032  actionoperate.o(.text)
    AutoActionOutDelay                       0x080100ad   Thumb Code   124  actionoperate.o(.text)
    LCActionOutDelay                         0x08010129   Thumb Code   124  actionoperate.o(.text)
    DirectionSet_CAN                         0x080101e9   Thumb Code    28  speedcontrol_can.o(.text)
    MoveToTarget_CAN                         0x08010205   Thumb Code   292  speedcontrol_can.o(.text)
    ServoStop_CAN                            0x08010329   Thumb Code   156  speedcontrol_can.o(.text)
    ServoEmergencyStop_CAN                   0x080103c5   Thumb Code    24  speedcontrol_can.o(.text)
    ARM_Homing                               0x08010409   Thumb Code   258  homing.o(.text)
    CANopen_Init                             0x08010529   Thumb Code   186  canopen.o(.text)
    Chang_Operation_Mode                     0x080105e3   Thumb Code    44  canopen.o(.text)
    PDO_Mapping_Deleted                      0x0801060f   Thumb Code    78  canopen.o(.text)
    PDO_Mapping_test                         0x0801065d   Thumb Code    98  canopen.o(.text)
    Not_Valid_PDO                            0x080106bf   Thumb Code   198  canopen.o(.text)
    RPDO_Mapping                             0x08010785   Thumb Code   894  canopen.o(.text)
    TPDO_Mapping                             0x08010b03   Thumb Code   354  canopen.o(.text)
    PP_Mode_Init                             0x08010c65   Thumb Code   308  canopen.o(.text)
    Homing_Mode_Init                         0x08010d99   Thumb Code   300  canopen.o(.text)
    Send_NMT_Protocol                        0x08010ee5   Thumb Code    74  nmt.o(.text)
    Get_Node_State                           0x08010f2f   Thumb Code    56  nmt.o(.text)
    Send_Node_Guard                          0x08010f67   Thumb Code    70  nmt.o(.text)
    Boot_Up                                  0x08010fad   Thumb Code    76  nmt.o(.text)
    Start_Remote_Node                        0x08010ff9   Thumb Code    20  nmt.o(.text)
    Stop_Remote_Node                         0x0801100d   Thumb Code    20  nmt.o(.text)
    Enter_Pre_Operational_State              0x08011021   Thumb Code    20  nmt.o(.text)
    Reset_Node                               0x08011035   Thumb Code    20  nmt.o(.text)
    Reset_Communication                      0x08011049   Thumb Code    20  nmt.o(.text)
    New_Set_Point_Set                        0x0801106d   Thumb Code    98  pdo.o(.text)
    New_Set_Point_Reset                      0x080110cf   Thumb Code   100  pdo.o(.text)
    ServoStart_PDO                           0x08011133   Thumb Code   136  pdo.o(.text)
    Can_Send_Msg                             0x080111bb   Thumb Code    96  pdo.o(.text)
    Can_Receive_Msg                          0x0801121b   Thumb Code    52  pdo.o(.text)
    Set_Halt                                 0x0801124f   Thumb Code    98  pdo.o(.text)
    ServoStop_PDO                            0x080112b1   Thumb Code    20  pdo.o(.text)
    Change_Servo_State_Machine               0x080112c5   Thumb Code   104  pdo.o(.text)
    ServoEmergencyStop_PDO                   0x0801132d   Thumb Code    14  pdo.o(.text)
    Change_Set                               0x0801133b   Thumb Code    44  pdo.o(.text)
    Homing_Operation_Start_Reset             0x08011367   Thumb Code   100  pdo.o(.text)
    Homing_Operation_Start_Set               0x080113cb   Thumb Code    98  pdo.o(.text)
    Home_Stop_Axis                           0x0801142d   Thumb Code    12  pdo.o(.text)
    Reset_Halt                               0x08011439   Thumb Code   130  pdo.o(.text)
    Query_stWord_acPosition                  0x080114bb   Thumb Code    70  pdo.o(.text)
    Get_Status_Position                      0x08011501   Thumb Code  1098  pdo.o(.text)
    Abort_SDO_Transfer                       0x08011975   Thumb Code   138  sdo.o(.text)
    Initiate_SDO_Upload                      0x080119ff   Thumb Code   116  sdo.o(.text)
    Initiate_SDO_Download                    0x08011a73   Thumb Code   186  sdo.o(.text)
    SDO_Protocol                             0x08011b2d   Thumb Code    42  sdo.o(.text)
    Set_Servo_Homing_Mode                    0x08011b57   Thumb Code   458  sdo.o(.text)
    Set_PUU                                  0x08011d21   Thumb Code   180  sdo.o(.text)
    SDO_Process                              0x08011dd5   Thumb Code    42  sdo.o(.text)
    Set_Servo_PP_Mode                        0x08011dff   Thumb Code   280  sdo.o(.text)
    SDO_Process_PositionMode                 0x08011f17   Thumb Code    42  sdo.o(.text)
    SDO_Process_HomingMode                   0x08011f41   Thumb Code    42  sdo.o(.text)
    Query_Servo_parameter                    0x08011f6b   Thumb Code    28  sdo.o(.text)
    Set_Guard_Time                           0x08011f87   Thumb Code    48  sdo.o(.text)
    Fault_Reset                              0x08011fb7   Thumb Code    66  sdo.o(.text)
    Change_Polarity_Positive                 0x08011ff9   Thumb Code    36  sdo.o(.text)
    Change_Polarity_Negtive                  0x0801201d   Thumb Code    36  sdo.o(.text)
    Set_Halt_SDO                             0x08012041   Thumb Code    60  sdo.o(.text)
    Reset_Halt_SDO                           0x0801207d   Thumb Code    62  sdo.o(.text)
    __aeabi_memcpy4                          0x080120c5   Thumb Code     0  rt_memcpy_w.o(.text)
    __aeabi_memcpy8                          0x080120c5   Thumb Code     0  rt_memcpy_w.o(.text)
    __rt_memcpy_w                            0x080120c5   Thumb Code   100  rt_memcpy_w.o(.text)
    _memcpy_lastbytes_aligned                0x0801210d   Thumb Code     0  rt_memcpy_w.o(.text)
    __aeabi_memclr4                          0x08012129   Thumb Code     0  rt_memclr_w.o(.text)
    __aeabi_memclr8                          0x08012129   Thumb Code     0  rt_memclr_w.o(.text)
    __rt_memclr_w                            0x08012129   Thumb Code    78  rt_memclr_w.o(.text)
    _memset_w                                0x0801212d   Thumb Code     0  rt_memclr_w.o(.text)
    __use_two_region_memory                  0x08012177   Thumb Code     2  heapauxi.o(.text)
    __rt_heap_escrow$2region                 0x08012179   Thumb Code     2  heapauxi.o(.text)
    __rt_heap_expand$2region                 0x0801217b   Thumb Code     2  heapauxi.o(.text)
    __user_setup_stackheap                   0x0801217d   Thumb Code    74  sys_stackheap_outer.o(.text)
    exit                                     0x080121c7   Thumb Code    18  exit.o(.text)
    __user_libspace                          0x080121d9   Thumb Code     8  libspace.o(.text)
    __user_perproc_libspace                  0x080121d9   Thumb Code     0  libspace.o(.text)
    __user_perthread_libspace                0x080121d9   Thumb Code     0  libspace.o(.text)
    _sys_exit                                0x080121e1   Thumb Code     8  sys_exit.o(.text)
    __I$use$semihosting                      0x080121ed   Thumb Code     0  use_no_semi.o(.text)
    __use_no_semihosting_swi                 0x080121ed   Thumb Code     2  use_no_semi.o(.text)
    __semihosting_library_function           0x080121ef   Thumb Code     0  indicate_semi.o(.text)
    __aeabi_d2f                              0x080121f1   Thumb Code     0  d2f.o(x$fpl$d2f)
    _d2f                                     0x080121f1   Thumb Code    98  d2f.o(x$fpl$d2f)
    __aeabi_ddiv                             0x08012255   Thumb Code     0  ddiv.o(x$fpl$ddiv)
    _ddiv                                    0x08012255   Thumb Code   552  ddiv.o(x$fpl$ddiv)
    __aeabi_d2uiz                            0x08012505   Thumb Code     0  dfixu.o(x$fpl$dfixu)
    _dfixu                                   0x08012505   Thumb Code    90  dfixu.o(x$fpl$dfixu)
    __aeabi_ui2d                             0x0801255f   Thumb Code     0  dflt_clz.o(x$fpl$dfltu)
    _dfltu                                   0x0801255f   Thumb Code    38  dflt_clz.o(x$fpl$dfltu)
    __aeabi_dmul                             0x08012585   Thumb Code     0  dmul.o(x$fpl$dmul)
    _dmul                                    0x08012585   Thumb Code   332  dmul.o(x$fpl$dmul)
    __fpl_dnaninf                            0x080126d9   Thumb Code   156  dnaninf.o(x$fpl$dnaninf)
    __fpl_dretinf                            0x08012775   Thumb Code    12  dretinf.o(x$fpl$dretinf)
    __aeabi_f2d                              0x08012781   Thumb Code     0  f2d.o(x$fpl$f2d)
    _f2d                                     0x08012781   Thumb Code    86  f2d.o(x$fpl$f2d)
    __fpl_fnaninf                            0x080127d7   Thumb Code   140  fnaninf.o(x$fpl$fnaninf)
    __fpl_fretinf                            0x08012863   Thumb Code    10  fretinf.o(x$fpl$fretinf)
    __I$use$fp                               0x0801286c   Number         0  usenofp.o(x$fpl$usenofp)
    Region$$Table$$Base                      0x08012880   Number         0  anon$$obj.o(Region$$Table)
    Region$$Table$$Limit                     0x080128a0   Number         0  anon$$obj.o(Region$$Table)
    Local_IO_Status                          0x2000000c   Data           2  in.o(.data)
    Input_Detect_Status                      0x2000000e   Data           6  in.o(.data)
    Input_Status_Change                      0x20000014   Data           1  in.o(.data)
    Output_Status                            0x20000015   Data           5  out.o(.data)
    W25QXX_TYPE                              0x2000001a   Data           2  w25qxx.o(.data)
    Auto_Pulse_Count                         0x2000001c   Data           4  auto.o(.data)
    Auto_Mode                                0x20000020   Data           1  auto.o(.data)
    Once_Mode_Enable                         0x20000021   Data           1  auto.o(.data)
    Single_Mode_Enable                       0x20000022   Data           1  auto.o(.data)
    Loop_Mode_Enable                         0x20000023   Data           1  auto.o(.data)
    Action_Complete                          0x20000024   Data           1  auto.o(.data)
    Section_Action_Complete                  0x20000025   Data           1  auto.o(.data)
    Auto_Run_Enable                          0x20000026   Data           1  auto.o(.data)
    Total_Product_Number                     0x20000028   Data           4  auto.o(.data)
    Product_Number                           0x2000002c   Data           4  auto.o(.data)
    Check_Number                             0x20000030   Data           4  auto.o(.data)
    Unload_Material_Finish                   0x20000034   Data           1  auto.o(.data)
    Stop_Status                              0x20000035   Data           1  auto.o(.data)
    Stop_Time                                0x20000036   Data           1  auto.o(.data)
    JHRobot_Run_Time                         0x20000037   Data           1  auto.o(.data)
    JHRobot_Section_Time                     0x20000038   Data           4  auto.o(.data)
    JHRobot_Section                          0x2000003c   Data           1  auto.o(.data)
    Last_JHRobot_Section                     0x2000003d   Data           1  auto.o(.data)
    JHRobot_Section_Delay                    0x2000003e   Data           1  auto.o(.data)
    JHRobot_Warning                          0x2000003f   Data           1  auto.o(.data)
    Unload_Material_Step                     0x20000040   Data           1  auto.o(.data)
    Section_Step                             0x20000041   Data           1  auto.o(.data)
    Step_Done                                0x20000042   Data           1  auto.o(.data)
    Delay_Done                               0x20000043   Data           1  auto.o(.data)
    Manchine_Door_Flag                       0x20000044   Data           1  auto.o(.data)
    Robot_Move_Flag                          0x20000045   Data           1  auto.o(.data)
    X_Axsis_Target                           0x20000048   Data           4  auto.o(.data)
    Z_Axsis_Target                           0x2000004c   Data           4  auto.o(.data)
    Present_Position                         0x20000050   Data           4  auto.o(.data)
    Max_Robot_Position                       0x20000054   Data           4  auto.o(.data)
    Min_Robot_Position                       0x20000058   Data           4  auto.o(.data)
    Action_Delay_Time                        0x2000005c   Data           4  auto.o(.data)
    Puls_Delay_Num                           0x20000060   Data           1  auto.o(.data)
    Action_Done_Flag                         0x20000061   Data           1  auto.o(.data)
    Action_Delay_Flag                        0x20000062   Data           1  auto.o(.data)
    Send_UMF_Signle                          0x20000063   Data           1  auto.o(.data)
    Output_Delay_Time                        0x20000064   Data           2  auto.o(.data)
    Test_Pulse_Xaxsis                        0x20000068   Data           4  auto.o(.data)
    Test_Pulse_Xaxsis_Flag                   0x2000006c   Data           1  auto.o(.data)
    Auto_Action_Delay                        0x2000006d   Data           1  auto.o(.data)
    Load_Material_Row_Number                 0x2000006e   Data           1  auto.o(.data)
    Interval_Position                        0x20000070   Data           4  auto.o(.data)
    Load_Material_Number                     0x20000074   Data           1  auto.o(.data)
    Place_Product_Number                     0x20000075   Data           1  auto.o(.data)
    Auto_Reset_Step                          0x20000077   Data           1  auto.o(.data)
    Auto_Reset_Step_Done                     0x20000078   Data           1  auto.o(.data)
    g_Robot_Has_Debuged_Flag                 0x20000079   Data           1  auto.o(.data)
    g_Program_Is_Debuging                    0x2000007a   Data           1  auto.o(.data)
    Target_Position_Can                      0x2000007c   Data           4  auto.o(.data)
    LCD_Control_Flag                         0x20000080   Data           1  auto.o(.data)
    LCD_Control_Time                         0x20000082   Data           2  auto.o(.data)
    REST_Flag                                0x20000084   Data           1  auto.o(.data)
    X_Axsis_Chosen                           0x20000088   Data           1  manual.o(.data)
    Z_Axsis_Chosen                           0x20000089   Data           1  manual.o(.data)
    Manual_Mode_Enable                       0x2000008a   Data           1  manual.o(.data)
    Jog_Mode_Enable                          0x2000008b   Data           1  manual.o(.data)
    Linked_Mode_Enable                       0x2000008c   Data           1  manual.o(.data)
    Manual_Mode_Error_Flag                   0x2000008d   Data           1  manual.o(.data)
    Jog_Move_Enable                          0x2000008e   Data           1  manual.o(.data)
    Linked_Move_Enable                       0x2000008f   Data           1  manual.o(.data)
    g_Link_Move_Delay                        0x20000090   Data           1  manual.o(.data)
    g_Link_Move_Count                        0x20000091   Data           1  manual.o(.data)
    Send_Material_Finish_Flag                0x20000092   Data           1  manual.o(.data)
    Load_Material_Finish_Flag                0x20000093   Data           1  manual.o(.data)
    Unload_Material_Finish_Flag              0x20000094   Data           1  manual.o(.data)
    Send_Material_Finish_Time                0x20000098   Data           4  manual.o(.data)
    Load_Material_Finish_Time                0x2000009c   Data           4  manual.o(.data)
    Unload_Material_Finish_Time              0x200000a0   Data           4  manual.o(.data)
    Jog_Pulse_Count                          0x200000a4   Data           4  manual.o(.data)
    Jog_Pulse_Count_Init                     0x200000a8   Data           4  manual.o(.data)
    Linked_Pulse_Count                       0x200000ac   Data           4  manual.o(.data)
    Linked_Pulse                             0x200000b0   Data           4  manual.o(.data)
    XAxis_Manul_Speed                        0x200000b4   Data           1  manual.o(.data)
    ZAxis_Manul_Speed                        0x200000b5   Data           1  manual.o(.data)
    LAxis_Manul_Speed                        0x200000b6   Data           1  manual.o(.data)
    OAxis_Manul_Speed                        0x200000b7   Data           1  manual.o(.data)
    AAxis_Manul_Speed                        0x200000b8   Data           1  manual.o(.data)
    BAxis_Manul_Speed                        0x200000b9   Data           1  manual.o(.data)
    g_Manul_Fine_Adjust                      0x200000ba   Data           1  manual.o(.data)
    Axis_Manul_Speed                         0x200000bb   Data           6  manual.o(.data)
    Test_Key_Flag                            0x200000c1   Data           1  manual.o(.data)
    SavePoint_IIC_Address                    0x200000c4   Data           2  manual.o(.data)
    first_press                              0x200000c6   Data           1  manual.o(.data)
    Axsis_Maxlength                          0x200000c8   Data           4  manual.o(.data)
    Axsis_Minlength                          0x200000cc   Data           4  manual.o(.data)
    Read_Point_Num                           0x200000d0   Data           2  manual.o(.data)
    ShuZu_Count                              0x200000d2   Data           2  manual.o(.data)
    Order_Read_Mode                          0x200000d4   Data           1  manual.o(.data)
    XAxis_Step_Distance                      0x200000d5   Data           1  manual.o(.data)
    ZAxis_Step_Distance                      0x200000d6   Data           1  manual.o(.data)
    LAxis_Step_Distance                      0x200000d7   Data           1  manual.o(.data)
    OAxis_Step_Distance                      0x200000d8   Data           1  manual.o(.data)
    VAxis_Step_Distance                      0x200000d9   Data           1  manual.o(.data)
    WAxis_Step_Distance                      0x200000da   Data           1  manual.o(.data)
    Speed_Change_Flag                        0x200000db   Data           1  manual.o(.data)
    Synchronize                              0x200000dc   Data           1  statuscontrol.o(.data)
    Initialize_Finished                      0x200000dd   Data           1  statuscontrol.o(.data)
    Origin_Backed                            0x200000de   Data           1  statuscontrol.o(.data)
    X_Origin_Backed                          0x200000df   Data           1  statuscontrol.o(.data)
    Z_Origin_Backed                          0x200000e0   Data           1  statuscontrol.o(.data)
    L_Origin_Backed                          0x200000e1   Data           1  statuscontrol.o(.data)
    O_Origin_Backed                          0x200000e2   Data           1  statuscontrol.o(.data)
    Back_Origin_Flag                         0x200000e3   Data           1  statuscontrol.o(.data)
    Origin_Speed_Down                        0x200000e4   Data           1  statuscontrol.o(.data)
    Back_Origin_Speed                        0x200000e8   Data           4  statuscontrol.o(.data)
    Robot_Enable_Flag                        0x200000ec   Data           1  statuscontrol.o(.data)
    Work_Status                              0x200000ed   Data           1  statuscontrol.o(.data)
    Axis_Manul_BackToOrigin                  0x200000ee   Data           1  statuscontrol.o(.data)
    Axsis_Chosen                             0x200000ef   Data           1  statuscontrol.o(.data)
    Axsis_Move_Direction                     0x200000f0   Data           6  statuscontrol.o(.data)
    Input_Detect_Time                        0x200000f8   Data           4  statuscontrol.o(.data)
    Action_Detect_Flag                       0x200000fc   Data           1  statuscontrol.o(.data)
    Input_Detect_Enable                      0x200000fd   Data           1  statuscontrol.o(.data)
    Jog_Pause_Enable                         0x200000fe   Data           1  statuscontrol.o(.data)
    Position_Handle_Flag                     0x200000ff   Data           1  statuscontrol.o(.data)
    SafeArea_Is_On                           0x20000100   Data           1  statuscontrol.o(.data)
    X_In_SafeArea_Flag                       0x20000101   Data           1  statuscontrol.o(.data)
    Safe_Area_Flag                           0x20000102   Data           1  statuscontrol.o(.data)
    Safe_Area_Alarm                          0x20000103   Data           1  statuscontrol.o(.data)
    g_Current_SafeArea_Num                   0x20000104   Data           1  statuscontrol.o(.data)
    Input_Count15                            0x20000105   Data           1  statuscontrol.o(.data)
    Input_Count16                            0x20000106   Data           1  statuscontrol.o(.data)
    Input15_16_Detect                        0x20000107   Data           1  statuscontrol.o(.data)
    Servo_Stop_Done                          0x20000108   Data           6  statuscontrol.o(.data)
    Test_ServoStop                           0x2000010e   Data           1  statuscontrol.o(.data)
    g_Auto_Reset_Flag                        0x2000010f   Data           1  statuscontrol.o(.data)
    Robot_Auto_Reset                         0x20000110   Data           1  statuscontrol.o(.data)
    g_Auto_LOrigin_Flag                      0x20000111   Data           1  statuscontrol.o(.data)
    g_USART_Delay_Timer                      0x20000114   Data           4  statuscontrol.o(.data)
    Watch_Data                               0x2000011a   Data           1  signalwatch.o(.data)
    Error_Enable_Flag                        0x2000011c   Data           1  error.o(.data)
    Error_Status                             0x2000011d   Data           1  error.o(.data)
    Machine_BreakDown_Flag                   0x2000011e   Data           1  error.o(.data)
    EmergencyStop_Flag                       0x2000011f   Data           1  error.o(.data)
    Full_Material_Flag                       0x20000120   Data           1  error.o(.data)
    Lack_Material_Flag                       0x20000121   Data           1  error.o(.data)
    XAxsis_Error_Flag                        0x20000122   Data           1  error.o(.data)
    ZAxsis_Error_FLAG_FASLE                  0x20000123   Data           1  error.o(.data)
    Limit_Error_Flag                         0x20000124   Data           4  error.o(.data)
    Cancle_Limit_Warning                     0x20000128   Data           1  error.o(.data)
    Cancle_Genaral_Warning                   0x20000129   Data           1  error.o(.data)
    Cancle_Genaral_Warning_Num               0x2000012a   Data           1  error.o(.data)
    Limit_Error                              0x2000012b   Data           1  error.o(.data)
    Error_Data                               0x2000012c   Data           2  error.o(.data)
    Robot_Error_Data                         0x2000012e   Data           4  error.o(.data)
    ServoEmergencyStop_Flag                  0x20000132   Data           1  error.o(.data)
    Emerg_Flag                               0x20000133   Data           1  error.o(.data)
    Axis_Step                                0x20000134   Data           1  backtoorigin.o(.data)
    Origin_Pulse                             0x20000138   Data           4  backtoorigin.o(.data)
    Origin_Step                              0x2000013c   Data           1  backtoorigin.o(.data)
    Origin_Time                              0x2000013d   Data           1  backtoorigin.o(.data)
    Origin_Single_Flag                       0x2000013e   Data           1  backtoorigin.o(.data)
    Origin_Speed                             0x20000140   Data          24  backtoorigin.o(.data)
    Robot_Enable                             0x20000158   Data           1  backtoorigin.o(.data)
    Homing_Flag_Can                          0x20000159   Data           1  backtoorigin.o(.data)
    g_AutoStatue                             0x2000015c   Data           1  auto_2.o(.data)
    g_Auto_PresentLine                       0x2000015e   Data           2  auto_2.o(.data)
    g_Auto_LastCircleTime                    0x20000160   Data           4  auto_2.o(.data)
    g_Auto_Circle_Timer                      0x20000164   Data           4  auto_2.o(.data)
    g_Auto_ProduceCounter                    0x20000168   Data           4  auto_2.o(.data)
    g_LC_Program_Step_Run                    0x2000016c   Data           1  auto_2.o(.data)
    g_LC_Step_Control                        0x2000016d   Data           1  auto_2.o(.data)
    g_LC_Load_Finish                         0x2000016e   Data           1  auto_2.o(.data)
    g_LC_Load_Permit                         0x2000016f   Data           1  auto_2.o(.data)
    g_LC_UnLoad_Finish                       0x20000170   Data           1  auto_2.o(.data)
    g_LC_UnLoad_Permit                       0x20000171   Data           1  auto_2.o(.data)
    g_Read_LC_Load_Program                   0x20000172   Data           1  auto_2.o(.data)
    g_Read_LC_UnLoad_Program                 0x20000173   Data           1  auto_2.o(.data)
    g_LC_PresentLine                         0x20000174   Data           1  auto_2.o(.data)
    g_Start_Action_PresentLine               0x20000175   Data           1  auto_2.o(.data)
    g_Start_Step_Control                     0x20000176   Data           1  auto_2.o(.data)
    g_Reset_Action_PresentLine               0x20000177   Data           1  auto_2.o(.data)
    g_Reset_Step_Control                     0x20000178   Data           1  auto_2.o(.data)
    g_Auto_Order_Start                       0x20000179   Data           1  auto_2.o(.data)
    g_Auto_Order_Pause                       0x2000017a   Data           1  auto_2.o(.data)
    g_Auto_Order_Stop                        0x2000017b   Data           1  auto_2.o(.data)
    g_Auto_Order_StackReset                  0x2000017c   Data           1  auto_2.o(.data)
    g_Auto_ActionRun_Timer                   0x20000180   Data           4  auto_2.o(.data)
    g_Auto_ActionRun_Step                    0x20000184   Data           1  auto_2.o(.data)
    g_Auto_ActionTimeOut_Time                0x20000188   Data           4  auto_2.o(.data)
    g_Auto_ActionTimeOut_Flag                0x2000018c   Data           1  auto_2.o(.data)
    g_Auto_ActionError_Flag                  0x2000018d   Data           1  auto_2.o(.data)
    g_Auto_WorkFinished_Flag                 0x2000018e   Data           1  auto_2.o(.data)
    g_Material_Load_Disk_Finished            0x2000018f   Data           1  auto_2.o(.data)
    g_Material_UnLoad_Disk_Finished          0x20000190   Data           1  auto_2.o(.data)
    Action_Step_List_Num                     0x20000191   Data           1  auto_2.o(.data)
    Action_Step_Run_Num                      0x20000192   Data           1  auto_2.o(.data)
    Action_Step_Confirm_Num                  0x20000193   Data           1  auto_2.o(.data)
    g_Material_Disk_Mode                     0x20000194   Data           1  auto_2.o(.data)
    g_Read_Load_LC_Position                  0x20000195   Data           1  auto_2.o(.data)
    g_Read_UnLoad_LC_Position                0x20000196   Data           1  auto_2.o(.data)
    g_LC_ActionRun_Step                      0x20000197   Data           1  auto_2.o(.data)
    g_LC_ActionRun_Timer                     0x20000198   Data           4  auto_2.o(.data)
    g_LC_ActionTimeOut_Time                  0x2000019c   Data           4  auto_2.o(.data)
    g_Start_ActionRun_Step                   0x200001a0   Data           1  auto_2.o(.data)
    g_Reset_ActionRun_Step                   0x200001a1   Data           1  auto_2.o(.data)
    g_Load_LC_Key                            0x200001a2   Data           2  auto_2.o(.data)
    g_Load_LC_Present_Position_X             0x200001a4   Data           4  auto_2.o(.data)
    g_Load_LC_Present_Position_L             0x200001a8   Data           4  auto_2.o(.data)
    g_Load_LC_Position_XKey                  0x200001ac   Data           1  auto_2.o(.data)
    g_Load_LC_Position_LKey                  0x200001ad   Data           1  auto_2.o(.data)
    g_UnLoad_LC_Key                          0x200001ae   Data           2  auto_2.o(.data)
    g_UnLoad_LC_Present_Position_X           0x200001b0   Data           4  auto_2.o(.data)
    g_UnLoad_LC_Present_Position_L           0x200001b4   Data           4  auto_2.o(.data)
    g_UnLoad_LC_Position_XKey                0x200001b8   Data           1  auto_2.o(.data)
    g_UnLoad_LC_Position_LKey                0x200001b9   Data           1  auto_2.o(.data)
    HT_Height                                0x200001bc   Data           4  auto_2.o(.data)
    LC_Height                                0x200001c0   Data           4  auto_2.o(.data)
    Glue_Time                                0x200001c4   Data           4  auto_2.o(.data)
    Delay_Time                               0x200001c8   Data           4  auto_2.o(.data)
    HT_Flag                                  0x200001cc   Data           1  auto_2.o(.data)
    LC_Empty_Flag                            0x200001cd   Data           1  auto_2.o(.data)
    LC_Pause_Correct                         0x200001ce   Data           1  auto_2.o(.data)
    DJ_Over                                  0x200001cf   Data           1  auto_2.o(.data)
    DZ_Over                                  0x200001d0   Data           1  auto_2.o(.data)
    Confirm_Order_Num                        0x200001d2   Data           2  auto_2.o(.data)
    X_Speed                                  0x200001d4   Data           2  auto_2.o(.data)
    Z_Speed                                  0x200001d6   Data           2  auto_2.o(.data)
    Y_Speed                                  0x200001d8   Data           2  auto_2.o(.data)
    O_Speed                                  0x200001da   Data           2  auto_2.o(.data)
    A_Speed                                  0x200001dc   Data           2  auto_2.o(.data)
    B_Speed                                  0x200001de   Data           2  auto_2.o(.data)
    Servo_Control_Mode                       0x200001e0   Data           1  speedcontrol.o(.data)
    Pulse_TotalCounter                       0x200001e4   Data          24  speedcontrol.o(.data)
    PULSE_MINHALF_PERIOD                     0x200001fc   Data           4  speedcontrol.o(.data)
    Pulse_PresentHalfPeriod                  0x20000200   Data          24  speedcontrol.o(.data)
    Pulse_InitialHalfPeriod                  0x20000218   Data          24  speedcontrol.o(.data)
    Pulse_Maxspeed_HalfPeriod                0x20000230   Data          24  speedcontrol.o(.data)
    SpeedUp_Min_Acceleration                 0x20000248   Data           1  speedcontrol.o(.data)
    Present_SpeedUp_Jerk                     0x2000024a   Data          12  speedcontrol.o(.data)
    Present_SpeedUp_Max_Acceleration         0x20000256   Data          12  speedcontrol.o(.data)
    Pulse_Record_Flag                        0x20000262   Data           6  speedcontrol.o(.data)
    Pulse_PresentAcceleration                0x20000268   Data          12  speedcontrol.o(.data)
    Pulse_Present_MaxSpeed                   0x20000274   Data          24  speedcontrol.o(.data)
    Pulse_ControlStep                        0x200002d4   Data          24  speedcontrol.o(.data)
    A_List                                   0x200002ec   Data           6  speedcontrol.o(.data)
    SpeedUp_Jerk                             0x200002f4   Data           4  speedcontrol.o(.data)
    SpeedUp_Max_Acceleration                 0x200002f8   Data           4  speedcontrol.o(.data)
    SpeedUp_Jerk1                            0x200002fc   Data          20  speedcontrol.o(.data)
    SpeedUp_Max_Acceleration1                0x20000310   Data          20  speedcontrol.o(.data)
    SpeedUp_Jerk2                            0x20000324   Data          20  speedcontrol.o(.data)
    SpeedUp_Max_Acceleration2                0x20000338   Data          20  speedcontrol.o(.data)
    SpeedUp_Jerk3                            0x2000034c   Data          20  speedcontrol.o(.data)
    SpeedUp_Max_Acceleration3                0x20000360   Data          20  speedcontrol.o(.data)
    SpeedUp_Max_A_X                          0x20000374   Data           2  speedcontrol.o(.data)
    SpeedUp_Max_A_Z                          0x20000376   Data           2  speedcontrol.o(.data)
    SpeedUp_Max_A_L                          0x20000378   Data           2  speedcontrol.o(.data)
    SpeedUp_Max_A_O                          0x2000037a   Data           2  speedcontrol.o(.data)
    SpeedUp_Max_Acceleration_Sheet           0x2000037c   Data         162  speedcontrol.o(.data)
    Timer_Enable_X                           0x2000041e   Data           1  speedcontrol.o(.data)
    Timer_Enable_Z                           0x2000041f   Data           1  speedcontrol.o(.data)
    Timer_Enable_L                           0x20000420   Data           1  speedcontrol.o(.data)
    Timer_Enable_O                           0x20000421   Data           1  speedcontrol.o(.data)
    Timer_Enable_A                           0x20000422   Data           1  speedcontrol.o(.data)
    Timer_Enable_B                           0x20000423   Data           1  speedcontrol.o(.data)
    pulse_Present_MaxSpeed                   0x20000424   Data           4  speedcontrol.o(.data)
    servo_Pulse_Count                        0x20000428   Data           4  speedcontrol.o(.data)
    Sheet_Position                           0x2000042c   Data           6  speedcontrol.o(.data)
    Speed_Up_Flag                            0x20000432   Data           6  speedcontrol.o(.data)
    Speed_Down_Flag                          0x20000438   Data           6  speedcontrol.o(.data)
    StartReceiveDataFlag                     0x2000043e   Data           1  usart.o(.data)
    USART1ErrorFlag                          0x2000043f   Data           1  usart.o(.data)
    ReceiveDataBufferOverflow                0x20000440   Data           1  usart.o(.data)
    NewOrder                                 0x20000441   Data           1  usart.o(.data)
    UsartDataDecodeFlag                      0x20000442   Data           1  usart.o(.data)
    StartReceiveDataTimeFlag                 0x20000443   Data           1  usart.o(.data)
    StartReceiveDataTime                     0x20000444   Data           1  usart.o(.data)
    ReceiveDataCounter                       0x20000445   Data           1  usart.o(.data)
    ReceiveDataLen                           0x20000446   Data           1  usart.o(.data)
    temp                                     0x20000447   Data           6  usart.o(.data)
    Origin_data                              0x2000044d   Data           3  usart.o(.data)
    X_Axsis_Maxlength                        0x20000450   Data           4  parameter.o(.data)
    Z_Axsis_Maxlength                        0x20000454   Data           4  parameter.o(.data)
    L_Axsis_Maxlength                        0x20000458   Data           4  parameter.o(.data)
    O_Axsis_Maxlength                        0x2000045c   Data           4  parameter.o(.data)
    A_Axsis_Maxlength                        0x20000460   Data           4  parameter.o(.data)
    B_Axsis_Maxlength                        0x20000464   Data           4  parameter.o(.data)
    X_Axsis_Minlength                        0x20000468   Data           4  parameter.o(.data)
    Z_Axsis_Minlength                        0x2000046c   Data           4  parameter.o(.data)
    L_Axsis_Minlength                        0x20000470   Data           4  parameter.o(.data)
    O_Axsis_Minlength                        0x20000474   Data           4  parameter.o(.data)
    A_Axsis_Minlength                        0x20000478   Data           4  parameter.o(.data)
    B_Axsis_Minlength                        0x2000047c   Data           4  parameter.o(.data)
    X_Axsis_Minlength_Can                    0x20000480   Data           4  parameter.o(.data)
    Z_Axsis_Minlength_Can                    0x20000484   Data           4  parameter.o(.data)
    L_Axsis_Minlength_Can                    0x20000488   Data           4  parameter.o(.data)
    O_Axsis_Minlength_Can                    0x2000048c   Data           4  parameter.o(.data)
    A_Axsis_Minlength_Can                    0x20000490   Data           4  parameter.o(.data)
    B_Axsis_Minlength_Can                    0x20000494   Data           4  parameter.o(.data)
    X_Axsis_Maxlength_Can                    0x20000498   Data           4  parameter.o(.data)
    Z_Axsis_Maxlength_Can                    0x2000049c   Data           4  parameter.o(.data)
    L_Axsis_Maxlength_Can                    0x200004a0   Data           4  parameter.o(.data)
    O_Axsis_Maxlength_Can                    0x200004a4   Data           4  parameter.o(.data)
    A_Axsis_Maxlength_Can                    0x200004a8   Data           4  parameter.o(.data)
    B_Axsis_Maxlength_Can                    0x200004ac   Data           4  parameter.o(.data)
    LC_Load_Pre_ListX                        0x200004b0   Data           1  parameter.o(.data)
    LC_Load_Pre_ListY                        0x200004b1   Data           1  parameter.o(.data)
    LC_Load_Pre_ListO_Get                    0x200004b2   Data           1  parameter.o(.data)
    LC_Load_Pre_ListO_Place                  0x200004b3   Data           1  parameter.o(.data)
    LC_UnLoad_Pre_ListX                      0x200004b4   Data           1  parameter.o(.data)
    LC_UnLoad_Pre_ListY                      0x200004b5   Data           1  parameter.o(.data)
    LC_UnLoad_Pre_ListO                      0x200004b6   Data           1  parameter.o(.data)
    LC_UnLoad_Pre_ListZ                      0x200004b7   Data           1  parameter.o(.data)
    LC_UnLoad_ZAxis_Num                      0x200004b8   Data           1  parameter.o(.data)
    g_DD_ResetAction                         0x200004b9   Data           1  parameter.o(.data)
    Parameter_Temp                           0x200004bc   Data           4  parameter.o(.data)
    PVD_data                                 0x200004c0   Data           4  parameter.o(.data)
    Temp_Code                                0x200004c4   Data           1  parameter.o(.data)
    Temp_Num                                 0x200004c5   Data           1  parameter.o(.data)
    Program_IIC_Address                      0x200004c8   Data        1248  parameter.o(.data)
    SaveProgram_IIC_Address                  0x200009a8   Data           2  parameter.o(.data)
    SaveProgram_IIC_Num                      0x200009aa   Data           1  parameter.o(.data)
    Start_Recieve_Program_Flag               0x200009ab   Data           1  parameter.o(.data)
    Program_From_UDisk_Flag                  0x200009ac   Data           1  parameter.o(.data)
    Current_Delete_Program                   0x200009ad   Data           1  parameter.o(.data)
    Current_Delete_XZPoint                   0x200009ae   Data           1  parameter.o(.data)
    Current_Delete_LOPoint                   0x200009af   Data           1  parameter.o(.data)
    g_Run_Program_Num                        0x200009b0   Data           1  parameter.o(.data)
    Search_Time                              0x200009b1   Data           6  parameter.o(.data)
    Send_Time                                0x200009b7   Data           1  parameter.o(.data)
    temp_Program_Code                        0x200009b8   Data           4  parameter.o(.data)
    Product_Num                              0x200009bc   Data           1  parameter.o(.data)
    LC_ID                                    0x200009bd   Data           1  parameter.o(.data)
    Pluse_Div                                0x200009be   Data          20  parameter.o(.data)
    g_ActionDelay_Step                       0x200009d4   Data           1  actionoperate.o(.data)
    g_ActionDelay_Timer                      0x200009d8   Data           4  actionoperate.o(.data)
    Action_Delay_Finish                      0x200009dc   Data           1  actionoperate.o(.data)
    g_DianJiao_Delay_Step                    0x200009dd   Data           1  actionoperate.o(.data)
    g_DianJiao_Delay_Timer                   0x200009e0   Data           4  actionoperate.o(.data)
    g_Delay_Timer                            0x200009e4   Data           2  actionoperate.o(.data)
    g_Delay_Timer_Flag                       0x200009e6   Data           1  actionoperate.o(.data)
    HT_Position                              0x200009e8   Data           4  actionoperate.o(.data)
    Z_Position                               0x200009ec   Data           4  actionoperate.o(.data)
    IO_Flag                                  0x200009f0   Data           1  actionoperate.o(.data)
    g_Key_Delay_Flag                         0x200009f1   Data           1  actionoperate.o(.data)
    g_Key_Delay_Timer                        0x200009f4   Data           4  actionoperate.o(.data)
    g_LC_Key_Delay_Flag                      0x200009f8   Data           1  actionoperate.o(.data)
    g_LC_Key_Delay_Timer                     0x200009fc   Data           4  actionoperate.o(.data)
    g_Axis_Delay_Flag                        0x20000a00   Data           1  actionoperate.o(.data)
    g_Axis_Delay_Done                        0x20000a01   Data           1  actionoperate.o(.data)
    g_Axis_Delay_Timer                       0x20000a04   Data           4  actionoperate.o(.data)
    g_Program_Start_Action                   0x20000a08   Data           1  actionoperate.o(.data)
    g_Program_Start_Action_Done              0x20000a09   Data           1  actionoperate.o(.data)
    g_Program_Reset_Action                   0x20000a0a   Data           1  actionoperate.o(.data)
    g_Program_Reset_Action_Done              0x20000a0b   Data           1  actionoperate.o(.data)
    Action_Flag                              0x20000a0c   Data           1  actionoperate.o(.data)
    g_LCDelay_Step                           0x20000a0d   Data           1  actionoperate.o(.data)
    g_LCDelay_Timer                          0x20000a10   Data           4  actionoperate.o(.data)
    CAN_Servo_Stop_Status                    0x20000a14   Data           7  speedcontrol_can.o(.data)
    CAN_Servo_Stop_Action                    0x20000a1b   Data           7  speedcontrol_can.o(.data)
    Flag_ARM_Homing                          0x20000a22   Data           1  homing.o(.data)
    Flag_Led                                 0x20000a23   Data           1  homing.o(.data)
    Flag_Homing_Switch                       0x20000a24   Data           1  homing.o(.data)
    Flag_Homing_Switch_S                     0x20000a25   Data           1  homing.o(.data)
    Flag_ARM_Homing_x                        0x20000a26   Data           1  homing.o(.data)
    Flag_ARM_Homing_z                        0x20000a27   Data           1  homing.o(.data)
    Flag_ARM_Homing_o                        0x20000a28   Data           1  homing.o(.data)
    Flag_ARM_Homing_l                        0x20000a29   Data           1  homing.o(.data)
    Flag_ARM_Homing_a                        0x20000a2a   Data           1  homing.o(.data)
    Flag_ARM_Homing_b                        0x20000a2b   Data           1  homing.o(.data)
    State_Machine                            0x20000a2c   Data           1  canopen.o(.data)
    Function_Code                            0x20000a2d   Data           1  canopen.o(.data)
    ServoNodeID_0                            0x20000a2e   Data           1  canopen.o(.data)
    ServoNodeID_1                            0x20000a2f   Data           1  canopen.o(.data)
    ServoNodeID_2                            0x20000a30   Data           1  canopen.o(.data)
    ServoNodeID_3                            0x20000a31   Data           1  canopen.o(.data)
    ServoNodeID_4                            0x20000a32   Data           1  canopen.o(.data)
    ServoNodeID_5                            0x20000a33   Data           1  canopen.o(.data)
    ServoNodeID_6                            0x20000a34   Data           1  canopen.o(.data)
    Flag_Reached_Point                       0x20000a35   Data           1  canopen.o(.data)
    Reached                                  0x20000a36   Data           1  canopen.o(.data)
    Set_Point_Acknowledge                    0x20000a37   Data           1  canopen.o(.data)
    Change_Velocity                          0x20000a38   Data           1  canopen.o(.data)
    Flag_Chang_Operation_Mode                0x20000a39   Data           1  canopen.o(.data)
    Servo_Node_ID                            0x20000a3a   Data           1  canopen.o(.data)
    CAN_Recieve_Data                         0x20000a3b   Data           8  canopen.o(.data)
    Servo_Operate_Mode                       0x20000a43   Data           1  canopen.o(.data)
    Controlword                              0x20000a44   Data           2  canopen.o(.data)
    COB_ID                                   0x20000a46   Data           2  canopen.o(.data)
    Command_Specifier                        0x20000a48   Data           2  canopen.o(.data)
    CANopen_k                                0x20000a4c   Data           4  canopen.o(.data)
    Target_Servo_Position                    0x20000a50   Data           4  canopen.o(.data)
    Target_Servo_Velocity                    0x20000a54   Data           4  canopen.o(.data)
    Target_Servo_Acceleration                0x20000a58   Data           4  canopen.o(.data)
    Target_Servo_Deceleration                0x20000a5c   Data           4  canopen.o(.data)
    NMT_TransmitMailbox                      0x20000a60   Data           1  nmt.o(.data)
    Flag_Get_Node_State                      0x20000a61   Data           1  nmt.o(.data)
    PDO_TransmitMailbox                      0x20000a64   Data           1  pdo.o(.data)
    PDO_Position                             0x20000a68   Data           4  pdo.o(.data)
    PDO_Velocity                             0x20000a6c   Data           4  pdo.o(.data)
    Flag_Query_Status_Position               0x20000a70   Data           1  pdo.o(.data)
    Change_Set_Immediately                   0x20000a71   Data           1  pdo.o(.data)
    Axsis_Stop_Flag                          0x20000a72   Data           6  pdo.o(.data)
    STD_ID                                   0x20000a78   Data           2  pdo.o(.data)
    Set_Halt_Flag                            0x20000a7a   Data           6  pdo.o(.data)
    SDO_TransmitMailbox                      0x20000a80   Data           1  sdo.o(.data)
    W25QXX_BUFFER                            0x20000a84   Data        4096  w25qxx.o(.bss)
    Puls_Delay_Time                          0x20001a84   Data          50  auto.o(.bss)
    Puls_Delay_Enable                        0x20001ab6   Data          50  auto.o(.bss)
    Product_Position                         0x20001ae8   Data          40  auto.o(.bss)
    Read_IIC_Auto_Program                    0x20001b10   Data          16  auto.o(.bss)
    Temp_IIC                                 0x20001b34   Data          24  manual.o(.bss)
    Real_Time_Position_1                     0x20001b4c   Data          24  manual.o(.bss)
    Real_Time_Position                       0x20001b64   Data          24  manual.o(.bss)
    Pre_Real_Time_Position_1                 0x20001b7c   Data          24  manual.o(.bss)
    LC_Count_X                               0x20001b94   Data          10  manual.o(.bss)
    LC_Count_Y                               0x20001b9e   Data          10  manual.o(.bss)
    Action_Step_List                         0x20001bb2   Data          12  auto_2.o(.bss)
    LC_Count_X1                              0x20001bbe   Data          10  auto_2.o(.bss)
    LC_Count_Y1                              0x20001bc8   Data          10  auto_2.o(.bss)
    Servo_Pulse_Count                        0x20001bd4   Data          24  speedcontrol.o(.bss)
    Pulse_Counter                            0x20001bec   Data          24  speedcontrol.o(.bss)
    Pulse_Maxspeed_HalfPeriod_i              0x20001c04   Data          24  speedcontrol.o(.bss)
    Delta_Present_MaxSpeed                   0x20001c1c   Data          24  speedcontrol.o(.bss)
    Period_Counter_Acceleration              0x20001c34   Data          24  speedcontrol.o(.bss)
    Delta_Speed_Frequency                    0x20001cc4   Data          24  speedcontrol.o(.bss)
    Amin_Counter                             0x20001cdc   Data          24  speedcontrol.o(.bss)
    Present_Pulse_SpeedControlStep_Counter   0x20001cf4   Data          24  speedcontrol.o(.bss)
    SpeedUp_Pulse_Counter                    0x20001d54   Data          24  speedcontrol.o(.bss)
    SpeedUp_Max_A                            0x20001d6c   Data          12  speedcontrol.o(.bss)
    SendDataBuffer                           0x20001d78   Data          60  usart.o(.bss)
    ReceiveDataBuffer                        0x20001db4   Data          60  usart.o(.bss)
    UsartReceiveData                         0x20001df0   Data          60  usart.o(.bss)
    Robot_SoftLimit                          0x20001e2c   Data          48  parameter.o(.bss)
    Robot_Safe_Area                          0x20001e5c   Data          60  parameter.o(.bss)
    JXS_Parameter                            0x20001e98   Data         104  parameter.o(.bss)
    LC_Load_Position                         0x20001f00   Data        3200  parameter.o(.bss)
    LC_UnLoad_Position                       0x20002b80   Data        3200  parameter.o(.bss)
    LC_Load_OAxis_Position                   0x20003800   Data         200  parameter.o(.bss)
    LC_UnLoad_OAxis_Position                 0x200038c8   Data         200  parameter.o(.bss)
    SC_Parameter                             0x20003990   Data          20  parameter.o(.bss)
    IIC_Parameter                            0x200039a4   Data         100  parameter.o(.bss)
    Free_Program_Operate                     0x20003a08   Data        1036  parameter.o(.bss)
    LC_Load_Program_Operate                  0x20003e14   Data        1036  parameter.o(.bss)
    LC_UnLoad_Program_Operate                0x20004220   Data        1036  parameter.o(.bss)
    Start_Action_Program_Operate             0x2000462c   Data        1036  parameter.o(.bss)
    Reset_Action_Program_Operate             0x20004a38   Data        1036  parameter.o(.bss)
    Program_Data_Temp                        0x20004e44   Data        1600  parameter.o(.bss)
    adrees_temp                              0x20005484   Data          10  parameter.o(.bss)
    Delete_temp                              0x2000548e   Data          20  parameter.o(.bss)
    Manul_Save_PointX                        0x200054a4   Data          12  parameter.o(.bss)
    Manul_Save_PointZ                        0x200054b0   Data          12  parameter.o(.bss)
    Manul_Save_PointL                        0x200054bc   Data          12  parameter.o(.bss)
    Manul_Save_PointO                        0x200054c8   Data          12  parameter.o(.bss)
    Saved_Program                            0x200054d4   Data        2080  parameter.o(.bss)
    Program_Flag                             0x20005cf4   Data         104  parameter.o(.bss)
    LC_Load_Table                            0x20005d5c   Data       35200  parameter.o(.bss)
    Free_Program_Operate1                    0x2000e6dc   Data        1036  parameter.o(.bss)
    LC_Parameter_Load                        0x2000eae8   Data         560  parameter.o(.bss)
    NMT_TxMessage                            0x2000ed18   Data          20  nmt.o(.bss)
    PDO_TxMessage                            0x2000ed2c   Data          20  pdo.o(.bss)
    Actual_Status_1                          0x2000ed40   Data          12  pdo.o(.bss)
    Actual_Status                            0x2000ed4c   Data          12  pdo.o(.bss)
    Homing_attained_status                   0x2000ed58   Data          12  pdo.o(.bss)
    Target_Rreached                          0x2000ed64   Data          12  pdo.o(.bss)
    Pre_Position                             0x2000ed70   Data          24  pdo.o(.bss)
    Cur_Position                             0x2000ed88   Data          24  pdo.o(.bss)
    SDO_TxMessage                            0x2000eda0   Data          20  sdo.o(.bss)
    SDO_Message                              0x2000edb4   Data          14  sdo.o(.bss)
    __libspace_start                         0x2000edc4   Data          96  libspace.o(.bss)
    __temporary_stack_top$libspace           0x2000ee24   Data           0  libspace.o(.bss)



==============================================================================

Memory Map of the image

  Image Entry point : 0x08000131

  Load Region LR_IROM1 (Base: 0x08000000, Size: 0x00013324, Max: 0x00080000, ABSOLUTE, COMPRESSED[0x00012a14])

    Execution Region ER_IROM1 (Base: 0x08000000, Size: 0x000128a0, Max: 0x00080000, ABSOLUTE)

    Base Addr    Size         Type   Attr      Idx    E Section Name        Object

    0x08000000   0x00000130   Data   RO          381    RESET               stm32f10x_vector.o
    0x08000130   0x00000008   Code   RO         1082  * !!!main             c_w.l(__main.o)
    0x08000138   0x00000034   Code   RO         1270    !!!scatter          c_w.l(__scatter.o)
    0x0800016c   0x0000005a   Code   RO         1268    !!dczerorl2         c_w.l(__dczerorl2.o)
    0x080001c6   0x00000002   PAD
    0x080001c8   0x0000001c   Code   RO         1272    !!handler_zi        c_w.l(__scatter_zi.o)
    0x080001e4   0x00000002   Code   RO         1138    .ARM.Collect$$libinit$$00000000  c_w.l(libinit.o)
    0x080001e6   0x00000000   Code   RO         1145    .ARM.Collect$$libinit$$00000002  c_w.l(libinit2.o)
    0x080001e6   0x00000000   Code   RO         1147    .ARM.Collect$$libinit$$00000004  c_w.l(libinit2.o)
    0x080001e6   0x00000000   Code   RO         1150    .ARM.Collect$$libinit$$0000000A  c_w.l(libinit2.o)
    0x080001e6   0x00000000   Code   RO         1152    .ARM.Collect$$libinit$$0000000C  c_w.l(libinit2.o)
    0x080001e6   0x00000000   Code   RO         1154    .ARM.Collect$$libinit$$0000000E  c_w.l(libinit2.o)
    0x080001e6   0x00000000   Code   RO         1157    .ARM.Collect$$libinit$$00000011  c_w.l(libinit2.o)
    0x080001e6   0x00000000   Code   RO         1159    .ARM.Collect$$libinit$$00000013  c_w.l(libinit2.o)
    0x080001e6   0x00000000   Code   RO         1161    .ARM.Collect$$libinit$$00000015  c_w.l(libinit2.o)
    0x080001e6   0x00000000   Code   RO         1163    .ARM.Collect$$libinit$$00000017  c_w.l(libinit2.o)
    0x080001e6   0x00000000   Code   RO         1165    .ARM.Collect$$libinit$$00000019  c_w.l(libinit2.o)
    0x080001e6   0x00000000   Code   RO         1167    .ARM.Collect$$libinit$$0000001B  c_w.l(libinit2.o)
    0x080001e6   0x00000000   Code   RO         1169    .ARM.Collect$$libinit$$0000001D  c_w.l(libinit2.o)
    0x080001e6   0x00000000   Code   RO         1171    .ARM.Collect$$libinit$$0000001F  c_w.l(libinit2.o)
    0x080001e6   0x00000000   Code   RO         1173    .ARM.Collect$$libinit$$00000021  c_w.l(libinit2.o)
    0x080001e6   0x00000000   Code   RO         1175    .ARM.Collect$$libinit$$00000023  c_w.l(libinit2.o)
    0x080001e6   0x00000000   Code   RO         1177    .ARM.Collect$$libinit$$00000025  c_w.l(libinit2.o)
    0x080001e6   0x00000000   Code   RO         1181    .ARM.Collect$$libinit$$0000002C  c_w.l(libinit2.o)
    0x080001e6   0x00000000   Code   RO         1183    .ARM.Collect$$libinit$$0000002E  c_w.l(libinit2.o)
    0x080001e6   0x00000000   Code   RO         1185    .ARM.Collect$$libinit$$00000030  c_w.l(libinit2.o)
    0x080001e6   0x00000000   Code   RO         1187    .ARM.Collect$$libinit$$00000032  c_w.l(libinit2.o)
    0x080001e6   0x00000002   Code   RO         1188    .ARM.Collect$$libinit$$00000033  c_w.l(libinit2.o)
    0x080001e8   0x00000002   Code   RO         1208    .ARM.Collect$$libshutdown$$00000000  c_w.l(libshutdown.o)
    0x080001ea   0x00000000   Code   RO         1221    .ARM.Collect$$libshutdown$$00000002  c_w.l(libshutdown2.o)
    0x080001ea   0x00000000   Code   RO         1223    .ARM.Collect$$libshutdown$$00000004  c_w.l(libshutdown2.o)
    0x080001ea   0x00000000   Code   RO         1226    .ARM.Collect$$libshutdown$$00000007  c_w.l(libshutdown2.o)
    0x080001ea   0x00000000   Code   RO         1229    .ARM.Collect$$libshutdown$$0000000A  c_w.l(libshutdown2.o)
    0x080001ea   0x00000000   Code   RO         1231    .ARM.Collect$$libshutdown$$0000000C  c_w.l(libshutdown2.o)
    0x080001ea   0x00000000   Code   RO         1234    .ARM.Collect$$libshutdown$$0000000F  c_w.l(libshutdown2.o)
    0x080001ea   0x00000002   Code   RO         1235    .ARM.Collect$$libshutdown$$00000010  c_w.l(libshutdown2.o)
    0x080001ec   0x00000000   Code   RO         1104    .ARM.Collect$$rtentry$$00000000  c_w.l(__rtentry.o)
    0x080001ec   0x00000000   Code   RO         1115    .ARM.Collect$$rtentry$$00000002  c_w.l(__rtentry2.o)
    0x080001ec   0x00000006   Code   RO         1127    .ARM.Collect$$rtentry$$00000004  c_w.l(__rtentry4.o)
    0x080001f2   0x00000000   Code   RO         1117    .ARM.Collect$$rtentry$$00000009  c_w.l(__rtentry2.o)
    0x080001f2   0x00000004   Code   RO         1118    .ARM.Collect$$rtentry$$0000000A  c_w.l(__rtentry2.o)
    0x080001f6   0x00000000   Code   RO         1120    .ARM.Collect$$rtentry$$0000000C  c_w.l(__rtentry2.o)
    0x080001f6   0x00000008   Code   RO         1121    .ARM.Collect$$rtentry$$0000000D  c_w.l(__rtentry2.o)
    0x080001fe   0x00000002   Code   RO         1142    .ARM.Collect$$rtexit$$00000000  c_w.l(rtexit.o)
    0x08000200   0x00000000   Code   RO         1190    .ARM.Collect$$rtexit$$00000002  c_w.l(rtexit2.o)
    0x08000200   0x00000004   Code   RO         1191    .ARM.Collect$$rtexit$$00000003  c_w.l(rtexit2.o)
    0x08000204   0x00000006   Code   RO         1192    .ARM.Collect$$rtexit$$00000004  c_w.l(rtexit2.o)
    0x0800020a   0x00000002   PAD
    0x0800020c   0x00000370   Code   RO            1    .text               stm32f10x_usart.o
    0x0800057c   0x00000530   Code   RO           33    .text               stm32f10x_flash.o
    0x08000aac   0x0000032c   Code   RO           48    .text               stm32f10x_gpio.o
    0x08000dd8   0x000003d8   Code   RO          144    .text               stm32f10x_nvic.o
    0x080011b0   0x000003b0   Code   RO          168    .text               stm32f10x_rcc.o
    0x08001560   0x00000338   Code   RO          183    .text               stm32f10x_spi.o
    0x08001898   0x000000c2   Code   RO          195    .text               stm32f10x_systick.o
    0x0800195a   0x00000002   PAD
    0x0800195c   0x00000bac   Code   RO          207    .text               stm32f10x_tim.o
    0x08002508   0x00000140   Code   RO          243    .text               stm32f10x_exti.o
    0x08002648   0x00000834   Code   RO          303    .text               stm32f10x_can.o
    0x08002e7c   0x0000007a   Code   RO          375    .text               cortexm3_macro.o
    0x08002ef6   0x00000002   PAD
    0x08002ef8   0x00000024   Code   RO          382    .text               stm32f10x_vector.o
    0x08002f1c   0x00000074   Code   RO          386    .text               main.o
    0x08002f90   0x0000007c   Code   RO          457    .text               stm32f10x_it.o
    0x0800300c   0x000004a4   Code   RO          473    .text               tim6_usart1_irq.o
    0x080034b0   0x00000098   Code   RO          518    .text               delay.o
    0x08003548   0x000005b4   Code   RO          537    .text               in.o
    0x08003afc   0x00000ac8   Code   RO          559    .text               out.o
    0x080045c4   0x000005ac   Code   RO          577    .text               platform_init.o
    0x08004b70   0x0000034c   Code   RO          592    .text               pulseinit.o
    0x08004ebc   0x00000108   Code   RO          607    .text               spi.o
    0x08004fc4   0x00000358   Code   RO          622    .text               w25qxx.o
    0x0800531c   0x00000b80   Code   RO          648    .text               auto.o
    0x08005e9c   0x0000251c   Code   RO          689    .text               manual.o
    0x080083b8   0x00000914   Code   RO          713    .text               statuscontrol.o
    0x08008ccc   0x00000570   Code   RO          736    .text               signalwatch.o
    0x0800923c   0x00000a14   Code   RO          760    .text               error.o
    0x08009c50   0x00000220   Code   RO          786    .text               backtoorigin.o
    0x08009e70   0x00000e64   Code   RO          808    .text               auto_2.o
    0x0800acd4   0x0000108c   Code   RO          828    .text               speedcontrol.o
    0x0800bd60   0x000001b4   Code   RO          856    .text               usart.o
    0x0800bf14   0x00002ee8   Code   RO          875    .text               parameter.o
    0x0800edfc   0x000013ec   Code   RO          904    .text               actionoperate.o
    0x080101e8   0x00000220   Code   RO          930    .text               speedcontrol_can.o
    0x08010408   0x00000120   Code   RO          948    .text               homing.o
    0x08010528   0x000009bc   Code   RO          963    .text               canopen.o
    0x08010ee4   0x00000188   Code   RO         1010    .text               nmt.o
    0x0801106c   0x00000908   Code   RO         1030    .text               pdo.o
    0x08011974   0x00000750   Code   RO         1051    .text               sdo.o
    0x080120c4   0x00000064   Code   RO         1076    .text               c_w.l(rt_memcpy_w.o)
    0x08012128   0x0000004e   Code   RO         1078    .text               c_w.l(rt_memclr_w.o)
    0x08012176   0x00000006   Code   RO         1080    .text               c_w.l(heapauxi.o)
    0x0801217c   0x0000004a   Code   RO         1129    .text               c_w.l(sys_stackheap_outer.o)
    0x080121c6   0x00000012   Code   RO         1131    .text               c_w.l(exit.o)
    0x080121d8   0x00000008   Code   RO         1139    .text               c_w.l(libspace.o)
    0x080121e0   0x0000000c   Code   RO         1200    .text               c_w.l(sys_exit.o)
    0x080121ec   0x00000002   Code   RO         1211    .text               c_w.l(use_no_semi.o)
    0x080121ee   0x00000000   Code   RO         1213    .text               c_w.l(indicate_semi.o)
    0x080121ee   0x00000002   PAD
    0x080121f0   0x00000062   Code   RO         1084    x$fpl$d2f           fz_ws.l(d2f.o)
    0x08012252   0x00000002   PAD
    0x08012254   0x000002b0   Code   RO         1087    x$fpl$ddiv          fz_ws.l(ddiv.o)
    0x08012504   0x0000005a   Code   RO         1090    x$fpl$dfixu         fz_ws.l(dfixu.o)
    0x0801255e   0x00000026   Code   RO         1094    x$fpl$dfltu         fz_ws.l(dflt_clz.o)
    0x08012584   0x00000154   Code   RO         1100    x$fpl$dmul          fz_ws.l(dmul.o)
    0x080126d8   0x0000009c   Code   RO         1105    x$fpl$dnaninf       fz_ws.l(dnaninf.o)
    0x08012774   0x0000000c   Code   RO         1107    x$fpl$dretinf       fz_ws.l(dretinf.o)
    0x08012780   0x00000056   Code   RO         1102    x$fpl$f2d           fz_ws.l(f2d.o)
    0x080127d6   0x0000008c   Code   RO         1109    x$fpl$fnaninf       fz_ws.l(fnaninf.o)
    0x08012862   0x0000000a   Code   RO         1111    x$fpl$fretinf       fz_ws.l(fretinf.o)
    0x0801286c   0x00000000   Code   RO         1113    x$fpl$usenofp       fz_ws.l(usenofp.o)
    0x0801286c   0x00000014   Data   RO          169    .constdata          stm32f10x_rcc.o
    0x08012880   0x00000020   Data   RO         1266    Region$$Table       anon$$obj.o


    Execution Region RW_IRAM1 (Base: 0x20000000, Size: 0x0000f628, Max: 0x00010000, ABSOLUTE, COMPRESSED[0x00000174])

    Base Addr    Size         Type   Attr      Idx    E Section Name        Object

    0x20000000   0x00000008   Data   RW          170    .data               stm32f10x_rcc.o
    0x20000008   0x00000004   Data   RW          520    .data               delay.o
    0x2000000c   0x00000009   Data   RW          538    .data               in.o
    0x20000015   0x00000005   Data   RW          560    .data               out.o
    0x2000001a   0x00000002   Data   RW          624    .data               w25qxx.o
    0x2000001c   0x00000069   Data   RW          650    .data               auto.o
    0x20000085   0x00000003   PAD
    0x20000088   0x00000054   Data   RW          691    .data               manual.o
    0x200000dc   0x0000003e   Data   RW          714    .data               statuscontrol.o
    0x2000011a   0x00000001   Data   RW          738    .data               signalwatch.o
    0x2000011b   0x00000001   PAD
    0x2000011c   0x00000018   Data   RW          761    .data               error.o
    0x20000134   0x00000026   Data   RW          787    .data               backtoorigin.o
    0x2000015a   0x00000002   PAD
    0x2000015c   0x00000084   Data   RW          810    .data               auto_2.o
    0x200001e0   0x0000025e   Data   RW          830    .data               speedcontrol.o
    0x2000043e   0x00000012   Data   RW          858    .data               usart.o
    0x20000450   0x00000582   Data   RW          877    .data               parameter.o
    0x200009d2   0x00000002   PAD
    0x200009d4   0x00000040   Data   RW          905    .data               actionoperate.o
    0x20000a14   0x0000000e   Data   RW          931    .data               speedcontrol_can.o
    0x20000a22   0x0000000a   Data   RW          949    .data               homing.o
    0x20000a2c   0x00000034   Data   RW          964    .data               canopen.o
    0x20000a60   0x00000002   Data   RW         1012    .data               nmt.o
    0x20000a62   0x00000002   PAD
    0x20000a64   0x0000001c   Data   RW         1032    .data               pdo.o
    0x20000a80   0x00000001   Data   RW         1053    .data               sdo.o
    0x20000a81   0x00000003   PAD
    0x20000a84   0x00001000   Zero   RW          623    .bss                w25qxx.o
    0x20001a84   0x0000009c   Zero   RW          649    .bss                auto.o
    0x20001b20   0x00000088   Zero   RW          690    .bss                manual.o
    0x20001ba8   0x0000000a   Zero   RW          737    .bss                signalwatch.o
    0x20001bb2   0x00000020   Zero   RW          809    .bss                auto_2.o
    0x20001bd2   0x00000002   PAD
    0x20001bd4   0x000001a4   Zero   RW          829    .bss                speedcontrol.o
    0x20001d78   0x000000b4   Zero   RW          857    .bss                usart.o
    0x20001e2c   0x0000ceec   Zero   RW          876    .bss                parameter.o
    0x2000ed18   0x00000014   Zero   RW         1011    .bss                nmt.o
    0x2000ed2c   0x00000074   Zero   RW         1031    .bss                pdo.o
    0x2000eda0   0x00000022   Zero   RW         1052    .bss                sdo.o
    0x2000edc2   0x00000002   PAD
    0x2000edc4   0x00000060   Zero   RW         1140    .bss                c_w.l(libspace.o)
    0x2000ee24   0x00000004   PAD
    0x2000ee28   0x00000400   Zero   RW          380    HEAP                stm32f10x_vector.o
    0x2000f228   0x00000400   Zero   RW          379    STACK               stm32f10x_vector.o


==============================================================================

Image component sizes


      Code (inc. data)   RO Data    RW Data    ZI Data      Debug   Object Name

      5100        432          0         64          0       8273   actionoperate.o
      2944        446          0        105        156       7801   auto.o
      3684        520          0        132         32      11221   auto_2.o
       544        110          0         38          0       2568   backtoorigin.o
      2492        100          0         52          0       7231   canopen.o
       122          0          0          0          0        412   cortexm3_macro.o
       152          4          0          4          0       1548   delay.o
      2580        274          0         24          0       5874   error.o
       288         36          0         10          0       1468   homing.o
      1460         76          0          9          0       3030   in.o
       116          8          0          0          0        547   main.o
      9500        898          0         84        136      10572   manual.o
       392         16          0          2         20       2541   nmt.o
      2760        158          0          5          0       2576   out.o
     12008        566          0       1410      52972      15486   parameter.o
      2312        148          0         28        116       6374   pdo.o
      1452         46          0          0          0       2703   platform_init.o
       844         22          0          0          0       1211   pulseinit.o
      1872         40          0          1         34       7837   sdo.o
      1392        162          0          1         10       2613   signalwatch.o
      4236        486          0        606        420      14827   speedcontrol.o
       544         56          0         14          0       2463   speedcontrol_can.o
       264         10          0          0          0       1141   spi.o
      2324        262          0         62          0       5502   statuscontrol.o
      2100         22          0          0          0       6094   stm32f10x_can.o
       320         14          0          0          0       2207   stm32f10x_exti.o
      1328         34          0          0          0      11358   stm32f10x_flash.o
       812         16          0          0          0      11627   stm32f10x_gpio.o
       124          0          0          0          0       6295   stm32f10x_it.o
         0          0          0          0          0      43776   stm32f10x_lib.o
       984         30          0          0          0       7260   stm32f10x_nvic.o
       944         44         20          8          0       8852   stm32f10x_rcc.o
       824          6          0          0          0       6434   stm32f10x_spi.o
       194          0          0          0          0       1617   stm32f10x_systick.o
      2988         16          0          0          0      24284   stm32f10x_tim.o
       880         12          0          0          0      38163   stm32f10x_usart.o
        36         22        304          0       2048        392   stm32f10x_vector.o
      1188        166          0          0          0       1921   tim6_usart1_irq.o
       436         50          0         18        180       3098   usart.o
       856         22          0          2       4096       4505   w25qxx.o

    ----------------------------------------------------------------------
     73400       5330        356       2692      60224     303702   Object Totals
         0          0         32          0          0          0   (incl. Generated)
         4          0          0         13          4          0   (incl. Padding)

    ----------------------------------------------------------------------

      Code (inc. data)   RO Data    RW Data    ZI Data      Debug   Library Member Name

        90          0          0          0          0          0   __dczerorl2.o
         8          0          0          0          0         68   __main.o
         0          0          0          0          0          0   __rtentry.o
        12          0          0          0          0          0   __rtentry2.o
         6          0          0          0          0          0   __rtentry4.o
        52          8          0          0          0          0   __scatter.o
        28          0          0          0          0          0   __scatter_zi.o
        18          0          0          0          0         80   exit.o
         6          0          0          0          0        152   heapauxi.o
         0          0          0          0          0          0   indicate_semi.o
         2          0          0          0          0          0   libinit.o
         2          0          0          0          0          0   libinit2.o
         2          0          0          0          0          0   libshutdown.o
         2          0          0          0          0          0   libshutdown2.o
         8          4          0          0         96         68   libspace.o
        78          0          0          0          0         80   rt_memclr_w.o
       100          0          0          0          0         80   rt_memcpy_w.o
         2          0          0          0          0          0   rtexit.o
        10          0          0          0          0          0   rtexit2.o
        12          4          0          0          0         68   sys_exit.o
        74          0          0          0          0         80   sys_stackheap_outer.o
         2          0          0          0          0         68   use_no_semi.o
        98          4          0          0          0         92   d2f.o
       688        140          0          0          0        208   ddiv.o
        90          4          0          0          0         92   dfixu.o
        38          0          0          0          0         68   dflt_clz.o
       340         12          0          0          0        104   dmul.o
       156          4          0          0          0         92   dnaninf.o
        12          0          0          0          0         68   dretinf.o
        86          4          0          0          0         84   f2d.o
       140          4          0          0          0         84   fnaninf.o
        10          0          0          0          0         68   fretinf.o
         0          0          0          0          0          0   usenofp.o

    ----------------------------------------------------------------------
      2180        188          0          0        100       1704   Library Totals
         8          0          0          0          4          0   (incl. Padding)

    ----------------------------------------------------------------------

      Code (inc. data)   RO Data    RW Data    ZI Data      Debug   Library Name

       514         16          0          0         96        744   c_w.l
      1658        172          0          0          0        960   fz_ws.l

    ----------------------------------------------------------------------
      2180        188          0          0        100       1704   Library Totals

    ----------------------------------------------------------------------

==============================================================================


      Code (inc. data)   RO Data    RW Data    ZI Data      Debug   

     75580       5518        356       2692      60324     300774   Grand Totals
     75580       5518        356        372      60324     300774   ELF Image Totals (compressed)
     75580       5518        356        372          0          0   ROM Totals

==============================================================================

    Total RO  Size (Code + RO Data)                75936 (  74.16kB)
    Total RW  Size (RW Data + ZI Data)             63016 (  61.54kB)
    Total ROM Size (Code + RO Data + RW Data)      76308 (  74.52kB)

==============================================================================

