<html>
<body>
<pre>
<h1>礦ision Build Log</h1>
<h2>Tool Versions:</h2>
IDE-Version: μVision V5.22.0.0
Copyright (C) 2016 ARM Ltd and ARM Germany GmbH. All rights reserved.
License Information: li dao, china, LIC=LSN01-CNT38-2ZNW4-F6PUP-U0XQY-DUNVB
 
Tool Versions:
Toolchain:       MDK-ARM Plus  Version: 5.22
Toolchain Path:  D:\keil_V5\ARM\ARMCC\Bin
C Compiler:      Armcc.exe V5.06 update 4 (build 422)
Assembler:       Armasm.exe V5.06 update 4 (build 422)
Linker/Locator:  ArmLink.exe V5.06 update 4 (build 422)
Library Manager: ArmAr.exe V5.06 update 4 (build 422)
Hex Converter:   FromElf.exe V5.06 update 4 (build 422)
CPU DLL:         SARMCM3.DLL V5.22
Dialog DLL:      DARMSTM.DLL V1.67.0.0
Target DLL:      Segger\JL2CM3.dll V2.99.23.0
Dialog DLL:      TARMSTM.DLL V1.66.0.0
 
<h2>Project:</h2>
E:\工程资料\19.6.12CanOpen（摇杆版）\19.6.12CanOpen_v1\KRBCNCR70-CNCRobotControlM-170925-2\JHRobotControl_105.uvprojx
Project File Date:  05/06/2019

<h2>Output:</h2>
*** Using Compiler 'V5.06 update 4 (build 422)', folder: 'D:\keil_V5\ARM\ARMCC\Bin'
Build target 'JHRobotControl'
compiling Auto_2.c...
StatusControl\Auto_2.c(161): warning:  #223-D: function "Order_Package" declared implicitly
  				Order_Package();	
StatusControl\Auto_2.c(229): warning:  #177-D: variable "Max_distance"  was declared but never referenced
  	u32 Axis_Distance[6]={0},Max_distance=0;
StatusControl\Auto_2.c(230): warning:  #177-D: variable "i"  was declared but never referenced
  	u8 i=0;
StatusControl\Auto_2.c(428): warning:  #223-D: function "Order_Package" declared implicitly
  					Order_Package();				
StatusControl\Auto_2.c: 4 warnings, 0 errors
linking...
Program Size: Code=75580 RO-data=356 RW-data=2692 ZI-data=60324  
FromELF: creating hex file...
".\Obj\JHRobotControl_105.axf" - 0 Error(s), 4 Warning(s).

<h2>Collection of Component include folders:</h2>
  E:\工程资料\19.6.12CanOpen（摇杆版）\19.6.12CanOpen_v1\KRBCNCR70-CNCRobotControlM-170925-2\RTE\_JHRobotControl
  D:\keil\Keil\STM32F1xx_DFP\2.1.0\Device\Include

<h2>Collection of Component Files used:</h2>
Build Time Elapsed:  00:00:04
</pre>
</body>
</html>
