Component: ARM Compiler 5.06 update 4 (build 422) Tool: armlink [4d35d2]

==============================================================================

Section Cross References

    startup_stm32f10x_cl.o(RESET) refers to startup_stm32f10x_cl.o(STACK) for __initial_sp
    startup_stm32f10x_cl.o(RESET) refers to startup_stm32f10x_cl.o(.text) for Reset_Handler
    startup_stm32f10x_cl.o(RESET) refers to stm32f10x_it.o(i.NMI_Handler) for NMI_Handler
    startup_stm32f10x_cl.o(RESET) refers to stm32f10x_it.o(i.HardFault_Handler) for HardFault_Handler
    startup_stm32f10x_cl.o(RESET) refers to stm32f10x_it.o(i.MemManage_Handler) for MemManage_Handler
    startup_stm32f10x_cl.o(RESET) refers to stm32f10x_it.o(i.BusFault_Handler) for BusFault_Handler
    startup_stm32f10x_cl.o(RESET) refers to stm32f10x_it.o(i.UsageFault_Handler) for UsageFault_Handler
    startup_stm32f10x_cl.o(RESET) refers to stm32f10x_it.o(i.SVC_Handler) for SVC_Handler
    startup_stm32f10x_cl.o(RESET) refers to stm32f10x_it.o(i.DebugMon_Handler) for DebugMon_Handler
    startup_stm32f10x_cl.o(RESET) refers to stm32f10x_it.o(i.PendSV_Handler) for PendSV_Handler
    startup_stm32f10x_cl.o(RESET) refers to stm32f10x_it.o(i.WWDG_IRQHandler) for WWDG_IRQHandler
    startup_stm32f10x_cl.o(RESET) refers to stm32f10x_it.o(i.PVD_IRQHandler) for PVD_IRQHandler
    startup_stm32f10x_cl.o(RESET) refers to stm32f10x_it.o(i.TAMPER_IRQHandler) for TAMPER_IRQHandler
    startup_stm32f10x_cl.o(RESET) refers to stm32f10x_it.o(i.RTC_IRQHandler) for RTC_IRQHandler
    startup_stm32f10x_cl.o(RESET) refers to stm32f10x_it.o(i.FLASH_IRQHandler) for FLASH_IRQHandler
    startup_stm32f10x_cl.o(RESET) refers to stm32f10x_it.o(i.RCC_IRQHandler) for RCC_IRQHandler
    startup_stm32f10x_cl.o(RESET) refers to stm32f10x_it.o(i.EXTI0_IRQHandler) for EXTI0_IRQHandler
    startup_stm32f10x_cl.o(RESET) refers to stm32f10x_it.o(i.EXTI1_IRQHandler) for EXTI1_IRQHandler
    startup_stm32f10x_cl.o(RESET) refers to stm32f10x_it.o(i.EXTI2_IRQHandler) for EXTI2_IRQHandler
    startup_stm32f10x_cl.o(RESET) refers to stm32f10x_it.o(i.EXTI3_IRQHandler) for EXTI3_IRQHandler
    startup_stm32f10x_cl.o(RESET) refers to stm32f10x_it.o(i.EXTI4_IRQHandler) for EXTI4_IRQHandler
    startup_stm32f10x_cl.o(RESET) refers to stm32f10x_it.o(i.DMA1_Channel1_IRQHandler) for DMA1_Channel1_IRQHandler
    startup_stm32f10x_cl.o(RESET) refers to stm32f10x_it.o(i.DMA1_Channel2_IRQHandler) for DMA1_Channel2_IRQHandler
    startup_stm32f10x_cl.o(RESET) refers to stm32f10x_it.o(i.DMA1_Channel3_IRQHandler) for DMA1_Channel3_IRQHandler
    startup_stm32f10x_cl.o(RESET) refers to stm32f10x_it.o(i.DMA1_Channel4_IRQHandler) for DMA1_Channel4_IRQHandler
    startup_stm32f10x_cl.o(RESET) refers to stm32f10x_it.o(i.DMA1_Channel5_IRQHandler) for DMA1_Channel5_IRQHandler
    startup_stm32f10x_cl.o(RESET) refers to stm32f10x_it.o(i.DMA1_Channel6_IRQHandler) for DMA1_Channel6_IRQHandler
    startup_stm32f10x_cl.o(RESET) refers to stm32f10x_it.o(i.DMA1_Channel7_IRQHandler) for DMA1_Channel7_IRQHandler
    startup_stm32f10x_cl.o(RESET) refers to stm32f10x_it.o(i.ADC1_2_IRQHandler) for ADC1_2_IRQHandler
    startup_stm32f10x_cl.o(RESET) refers to stm32f10x_it.o(i.EXTI9_5_IRQHandler) for EXTI9_5_IRQHandler
    startup_stm32f10x_cl.o(RESET) refers to stm32f10x_it.o(i.TIM1_BRK_IRQHandler) for TIM1_BRK_IRQHandler
    startup_stm32f10x_cl.o(RESET) refers to stm32f10x_it.o(i.TIM1_UP_IRQHandler) for TIM1_UP_IRQHandler
    startup_stm32f10x_cl.o(RESET) refers to stm32f10x_it.o(i.TIM1_TRG_COM_IRQHandler) for TIM1_TRG_COM_IRQHandler
    startup_stm32f10x_cl.o(RESET) refers to stm32f10x_it.o(i.TIM1_CC_IRQHandler) for TIM1_CC_IRQHandler
    startup_stm32f10x_cl.o(RESET) refers to stm32f10x_it.o(i.TIM2_IRQHandler) for TIM2_IRQHandler
    startup_stm32f10x_cl.o(RESET) refers to tim_usart_irq.o(i.TIM3_IRQHandler) for TIM3_IRQHandler
    startup_stm32f10x_cl.o(RESET) refers to tim_usart_irq.o(i.TIM4_IRQHandler) for TIM4_IRQHandler
    startup_stm32f10x_cl.o(RESET) refers to stm32f10x_it.o(i.I2C1_EV_IRQHandler) for I2C1_EV_IRQHandler
    startup_stm32f10x_cl.o(RESET) refers to stm32f10x_it.o(i.I2C1_ER_IRQHandler) for I2C1_ER_IRQHandler
    startup_stm32f10x_cl.o(RESET) refers to stm32f10x_it.o(i.I2C2_EV_IRQHandler) for I2C2_EV_IRQHandler
    startup_stm32f10x_cl.o(RESET) refers to stm32f10x_it.o(i.I2C2_ER_IRQHandler) for I2C2_ER_IRQHandler
    startup_stm32f10x_cl.o(RESET) refers to stm32f10x_it.o(i.SPI1_IRQHandler) for SPI1_IRQHandler
    startup_stm32f10x_cl.o(RESET) refers to stm32f10x_it.o(i.SPI2_IRQHandler) for SPI2_IRQHandler
    startup_stm32f10x_cl.o(RESET) refers to tim_usart_irq.o(i.USART1_IRQHandler) for USART1_IRQHandler
    startup_stm32f10x_cl.o(RESET) refers to tim_usart_irq.o(i.USART2_IRQHandler) for USART2_IRQHandler
    startup_stm32f10x_cl.o(RESET) refers to tim_usart_irq.o(i.USART3_IRQHandler) for USART3_IRQHandler
[...]
    XiZuan2                                  0x20001d26   Data           1  freeprogramme.o(.data)
    XiZuan3                                  0x20001d27   Data           1  freeprogramme.o(.data)
    XiZuan4                                  0x20001d28   Data           1  freeprogramme.o(.data)
    XiZuan5                                  0x20001d29   Data           1  freeprogramme.o(.data)
    XiZuan6                                  0x20001d2a   Data           1  freeprogramme.o(.data)
    XiZuan7                                  0x20001d2b   Data           1  freeprogramme.o(.data)
    XiZuan8                                  0x20001d2c   Data           1  freeprogramme.o(.data)
    ZuanTouXiaYi1                            0x20001d2d   Data           1  freeprogramme.o(.data)
    ZuanTouXiaYi2                            0x20001d2e   Data           1  freeprogramme.o(.data)
    ZuanTouXiaYi3                            0x20001d2f   Data           1  freeprogramme.o(.data)
    ZuanTouXiaYi4                            0x20001d30   Data           1  freeprogramme.o(.data)
    ZuanTouXiaYi5                            0x20001d31   Data           1  freeprogramme.o(.data)
    ZuanTouXiaYi6                            0x20001d32   Data           1  freeprogramme.o(.data)
    ZuanTouXiaYi7                            0x20001d33   Data           1  freeprogramme.o(.data)
    ZuanTouXiaYi8                            0x20001d34   Data           1  freeprogramme.o(.data)
    IO_Choose                                0x20001d38   Data           4  freeprogramme.o(.data)
    Delay_Time                               0x20001d3c   Data           2  freeprogramme.o(.data)
    Now_LC_Choose_1                          0x20001d3e   Data           1  freeprogramme.o(.data)
    Now_LC_Choose_2                          0x20001d3f   Data           1  freeprogramme.o(.data)
    Now_LC_Choose_3                          0x20001d40   Data           1  freeprogramme.o(.data)
    Now_LC_Choose_4                          0x20001d41   Data           1  freeprogramme.o(.data)
    Now_LC_Choose_5                          0x20001d42   Data           1  freeprogramme.o(.data)
    Now_LC_Choose_6                          0x20001d43   Data           1  freeprogramme.o(.data)
    Now_LC_Choose_7                          0x20001d44   Data           1  freeprogramme.o(.data)
    Now_LC_Choose_8                          0x20001d45   Data           1  freeprogramme.o(.data)
    Now_LC_Choose_9                          0x20001d46   Data           1  freeprogramme.o(.data)
    Now_LC_Choose_10                         0x20001d47   Data           1  freeprogramme.o(.data)
    Oeder_Edit_Flag                          0x20001d48   Data           1  freeprogramme.o(.data)
    Link_Step_Refresh                        0x20001d49   Data           1  freeprogramme.o(.data)
    Program_Or_Point                         0x20001d4a   Data           1  freeprogramme.o(.data)
    Read_Point_Num                           0x20001d4c   Data           2  manuloperate.o(.data)
    gs_LinkMove_Speed                        0x200021bb   Data           6  manuloperate.o(.data)
    gs_XStepMove_Distance                    0x200021c1   Data           1  manuloperate.o(.data)
    gs_ZStepMove_Distance                    0x200021c2   Data           1  manuloperate.o(.data)
    gs_LStepMove_Distance                    0x200021c3   Data           1  manuloperate.o(.data)
    gs_OStepMove_Distance                    0x200021c4   Data           1  manuloperate.o(.data)
    gs_AStepMove_Distance                    0x200021c5   Data           1  manuloperate.o(.data)
    gs_BStepMove_Distance                    0x200021c6   Data           1  manuloperate.o(.data)
    g_Manul_Move_count                       0x200021d9   Data           1  manuloperate.o(.data)
    g_Manul_Move_Flag                        0x200021da   Data           1  manuloperate.o(.data)
    g_Manul_Link_Flag                        0x200021db   Data           1  manuloperate.o(.data)
    Temp_Display_Data                        0x200021dc   Data           4  manuloperate.o(.data)
    Run_Mode                                 0x20002220   Data          20  manuloperate.o(.data)
    Run_Mode_Flag                            0x20002234   Data           1  manuloperate.o(.data)
    gs_Mode_Refresh_Flag                     0x20002235   Data           1  manuloperate.o(.data)
    Point_Num                                0x20002236   Data           2  manuloperate.o(.data)
    Order_Num                                0x20002238   Data           2  manuloperate.o(.data)
    LC_Point_Flag                            0x2000223a   Data           1  manuloperate.o(.data)
    Parameter_Refresh                        0x2000223b   Data           1  manuloperate.o(.data)
    LC_IO_Axis_Code                          0x2000223c   Data           4  manuloperate.o(.data)
    g_Programma_Flag                         0x20002240   Data           1  manuloperate.o(.data)
    DJ_IO_Set_Flag                           0x20002241   Data           1  manuloperate.o(.data)
    DZ_IO_Set_Flag                           0x20002242   Data           1  manuloperate.o(.data)
    LC_Set_Flag                              0x20002243   Data           1  manuloperate.o(.data)
    IO_Set_Flag                              0x20002244   Data           1  manuloperate.o(.data)
    Program_Name                             0x20002248   Data           4  manuloperate.o(.data)
    seccount                                 0x2000224c   Data           4  manuloperate.o(.data)
    Distance                                 0x20002250   Data           2  manuloperate.o(.data)
    Distance_Temp                            0x20002252   Data           2  manuloperate.o(.data)
    Key_Push_Flag                            0x20002254   Data           1  manuloperate.o(.data)
    Axis_Move_Dir                            0x20002255   Data           1  manuloperate.o(.data)
    Point_Name                               0x20002258   Data           4  manuloperate.o(.data)
    IO_Parameter_Refresh                     0x200031ea   Data           1  iocontrol.o(.data)
    gs_Point_Display_Refresh                 0x200031ee   Data           1  systemsetting.o(.data)
    gs_Current_Choose_Program                0x200031f0   Data           1  systemsetting.o(.data)
    gs_Program_Display_Refresh               0x200031f1   Data           1  systemsetting.o(.data)
    gs_Pre_Choose_IO1                        0x200031f2   Data           2  systemsetting.o(.data)
    gs_Current_Choose_IO1                    0x200031f4   Data           2  systemsetting.o(.data)
    gs_Pre_Choose_IO2                        0x200031f6   Data           2  systemsetting.o(.data)
    gs_Current_Choose_IO2                    0x200031f8   Data           2  systemsetting.o(.data)
    gs_Pre_Choose_IO3                        0x200031fa   Data           2  systemsetting.o(.data)
    gs_Current_Choose_IO3                    0x200031fc   Data           2  systemsetting.o(.data)
    g_IO_DetectAck_Flag                      0x200031fe   Data           1  systemsetting.o(.data)
    OriginDir_Flag                           0x200031ff   Data           1  systemsetting.o(.data)
    gs_Pre_Choose_Area                       0x200039e3   Data           1  systemsetting.o(.data)
    g_Current_Choose_Area                    0x200039e4   Data           1  systemsetting.o(.data)
    Safe_Area_List                           0x200039e6   Data         112  systemsetting.o(.data)
    row1_X                                   0x20003ed6   Data           1  systemsetting.o(.data)
    row1_Y                                   0x20003ed7   Data           1  systemsetting.o(.data)
    row1_Z                                   0x20003ed8   Data           1  systemsetting.o(.data)
    row1_O                                   0x20003ed9   Data           1  systemsetting.o(.data)
    row1_A                                   0x20003eda   Data           1  systemsetting.o(.data)
    row1_B                                   0x20003edb   Data           1  systemsetting.o(.data)
    row2_X                                   0x20003edc   Data           1  systemsetting.o(.data)
    row2_Y                                   0x20003edd   Data           1  systemsetting.o(.data)
    row2_Z                                   0x20003ede   Data           1  systemsetting.o(.data)
    row2_O                                   0x20003edf   Data           1  systemsetting.o(.data)
    row2_A                                   0x20003ee0   Data           1  systemsetting.o(.data)
    row2_B                                   0x20003ee1   Data           1  systemsetting.o(.data)
    row3_X                                   0x20003ee2   Data           1  systemsetting.o(.data)
    row3_Y                                   0x20003ee3   Data           1  systemsetting.o(.data)
    row3_Z                                   0x20003ee4   Data           1  systemsetting.o(.data)
    row3_O                                   0x20003ee5   Data           1  systemsetting.o(.data)
    row3_A                                   0x20003ee6   Data           1  systemsetting.o(.data)
    row3_B                                   0x20003ee7   Data           1  systemsetting.o(.data)
    row4_X                                   0x20003ee8   Data           1  systemsetting.o(.data)
    row4_Y                                   0x20003ee9   Data           1  systemsetting.o(.data)
    row4_Z                                   0x20003eea   Data           1  systemsetting.o(.data)
    row4_O                                   0x20003eeb   Data           1  systemsetting.o(.data)
    row4_A                                   0x20003eec   Data           1  systemsetting.o(.data)
    row4_B                                   0x20003eed   Data           1  systemsetting.o(.data)
    row5_X                                   0x20003eee   Data           1  systemsetting.o(.data)
    row5_Y                                   0x20003eef   Data           1  systemsetting.o(.data)
    row5_Z                                   0x20003ef0   Data           1  systemsetting.o(.data)
    row5_O                                   0x20003ef1   Data           1  systemsetting.o(.data)
    row5_A                                   0x20003ef2   Data           1  systemsetting.o(.data)
    row5_B                                   0x20003ef3   Data           1  systemsetting.o(.data)
    row6_X                                   0x20003ef4   Data           1  systemsetting.o(.data)
    row6_Y                                   0x20003ef5   Data           1  systemsetting.o(.data)
    row6_Z                                   0x20003ef6   Data           1  systemsetting.o(.data)
    row6_O                                   0x20003ef7   Data           1  systemsetting.o(.data)
    row6_A                                   0x20003ef8   Data           1  systemsetting.o(.data)
    row6_B                                   0x20003ef9   Data           1  systemsetting.o(.data)
    gs_Reflash_Fuction_JXS                   0x20003f5d   Data           1  systemsetting.o(.data)
    gs_Reflash_Fuction_LC                    0x20003f5e   Data           1  systemsetting.o(.data)
    gs_Reflash_Fuction_SC                    0x20003f5f   Data           1  systemsetting.o(.data)
    Reset_row1                               0x20004060   Data           1  systemsetting.o(.data)
    Reset_row2                               0x20004061   Data           1  systemsetting.o(.data)
    Reset_row3                               0x20004062   Data           1  systemsetting.o(.data)
    Reset_row4                               0x20004063   Data           1  systemsetting.o(.data)
    Reset_row5                               0x20004064   Data           1  systemsetting.o(.data)
    Reset_row6                               0x20004065   Data           1  systemsetting.o(.data)
    Reset_num                                0x20004066   Data           6  systemsetting.o(.data)
    First                                    0x2000406c   Data           1  systemsetting.o(.data)
    Second                                   0x2000406d   Data           1  systemsetting.o(.data)
    Third                                    0x2000406e   Data           1  systemsetting.o(.data)
    Fourth                                   0x2000406f   Data           1  systemsetting.o(.data)
    Fifth                                    0x20004070   Data           1  systemsetting.o(.data)
    Sixth                                    0x20004071   Data           1  systemsetting.o(.data)
    Temp_ACC_Axis                            0x20004072   Data           1  systemsetting.o(.data)
    LC_Load_Pre_PositionX                    0x20004073   Data           1  systemsetting.o(.data)
    LC_Load_Pre_PositionY                    0x20004074   Data           1  systemsetting.o(.data)
    LC_UnLoad_Pre_PositionX                  0x20004075   Data           1  systemsetting.o(.data)
    LC_UnLoad_Pre_PositionY                  0x20004076   Data           1  systemsetting.o(.data)
    LC_UnLoad_Pre_PositionZ                  0x20004077   Data           1  systemsetting.o(.data)
    LC_Load_Pre_ListX                        0x20004078   Data           1  systemsetting.o(.data)
    LC_Load_Pre_ListY                        0x20004079   Data           1  systemsetting.o(.data)
    LC_UnLoad_Pre_ListX                      0x2000407a   Data           1  systemsetting.o(.data)
    LC_UnLoad_Pre_ListY                      0x2000407b   Data           1  systemsetting.o(.data)
    LC_UnLoad_Pre_ListZ                      0x2000407c   Data           1  systemsetting.o(.data)
    g_Calculate_LC_Load_Parameter_Flag       0x2000407d   Data           1  systemsetting.o(.data)
    g_Calculate_LC_UnLoad_Parameter_Flag     0x2000407e   Data           1  systemsetting.o(.data)
    g_LC_Load_Position_Flag                  0x2000407f   Data           1  systemsetting.o(.data)
    g_LC_UnLoad_Position_Flag                0x20004080   Data           1  systemsetting.o(.data)
    Set_LCPosition_XYO                       0x20004083   Data           1  systemsetting.o(.data)
    g_USART1_DeletePoint_Flag                0x2000408a   Data           1  systemsetting.o(.data)
    Beyond_Forever                           0x200040cc   Data          32  systemsetting.o(.data)
    LC_ID                                    0x200040ec   Data           1  systemsetting.o(.data)
    Admin_Pass_Word                          0x200040f0   Data           4  systemsetting.o(.data)
    Soft_Limit_Flag                          0x200040f5   Data           1  systemsetting.o(.data)
    Alarm_String_QC1                         0x200040f6   Data           4  alarmhistory.o(.data)
    Alarm_String_QC2                         0x200040fa   Data           4  alarmhistory.o(.data)
    Alarm_String                             0x2000410e   Data        1200  alarmhistory.o(.data)
    g_Alarm_Buzzer                           0x200045c0   Data           1  alarmhistory.o(.data)
    g_Alarm_Buzzer_Timer                     0x200045c1   Data           1  alarmhistory.o(.data)
    g_Alarm_Buzzer_Count                     0x200045c2   Data           1  alarmhistory.o(.data)
    g_Current_Alarm                          0x200045c3   Data           1  alarmhistory.o(.data)
    Test_SUART1Count                         0x200045c9   Data           1  tim_usart_irq.o(.data)
    LCD_Control_Flag                         0x200045ca   Data           1  tim_usart_irq.o(.data)
    LC_Empty_Flag                            0x200045cb   Data           1  tim_usart_irq.o(.data)
    Step_Period_Count                        0x200045cc   Data           1  tim_usart_irq.o(.data)
    keyTempValue                             0x200045d0   Data           2  key.o(.data)
    keyValueStatus                           0x200045d2   Data           2  key.o(.data)
    keyFinishFlag                            0x200045d4   Data           2  key.o(.data)
    g_Key_Value                              0x200045d6   Data           2  key.o(.data)
    Key_Pressed                              0x200045d8   Data           1  key.o(.data)
    g_Key_Scan                               0x200045d9   Data           1  key.o(.data)
    g_Key_Scan_Count                         0x200045da   Data           1  key.o(.data)
    Key_Scan_Delay_Count                     0x200045db   Data           1  key.o(.data)
    g_LCD_Off_Flag                           0x200045dc   Data           1  key.o(.data)
    g_LCD_Off_Timer                          0x200045e0   Data           4  key.o(.data)
    AXIS_Choose                              0x200045e6   Data           1  key.o(.data)
    Rod_Count                                0x200045e8   Data           2  platforminit.o(.data)
    Rod_Speed_Rank                           0x200045ea   Data           1  platforminit.o(.data)
    Axis_DIR                                 0x200045eb   Data           1  platforminit.o(.data)
    Link_Step_Flag                           0x200045ec   Data           1  platforminit.o(.data)
    Rod_X_Positive                           0x200045ee   Data           2  platforminit.o(.data)
    Rod_X_Negative                           0x200045f0   Data           2  platforminit.o(.data)
    Rod_Y_Positive                           0x200045f2   Data           2  platforminit.o(.data)
    Rod_Y_Negative                           0x200045f4   Data           2  platforminit.o(.data)
    Rod_Centry_X                             0x200045f6   Data           2  platforminit.o(.data)
    Rod_Centry_Y                             0x200045f8   Data           2  platforminit.o(.data)
    Speed_Rank                               0x200045fa   Data           5  platforminit.o(.data)
    After_filter                             0x20004600   Data           8  platforminit.o(.data)
    Rod_Display_X                            0x20004608   Data           4  platforminit.o(.data)
    Rod_Display_Y                            0x2000460c   Data           4  platforminit.o(.data)
    USART1StartReceiveDataFlag               0x20004610   Data           1  usart.o(.data)
    USART1RecieveFinishedFlag                0x20004611   Data           1  usart.o(.data)
    USART1RecieveCount                       0x20004612   Data           1  usart.o(.data)
    USART1ErrorFlag                          0x20004613   Data           1  usart.o(.data)
    USART1ReceiveDataBufferOverflow          0x20004614   Data           1  usart.o(.data)
    USART1NewOrder                           0x20004615   Data           1  usart.o(.data)
    USART1DataDecodeFlag                     0x20004616   Data           1  usart.o(.data)
    USART1StartReceiveDataTimeFlag           0x20004617   Data           1  usart.o(.data)
    USART1StartReceiveDataTime               0x20004618   Data           1  usart.o(.data)
    USART1ReceiveDataCounter                 0x20004619   Data           1  usart.o(.data)
    USART1ReceiveDataLen                     0x2000461a   Data           1  usart.o(.data)
    USART1temp                               0x2000461b   Data           4  usart.o(.data)
    USART1_Current_Order                     0x2000461f   Data           1  usart.o(.data)
    USART1_Current_Key                       0x20004620   Data           1  usart.o(.data)
    USART1_Current_Num                       0x20004621   Data           1  usart.o(.data)
    LCDStartReceiveDataFlag                  0x20004622   Data           1  usart.o(.data)
    LCDErrorFlag                             0x20004623   Data           1  usart.o(.data)
    LCDReceiveDataBufferOverflow             0x20004624   Data           1  usart.o(.data)
    LCDStartReceiveDataTimeFlag              0x20004625   Data           1  usart.o(.data)
    LCDStartReceiveDataTime                  0x20004626   Data           1  usart.o(.data)
    LCDReceiveDataCounter                    0x20004627   Data           1  usart.o(.data)
    LCDReceiveDataLen                        0x20004628   Data           1  usart.o(.data)
    LCDtemp                                  0x20004629   Data           4  usart.o(.data)
    Robot_Status                             0x20004630   Data           1  parameter.o(.data)
    Robot_Auto_Mode                          0x20004631   Data           1  parameter.o(.data)
    X_Axsis_Origin_Enable                    0x20004632   Data           1  parameter.o(.data)
    Z_Axsis_Origin_Enable                    0x20004633   Data           1  parameter.o(.data)
    X_Axsis_Origned                          0x20004634   Data           1  parameter.o(.data)
    Z_Axsis_Origned                          0x20004635   Data           1  parameter.o(.data)
    Robot_Origining                          0x20004636   Data           1  parameter.o(.data)
    Robot_Origined                           0x20004637   Data           1  parameter.o(.data)
    Robot_Enable                             0x20004638   Data           1  parameter.o(.data)
    Robot_Enable_Switch_On                   0x20004639   Data           1  parameter.o(.data)
    Robot_Enable_Pre_Switch                  0x2000463a   Data           1  parameter.o(.data)
    Program_Ready                            0x2000463b   Data           1  parameter.o(.data)
    Data_Syc_Ready                           0x2000463c   Data           1  parameter.o(.data)
    Setting_Syc_Ready                        0x2000463d   Data           1  parameter.o(.data)
    Point_Syc_Ready                          0x2000463e   Data           1  parameter.o(.data)
    ProgramInf_Syc_Ready                     0x2000463f   Data           1  parameter.o(.data)
    Program_Syc_Ready                        0x20004640   Data           1  parameter.o(.data)
    SoftLimit_Syc_Ready                      0x20004641   Data           1  parameter.o(.data)
    SafeArea_Syc_Ready                       0x20004642   Data           1  parameter.o(.data)
    IODetect_Syc_Ready                       0x20004643   Data           1  parameter.o(.data)
    Main_Init_Done                           0x20004644   Data           1  parameter.o(.data)
    g_XAxis_Position                         0x20004648   Data           4  parameter.o(.data)
    g_ZAxis_Position                         0x2000464c   Data           4  parameter.o(.data)
    g_LAxis_Position                         0x20004650   Data           4  parameter.o(.data)
    g_OAxis_Position                         0x20004654   Data           4  parameter.o(.data)
    g_AAxis_Position                         0x20004658   Data           4  parameter.o(.data)
    g_BAxis_Position                         0x2000465c   Data           4  parameter.o(.data)
    g_Pre_XAxis_Position                     0x20004660   Data           4  parameter.o(.data)
    g_Pre_ZAxis_Position                     0x20004664   Data           4  parameter.o(.data)
    g_Pre_LAxis_Position                     0x20004668   Data           4  parameter.o(.data)
    g_Pre_OAxis_Position                     0x2000466c   Data           4  parameter.o(.data)
    g_Pre_VAxis_Position                     0x20004670   Data           4  parameter.o(.data)
    g_Pre_WAxis_Position                     0x20004674   Data           4  parameter.o(.data)
    Axsis_Move_Direction                     0x20004678   Data           6  parameter.o(.data)
    g_Servo_Is_Run                           0x2000467e   Data           1  parameter.o(.data)
    g_Axis_Is_Run                            0x2000467f   Data           1  parameter.o(.data)
    g_Axis_Choose                            0x20004680   Data           1  parameter.o(.data)
    Free_Program_Save                        0x20004684   Data         120  parameter.o(.data)
    Robot_Error_Data                         0x200046fc   Data           5  parameter.o(.data)
    g_Robot_Error_Flag                       0x20004701   Data           1  parameter.o(.data)
    Robot_Axis_State                         0x20004702   Data           6  parameter.o(.data)
    InitDataFlag                             0x20004708   Data           1  parameter.o(.data)
    InitDataBuf                              0x20004709   Data           7  parameter.o(.data)
    InitData                                 0x20004710   Data           7  parameter.o(.data)
    DateTime                                 0x20004717   Data           7  parameter.o(.data)
    UnLock_Forever_flag                      0x2000471e   Data           1  parameter.o(.data)
    Unlock_LastDay                           0x20004720   Data           2  parameter.o(.data)
    Reset_Flag                               0x20004722   Data           1  parameter.o(.data)
    System_time                              0x20004724   Data           4  parameter.o(.data)
    Check_battery                            0x20004728   Data           1  parameter.o(.data)
    TimesDataEE                              0x2000472c   Data          12  parameter.o(.data)
    EE_Temp                                  0x20004738   Data           4  parameter.o(.data)
    MachineNum                               0x2000473c   Data           4  parameter.o(.data)
    MachineQueueNum                          0x20004740   Data           4  parameter.o(.data)
    Battery_Unset                            0x20004744   Data          15  parameter.o(.data)
    Battery_black                            0x20004753   Data          15  parameter.o(.data)
    Beyond_LastDay                           0x20004762   Data          32  parameter.o(.data)
    Beyond_Black                             0x20004782   Data          32  parameter.o(.data)
    MachineCommenTemp                        0x200047a4   Data           4  parameter.o(.data)
    MachineNumTemp                           0x200047a8   Data           4  parameter.o(.data)
    TimeDataNum                              0x200047ac   Data           4  parameter.o(.data)
    Product_Num                              0x200047b0   Data           1  parameter.o(.data)
    LCD_RealTime_Count                       0x200047b2   Data           1  usart1_robot.o(.data)
    LCD_RealTime_Watch                       0x200047b3   Data           1  usart1_robot.o(.data)
    LCD_Position_Watch                       0x200047b4   Data           1  usart1_robot.o(.data)
    Manual_Pulse_Count                       0x200047b5   Data           1  usart1_robot.o(.data)
    Manual_Pulse_Watch                       0x200047b6   Data           1  usart1_robot.o(.data)
    Code                                     0x200047bb   Data           1  usart1_robot.o(.data)
    Time                                     0x200047bc   Data           1  usart1_robot.o(.data)
    Count                                    0x200047be   Data           2  usart1_robot.o(.data)
    Read_IIC_Done                            0x200047c0   Data           1  usart1_robot.o(.data)
    Read_IIC_Count                           0x200047c1   Data           1  usart1_robot.o(.data)
    Read_IIC_Flag                            0x200047c2   Data           1  usart1_robot.o(.data)
    Read_Program_Over                        0x200047c3   Data           1  usart1_robot.o(.data)
    HSEStartUpStatus                         0x200047c8   Data           1  usb_bsp.o(.data)
    BSP_delay                                0x200047cc   Data           4  usb_bsp.o(.data)
    USBH_USR_ApplicationState                0x200047d0   Data           1  usbh_usr.o(.data)
    temp                                     0x200047d1   Data          12  usbh_usr.o(.data)
    Robot_Startup                            0x200047dd   Data           1  usbh_usr.o(.data)
    File_Num                                 0x200047e0   Data           4  usbh_usr.o(.data)
    FileName_Len                             0x200047e4   Data           4  usbh_usr.o(.data)
    USB_Button_Ok                            0x200047e8   Data           1  usbh_usr.o(.data)
    USB_Button_Cancle                        0x200047e9   Data           1  usbh_usr.o(.data)
    Test_USB_Flag                            0x200047ea   Data           1  usbh_usr.o(.data)
    br                                       0x200047ec   Data           4  usbh_usr.o(.data)
    res                                      0x200047f0   Data           1  usbh_usr.o(.data)
    USR_Callbacks                            0x200047f4   Data          64  usbh_usr.o(.data)
    USBH_DeviceConnStatus_cb                 0x20004834   Data          12  usbh_core.o(.data)
    setup                                    0x20004842   Data           8  usbh_stdreq.o(.data)
    MSC_Setup                                0x2000485c   Data           8  usbh_msc_core.o(.data)
    MSCErrorCount                            0x20004864   Data           1  usbh_msc_core.o(.data)
    MSC_cb                                   0x20004868   Data          16  usbh_msc_core.o(.data)
    Dispaly_Order                            0x2000489c   Data          20  dgus.o(.bss)
    temp_data                                0x200048b0   Data          26  dgus.o(.bss)
    Order_Temp                               0x200048ca   Data          60  dgus.o(.bss)
    IIC_Temp                                 0x20004906   Data          60  dgus.o(.bss)
    Display_ChineseString                    0x20004944   Data          12  dgus.o(.bss)
    Run_Program                              0x20004950   Data        1024  startup.o(.bss)
    gs_Run_Program_Code                      0x20004d50   Data          16  startup.o(.bss)
    gs_Code_Parameter_Display                0x20004da8   Data         128  freeprogramme.o(.bss)
    gs_code_num                              0x20004e28   Data          64  freeprogramme.o(.bss)
    gs_name                                  0x20004e68   Data          32  freeprogramme.o(.bss)
    gs_time                                  0x20004e88   Data          32  freeprogramme.o(.bss)
    Parameter_Value                          0x20004ea8   Data          10  freeprogramme.o(.bss)
    Point_Parameter_Display                  0x20004eb4   Data         160  freeprogramme.o(.bss)
    IO_Detect_Parameter                      0x20004f54   Data          40  systemsetting.o(.bss)
    Temp_IO_Detect_Parameter                 0x20004f7c   Data          40  systemsetting.o(.bss)
    Temp_Soft_Limit                          0x20004fa4   Data          72  systemsetting.o(.bss)
    Temp_Soft_Limit1                         0x20004fec   Data          72  systemsetting.o(.bss)
    Robot_SoftLimit                          0x20005034   Data          72  systemsetting.o(.bss)
    Robot_Safe_Area                          0x20005088   Data         140  systemsetting.o(.bss)
    JXS_Parameter                            0x20005114   Data          68  systemsetting.o(.bss)
    Temp_JXS_Parameter                       0x20005158   Data          68  systemsetting.o(.bss)
    DZJSpeed1                                0x2000519c   Data          18  systemsetting.o(.bss)
    LC_Count_X                               0x200051ae   Data          10  systemsetting.o(.bss)
    LC_Count_Y                               0x200051b8   Data          10  systemsetting.o(.bss)
    LC_Parameter_Load                        0x200051c4   Data         400  systemsetting.o(.bss)
    LC_Parameter_UnLoad                      0x20005354   Data          40  systemsetting.o(.bss)
    Temp_LC_Parameter_Load                   0x2000537c   Data         400  systemsetting.o(.bss)
    Temp_LC_Parameter_UnLoad                 0x2000550c   Data          40  systemsetting.o(.bss)
    LC_Load_Position                         0x20005534   Data        3200  systemsetting.o(.bss)
    LC_UnLoad_Position                       0x200061b4   Data        3200  systemsetting.o(.bss)
    LC_Load_OAxis_Position                   0x20006e34   Data         200  systemsetting.o(.bss)
    LC_UnLoad_OAxis_Position                 0x20006efc   Data         200  systemsetting.o(.bss)
    SC_Parameter                             0x20006fc4   Data          20  systemsetting.o(.bss)
    Temp_SC_Parameter                        0x20006fd8   Data          20  systemsetting.o(.bss)
    Alarm_History_Time                       0x20006fec   Data         240  alarmhistory.o(.bss)
    Alarm_History_Display                    0x200070dc   Data         441  alarmhistory.o(.bss)
    Write_IIC_Temp                           0x20007295   Data          21  alarmhistory.o(.bss)
    Rod_Step_X                               0x200072aa   Data          16  platforminit.o(.bss)
    Rod_Step_Y                               0x200072ba   Data          16  platforminit.o(.bss)
    AD_Value                                 0x200072ca   Data          80  platforminit.o(.bss)
    USART1SendBuff                           0x2000731a   Data          60  usart.o(.bss)
    USART1ReceiveDataBuffer                  0x20007356   Data          60  usart.o(.bss)
    USART1ReceiveData                        0x20007392   Data          20  usart.o(.bss)
    LCDReceiveDataBuffer                     0x200073a6   Data          20  usart.o(.bss)
    LCDReceiveData                           0x200073ba   Data          20  usart.o(.bss)
    Manul_Save_PointX                        0x200073d0   Data         300  parameter.o(.bss)
    Manul_Save_PointZ                        0x200074fc   Data         300  parameter.o(.bss)
    Manul_Save_PointL                        0x20007628   Data         300  parameter.o(.bss)
    Manul_Save_PointO                        0x20007754   Data         300  parameter.o(.bss)
    Current_Operate_Program                  0x20007880   Data        1036  parameter.o(.bss)
    Free_Program_Operate                     0x20007c8c   Data        1036  parameter.o(.bss)
    TimesData                                0x20008098   Data          12  parameter.o(.bss)
    EndTimesData                             0x200080a4   Data          12  parameter.o(.bss)
    Saved_Program                            0x200080b0   Data        1664  parameter.o(.bss)
    OperateProgram                           0x20008730   Data        1664  parameter.o(.bss)
    Program_Flag                             0x20008db0   Data         104  parameter.o(.bss)
    Usart1ReceiveData                        0x20008e18   Data          60  usart1_robot.o(.bss)
    File_Buffer                              0x20008e54   Data          11  usbh_usr.o(.bss)
    Firmware_Name_Table                      0x20008e5f   Data         108  usbh_usr.o(.bss)
    fs                                       0x20008ecc   Data         560  usbh_usr.o(.bss)
    fsrc                                     0x200090fc   Data         548  usbh_usr.o(.bss)
    USB_OTG_FS_dev                           0x20009320   Data         640  usbh_core.o(.bss)
    USBH_Machine                             0x200095a0   Data          40  usbh_core.o(.bss)
    USBH_Device                              0x200095c8   Data          66  usbh_core.o(.bss)
    USBH_Channels                            0x2000960a   Data          16  usbh_hcs.o(.bss)
    Rx_Buffer                                0x2000961a   Data         255  usbh_stdreq.o(.bss)
    USBH_MSC_CBWData                         0x2000971c   Data          32  usbh_msc_bot.o(.bss)
    USBH_MSC_CSWData                         0x2000973c   Data          16  usbh_msc_bot.o(.bss)
    USBH_MSC_BOTXferParam                    0x2000974c   Data          16  usbh_msc_bot.o(.bss)
    MSC_Machine                              0x2000975c   Data          74  usbh_msc_core.o(.bss)
    USBH_MSC_Param                           0x200097a8   Data          16  usbh_msc_scsi.o(.bss)
    USBH_DataInBuffer                        0x200097b8   Data         512  usbh_msc_scsi.o(.bss)
    USBH_DataOutBuffer                       0x200099b8   Data         512  usbh_msc_scsi.o(.bss)
    __initial_sp                             0x20009fb8   Data           0  startup_stm32f10x_cl.o(STACK)



==============================================================================

Memory Map of the image

  Image Entry point : 0x08000151

  Load Region LR_IROM1 (Base: 0x08000000, Size: 0x000282ec, Max: 0x00040000, ABSOLUTE, COMPRESSED[0x00025d60])

    Execution Region ER_IROM1 (Base: 0x08000000, Size: 0x00023a50, Max: 0x00040000, ABSOLUTE)

    Base Addr    Size         Type   Attr      Idx    E Section Name        Object

    0x08000000   0x00000150   Data   RO            3    RESET               startup_stm32f10x_cl.o
    0x08000150   0x00000000   Code   RO         6010  * .ARM.Collect$$$$00000000  mc_w.l(entry.o)
    0x08000150   0x00000004   Code   RO         6056    .ARM.Collect$$$$00000001  mc_w.l(entry2.o)
    0x08000154   0x00000004   Code   RO         6059    .ARM.Collect$$$$00000004  mc_w.l(entry5.o)
    0x08000158   0x00000000   Code   RO         6061    .ARM.Collect$$$$00000008  mc_w.l(entry7b.o)
    0x08000158   0x00000000   Code   RO         6063    .ARM.Collect$$$$0000000A  mc_w.l(entry8b.o)
    0x08000158   0x00000008   Code   RO         6064    .ARM.Collect$$$$0000000B  mc_w.l(entry9a.o)
    0x08000160   0x00000000   Code   RO         6066    .ARM.Collect$$$$0000000D  mc_w.l(entry10a.o)
    0x08000160   0x00000000   Code   RO         6068    .ARM.Collect$$$$0000000F  mc_w.l(entry11a.o)
    0x08000160   0x00000004   Code   RO         6057    .ARM.Collect$$$$00002712  mc_w.l(entry2.o)
    0x08000164   0x00000024   Code   RO            4    .text               startup_stm32f10x_cl.o
    0x08000188   0x00000024   Code   RO         6013    .text               mc_w.l(memcpya.o)
    0x080001ac   0x00000024   Code   RO         6015    .text               mc_w.l(memseta.o)
    0x080001d0   0x0000014e   Code   RO         6019    .text               mf_w.l(dadd.o)
    0x0800031e   0x000000e4   Code   RO         6021    .text               mf_w.l(dmul.o)
    0x08000402   0x00000022   Code   RO         6023    .text               mf_w.l(dflti.o)
    0x08000424   0x0000001a   Code   RO         6025    .text               mf_w.l(dfltui.o)
    0x0800043e   0x00000032   Code   RO         6027    .text               mf_w.l(dfixui.o)
    0x08000470   0x0000001e   Code   RO         6070    .text               mc_w.l(llshl.o)
    0x0800048e   0x00000020   Code   RO         6072    .text               mc_w.l(llushr.o)
    0x080004ae   0x00000024   Code   RO         6074    .text               mc_w.l(llsshr.o)
    0x080004d2   0x00000000   Code   RO         6083    .text               mc_w.l(iusefp.o)
    0x080004d2   0x000000ba   Code   RO         6084    .text               mf_w.l(depilogue.o)
    0x0800058c   0x000000de   Code   RO         6086    .text               mf_w.l(ddiv.o)
    0x0800066a   0x0000002e   Code   RO         6088    .text               mf_w.l(dscalb.o)
    0x08000698   0x00000030   Code   RO         6090    .text               mf_w.l(cdrcmple.o)
    0x080006c8   0x00000024   Code   RO         6092    .text               mc_w.l(init.o)
    0x080006ec   0x000000a2   Code   RO         6094    .text               mf_w.l(dsqrt.o)
    0x0800078e   0x0000005e   Code   RO         6106    .text               mc_w.l(__dclz77c.o)
    0x080007ec   0x00000002   Code   RO          217    i.ADC1_2_IRQHandler  stm32f10x_it.o
    0x080007ee   0x00000016   Code   RO         3747    i.ADC_Cmd           stm32f10x_adc.o
    0x08000804   0x00000016   Code   RO         3748    i.ADC_DMACmd        stm32f10x_adc.o
    0x0800081a   0x00000002   PAD
    0x0800081c   0x0000005c   Code   RO         3749    i.ADC_DeInit        stm32f10x_adc.o
    0x08000878   0x00000014   Code   RO         3755    i.ADC_GetCalibrationStatus  stm32f10x_adc.o
    0x0800088c   0x00000014   Code   RO         3761    i.ADC_GetResetCalibrationStatus  stm32f10x_adc.o
    0x080008a0   0x00000050   Code   RO         3765    i.ADC_Init          stm32f10x_adc.o
    0x080008f0   0x000000b8   Code   RO         3769    i.ADC_RegularChannelConfig  stm32f10x_adc.o
    0x080009a8   0x0000000a   Code   RO         3770    i.ADC_ResetCalibration  stm32f10x_adc.o
    0x080009b2   0x00000016   Code   RO         3772    i.ADC_SoftwareStartConvCmd  stm32f10x_adc.o
    0x080009c8   0x0000000a   Code   RO         3774    i.ADC_StartCalibration  stm32f10x_adc.o
    0x080009d2   0x00000022   Code   RO         1282    i.AT24CXX_Read      24cxx.o
    0x080009f4   0x00000054   Code   RO         1285    i.AT24CXX_ReadOneByte  24cxx.o
    0x08000a48   0x00000026   Code   RO         1287    i.AT24CXX_Write     24cxx.o
    0x08000a6e   0x0000004c   Code   RO         1290    i.AT24CXX_WriteOneByte  24cxx.o
    0x08000aba   0x00000002   PAD
    0x08000abc   0x000000e0   Code   RO         1564    i.Adc_Init          platforminit.o
    0x08000b9c   0x000003f0   Code   RO         1231    i.AlarmHistoryToString  alarmhistory.o
    0x08000f8c   0x000000e0   Code   RO         1844    i.Auto_Run          usart1_robot.o
    0x0800106c   0x0000002a   Code   RO         1746    i.BCD_Changeto_D    parameter.o
    0x08001096   0x00000010   Code   RO         3965    i.BKP_DeInit        stm32f10x_bkp.o
    0x080010a6   0x00000002   PAD
    0x080010a8   0x0000001c   Code   RO         3970    i.BKP_ReadBackupRegister  stm32f10x_bkp.o
    0x080010c4   0x0000001c   Code   RO         3974    i.BKP_WriteBackupRegister  stm32f10x_bkp.o
    0x080010e0   0x0000002c   Code   RO         1988    i.BSP_Delay         usb_bsp.o
    0x0800110c   0x0000006e   Code   RO         1990    i.BSP_SetTime       usb_bsp.o
    0x0800117a   0x00000002   PAD
    0x0800117c   0x0000002c   Code   RO          672    i.BackLight         dgus.o
    0x080011a8   0x00000004   Code   RO          220    i.BusFault_Handler  stm32f10x_it.o
    0x080011ac   0x0000002c   Code   RO          673    i.BuzzerRing        dgus.o
    0x080011d8   0x00000814   Code   RO         1104    i.Calculate_LC_Load_Parameter  systemsetting.o
    0x080019ec   0x00000016   Code   RO         1747    i.Change_BCD        parameter.o
    0x08001a02   0x00000002   PAD
    0x08001a04   0x000002c4   Code   RO         1748    i.CheckTime         parameter.o
    0x08001cc8   0x00000002   Code   RO          223    i.DMA1_Channel1_IRQHandler  stm32f10x_it.o
    0x08001cca   0x00000002   Code   RO          224    i.DMA1_Channel2_IRQHandler  stm32f10x_it.o
    0x08001ccc   0x00000002   Code   RO          225    i.DMA1_Channel3_IRQHandler  stm32f10x_it.o
    0x08001cce   0x00000002   PAD
    0x08001cd0   0x0000004c   Code   RO          226    i.DMA1_Channel4_IRQHandler  stm32f10x_it.o
    0x08001d1c   0x00000002   Code   RO          227    i.DMA1_Channel5_IRQHandler  stm32f10x_it.o
    0x08001d1e   0x00000002   Code   RO          228    i.DMA1_Channel6_IRQHandler  stm32f10x_it.o
    0x08001d20   0x00000002   Code   RO          229    i.DMA1_Channel7_IRQHandler  stm32f10x_it.o
    0x08001d22   0x00000002   Code   RO          230    i.DMA2_Channel1_IRQHandler  stm32f10x_it.o
    0x08001d24   0x00000002   Code   RO          231    i.DMA2_Channel2_IRQHandler  stm32f10x_it.o
    0x08001d26   0x00000002   Code   RO          232    i.DMA2_Channel3_IRQHandler  stm32f10x_it.o
    0x08001d28   0x0000001c   Code   RO         4412    i.DMA_ClearFlag     stm32f10x_dma.o
    0x08001d44   0x0000001c   Code   RO         4413    i.DMA_ClearITPendingBit  stm32f10x_dma.o
    0x08001d60   0x00000016   Code   RO         4414    i.DMA_Cmd           stm32f10x_dma.o
    0x08001d76   0x00000002   PAD
    0x08001d78   0x00000144   Code   RO         4415    i.DMA_DeInit        stm32f10x_dma.o
    0x08001ebc   0x0000002c   Code   RO         4418    i.DMA_GetITStatus   stm32f10x_dma.o
    0x08001ee8   0x0000003c   Code   RO         4420    i.DMA_Init          stm32f10x_dma.o
    0x08001f24   0x00000294   Code   RO         1845    i.DataSyc           usart1_robot.o
    0x080021b8   0x00000002   Code   RO          234    i.DebugMon_Handler  stm32f10x_it.o
    0x080021ba   0x00000002   PAD
    0x080021bc   0x00000078   Code   RO         1749    i.Decrypt           parameter.o
    0x08002234   0x00000018   Code   RO         1353    i.DelayNms          delay.o
    0x0800224c   0x00000022   Code   RO         1354    i.DelayNus          delay.o
    0x0800226e   0x00000002   PAD
    0x08002270   0x000003f4   Code   RO          833    i.Delete_Order      freeprogramme.o
    0x08002664   0x0000025c   Code   RO          834    i.Delete_Product    freeprogramme.o
    0x080028c0   0x0000006c   Code   RO          674    i.DisplayChineseString  dgus.o
    0x0800292c   0x00000090   Code   RO          675    i.DisplayPageCut    dgus.o
    0x080029bc   0x00000034   Code   RO          676    i.Display_PageCut   dgus.o
    0x080029f0   0x0000029c   Code   RO         1472    i.EXITKeyProcess    key.o
    0x08002c8c   0x000000a4   Code   RO          236    i.EXTI0_IRQHandler  stm32f10x_it.o
    0x08002d30   0x00000002   Code   RO          237    i.EXTI15_10_IRQHandler  stm32f10x_it.o
    0x08002d32   0x00000002   Code   RO          238    i.EXTI1_IRQHandler  stm32f10x_it.o
    0x08002d34   0x00000002   Code   RO          239    i.EXTI2_IRQHandler  stm32f10x_it.o
    0x08002d36   0x00000002   Code   RO          240    i.EXTI3_IRQHandler  stm32f10x_it.o
    0x08002d38   0x00000002   Code   RO          241    i.EXTI4_IRQHandler  stm32f10x_it.o
    0x08002d3a   0x00000002   Code   RO          242    i.EXTI9_5_IRQHandler  stm32f10x_it.o
    0x08002d3c   0x0000000c   Code   RO         4479    i.EXTI_ClearITPendingBit  stm32f10x_exti.o
    0x08002d48   0x00000024   Code   RO         4480    i.EXTI_DeInit       stm32f10x_exti.o
    0x08002d6c   0x00000028   Code   RO         4483    i.EXTI_GetITStatus  stm32f10x_exti.o
    0x08002d94   0x00000094   Code   RO         4484    i.EXTI_Init         stm32f10x_exti.o
    0x08002e28   0x00000010   Code   RO         4485    i.EXTI_StructInit   stm32f10x_exti.o
    0x08002e38   0x00000002   Code   RO          243    i.FLASH_IRQHandler  stm32f10x_it.o
    0x08002e3a   0x00000002   PAD
    0x08002e3c   0x00001988   Code   RO         1107    i.FunctionSetting   systemsetting.o
    0x080047c4   0x0000016c   Code   RO         1565    i.GPIO_Configuration  platforminit.o
    0x08004930   0x00000040   Code   RO         3376    i.GPIO_EXTILineConfig  stm32f10x_gpio.o
    0x08004970   0x00000116   Code   RO         3379    i.GPIO_Init         stm32f10x_gpio.o
    0x08004a86   0x00000008   Code   RO         3382    i.GPIO_ReadInputData  stm32f10x_gpio.o
    0x08004a8e   0x00000012   Code   RO         3383    i.GPIO_ReadInputDataBit  stm32f10x_gpio.o
    0x08004aa0   0x00000008   Code   RO         3384    i.GPIO_ReadOutputData  stm32f10x_gpio.o
    0x08004aa8   0x00000004   Code   RO         3386    i.GPIO_ResetBits    stm32f10x_gpio.o
    0x08004aac   0x00000004   Code   RO         3387    i.GPIO_SetBits      stm32f10x_gpio.o
    0x08004ab0   0x00000004   Code   RO         3389    i.GPIO_Write        stm32f10x_gpio.o
    0x08004ab4   0x0000000a   Code   RO         2752    i.HCD_GetCurrentFrame  usb_hcd.o
    0x08004abe   0x00000012   Code   RO         2753    i.HCD_GetCurrentSpeed  usb_hcd.o
    0x08004ad0   0x00000008   Code   RO         2755    i.HCD_GetURB_State  usb_hcd.o
    0x08004ad8   0x00000008   Code   RO         2756    i.HCD_GetXferCnt    usb_hcd.o
    0x08004ae0   0x0000003a   Code   RO         2758    i.HCD_Init          usb_hcd.o
    0x08004b1a   0x00000008   Code   RO         2759    i.HCD_IsDeviceConnected  usb_hcd.o
    0x08004b22   0x0000000e   Code   RO         2760    i.HCD_ResetPort     usb_hcd.o
    0x08004b30   0x00000020   Code   RO         2761    i.HCD_SubmitRequest  usb_hcd.o
    0x08004b50   0x0000002c   Code   RO         2262    i.HC_GetFreeChannel  usbh_hcs.o
    0x08004b7c   0x0000000c   Code   RO          246    i.HardFault_Handler  stm32f10x_it.o
    0x08004b88   0x00000034   Code   RO          677    i.HiddenDisplay     dgus.o
    0x08004bbc   0x00000002   Code   RO          247    i.I2C1_ER_IRQHandler  stm32f10x_it.o
    0x08004bbe   0x00000002   Code   RO          248    i.I2C1_EV_IRQHandler  stm32f10x_it.o
    0x08004bc0   0x00000002   Code   RO          249    i.I2C2_ER_IRQHandler  stm32f10x_it.o
    0x08004bc2   0x00000002   Code   RO          250    i.I2C2_EV_IRQHandler  stm32f10x_it.o
    0x08004bc4   0x00000050   Code   RO         1418    i.I2CAck            i2cint.o
    0x08004c14   0x0000003c   Code   RO         1419    i.I2CInit           i2cint.o
    0x08004c50   0x00000050   Code   RO         1420    i.I2CNAck           i2cint.o
    0x08004ca0   0x00000070   Code   RO         1421    i.I2CReadByte       i2cint.o
    0x08004d10   0x00000068   Code   RO         1422    i.I2CSendByte       i2cint.o
    0x08004d78   0x0000004c   Code   RO         1423    i.I2CStart          i2cint.o
    0x08004dc4   0x0000004c   Code   RO         1424    i.I2CStop           i2cint.o
    0x08004e10   0x00000064   Code   RO         1425    i.I2CWaitAck        i2cint.o
    0x08004e74   0x000004a0   Code   RO         1108    i.IO1DetectDisplay  systemsetting.o
    0x08005314   0x000004a0   Code   RO         1109    i.IO2DetectDisplay  systemsetting.o
    0x080057b4   0x00000130   Code   RO         1110    i.IO3DetectDisplay  systemsetting.o
    0x080058e4   0x00000068   Code   RO         1750    i.InitLockTime      parameter.o
    0x0800594c   0x00000b24   Code   RO          966    i.Insert_Order      manuloperate.o
    0x08006470   0x0000003a   Code   RO          967    i.Is_Leap_Year      manuloperate.o
    0x080064aa   0x00000002   PAD
    0x080064ac   0x00000018   Code   RO         1475    i.KeyInput6         key.o
    0x080064c4   0x0000002c   Code   RO         1476    i.KeyOutput4        key.o
    0x080064f0   0x000000e8   Code   RO         1478    i.KeyProcess        key.o
    0x080065d8   0x0000003a   Code   RO         1479    i.KeyScan           key.o
    0x08006612   0x00000002   PAD
    0x08006614   0x000003f0   Code   RO         1481    i.KeyValueProcess   key.o
    0x08006a04   0x00000130   Code   RO          968    i.Key_Confirm       manuloperate.o
    0x08006b34   0x00000032   Code   RO         1566    i.Key_EXTI_Init     platforminit.o
    0x08006b66   0x00000002   PAD
    0x08006b68   0x00000358   Code   RO         1232    i.LCDAlarmHistoryDisply  alarmhistory.o
    0x08006ec0   0x0000009c   Code   RO          678    i.LCDDisplay        dgus.o
    0x08006f5c   0x00000568   Code   RO         1234    i.LCDError          alarmhistory.o
    0x080074c4   0x00001984   Code   RO          836    i.LCDFreeProgramProcess  freeprogramme.o
    0x08008e48   0x00000514   Code   RO         1037    i.LCDIOControlDisply  iocontrol.o
    0x0800935c   0x00000b4c   Code   RO         1038    i.LCDIOControlProcess  iocontrol.o
    0x08009ea8   0x00000f70   Code   RO          969    i.LCDManulOperateDisply  manuloperate.o
    0x0800ae18   0x00001794   Code   RO          970    i.LCDManulOperateProcess  manuloperate.o
    0x0800c5ac   0x0000026c   Code   RO          680    i.LCDProcess        dgus.o
    0x0800c818   0x00000d54   Code   RO          837    i.LCDProductManagementDisply  freeprogramme.o
    0x0800d56c   0x000004f0   Code   RO         1846    i.LCDRealTimeWatch  usart1_robot.o
    0x0800da5c   0x00000b48   Code   RO          794    i.LCDStartUpDisply  startup.o
    0x0800e5a4   0x000002cc   Code   RO          795    i.LCDStartUpProcess  startup.o
    0x0800e870   0x00001be0   Code   RO         1111    i.LCDSystemSettingDisply  systemsetting.o
    0x08010450   0x0000042c   Code   RO         1112    i.LCDSystemSettingProcess  systemsetting.o
    0x0801087c   0x00000228   Code   RO          796    i.LandingProcess    startup.o
    0x08010aa4   0x00000064   Code   RO         1751    i.LinkMoveDataInit  parameter.o
    0x08010b08   0x00000058   Code   RO         1567    i.MYDMA_Config      platforminit.o
    0x08010b60   0x00000064   Code   RO         1847    i.MainBoard_InitDone  usart1_robot.o
    0x08010bc4   0x00000b04   Code   RO          971    i.ManulOutputSet    manuloperate.o
    0x080116c8   0x000001b0   Code   RO         1848    i.Manul_Operate     usart1_robot.o
    0x08011878   0x00000004   Code   RO          252    i.MemManage_Handler  stm32f10x_it.o
    0x0801187c   0x00000002   Code   RO          254    i.NMI_Handler       stm32f10x_it.o
    0x0801187e   0x000000fe   Code   RO         1568    i.NVIC_Configuration  platforminit.o
    0x0801197c   0x00000070   Code   RO         3163    i.NVIC_Init         misc.o
    0x080119ec   0x00000014   Code   RO         3164    i.NVIC_PriorityGroupConfig  misc.o
    0x08011a00   0x00000014   Code   RO         3165    i.NVIC_SetVectorTable  misc.o
    0x08011a14   0x00000274   Code   RO          840    i.New_Product       freeprogramme.o
    0x08011c88   0x00000198   Code   RO         1483    i.OKKeyProcess      key.o
    0x08011e20   0x00000010   Code   RO          255    i.OTG_FS_IRQHandler  stm32f10x_it.o
    0x08011e30   0x00000064   Code   RO          972    i.Order_Check       manuloperate.o
    0x08011e94   0x00000002   Code   RO          256    i.PVD_IRQHandler    stm32f10x_it.o
    0x08011e96   0x00000002   PAD
    0x08011e98   0x0000000c   Code   RO         4697    i.PWR_BackupAccessCmd  stm32f10x_pwr.o
    0x08011ea4   0x00000030   Code   RO          681    i.PageChange        dgus.o
    0x08011ed4   0x00000002   Code   RO          258    i.PendSV_Handler    stm32f10x_it.o
    0x08011ed6   0x00000002   PAD
    0x08011ed8   0x0000002c   Code   RO          682    i.Popup_Windows     dgus.o
    0x08011f04   0x00000578   Code   RO         1849    i.Program_Receive   usart1_robot.o
    0x0801247c   0x00000784   Code   RO          973    i.Program_Save      manuloperate.o
    0x08012c00   0x000001b0   Code   RO          974    i.Program_Save_Time  manuloperate.o
    0x08012db0   0x00000018   Code   RO         3487    i.RCC_ADCCLKConfig  stm32f10x_rcc.o
    0x08012dc8   0x00000020   Code   RO         3488    i.RCC_AHBPeriphClockCmd  stm32f10x_rcc.o
    0x08012de8   0x00000020   Code   RO         3490    i.RCC_APB1PeriphClockCmd  stm32f10x_rcc.o
    0x08012e08   0x00000020   Code   RO         3492    i.RCC_APB2PeriphClockCmd  stm32f10x_rcc.o
    0x08012e28   0x00000020   Code   RO         3493    i.RCC_APB2PeriphResetCmd  stm32f10x_rcc.o
    0x08012e48   0x0000000c   Code   RO         3495    i.RCC_BackupResetCmd  stm32f10x_rcc.o
    0x08012e54   0x00000034   Code   RO         1569    i.RCC_Configuration  platforminit.o
    0x08012e88   0x00000190   Code   RO         3500    i.RCC_GetClocksFreq  stm32f10x_rcc.o
    0x08013018   0x0000003c   Code   RO         3501    i.RCC_GetFlagStatus  stm32f10x_rcc.o
    0x08013054   0x00000002   Code   RO          259    i.RCC_IRQHandler    stm32f10x_it.o
    0x08013056   0x00000002   PAD
    0x08013058   0x00000034   Code   RO         3510    i.RCC_LSEConfig     stm32f10x_rcc.o
    0x0801308c   0x0000000c   Code   RO         3513    i.RCC_OTGFSCLKConfig  stm32f10x_rcc.o
    0x08013098   0x0000000c   Code   RO         3524    i.RCC_RTCCLKCmd     stm32f10x_rcc.o
    0x080130a4   0x00000010   Code   RO         3525    i.RCC_RTCCLKConfig  stm32f10x_rcc.o
    0x080130b4   0x00000002   Code   RO          260    i.RTCAlarm_IRQHandler  stm32f10x_it.o
    0x080130b6   0x00000050   Code   RO         1570    i.RTC_Configuration  platforminit.o
    0x08013106   0x00000002   PAD
    0x08013108   0x00000014   Code   RO         4759    i.RTC_EnterConfigMode  stm32f10x_rtc.o
    0x0801311c   0x00000014   Code   RO         4760    i.RTC_ExitConfigMode  stm32f10x_rtc.o
    0x08013130   0x00000014   Code   RO         4761    i.RTC_GetCounter    stm32f10x_rtc.o
    0x08013144   0x00000002   Code   RO          261    i.RTC_IRQHandler    stm32f10x_it.o
    0x08013146   0x00000002   PAD
    0x08013148   0x0000003c   Code   RO         1571    i.RTC_Init          platforminit.o
    0x08013184   0x0000001c   Code   RO         4767    i.RTC_SetCounter    stm32f10x_rtc.o
    0x080131a0   0x00000020   Code   RO         4768    i.RTC_SetPrescaler  stm32f10x_rtc.o
    0x080131c0   0x00000014   Code   RO         4769    i.RTC_WaitForLastTask  stm32f10x_rtc.o
    0x080131d4   0x00000024   Code   RO         4770    i.RTC_WaitForSynchro  stm32f10x_rtc.o
    0x080131f8   0x00000640   Code   RO         1752    i.ReadIICAlarm      parameter.o
    0x08013838   0x00000184   Code   RO         1753    i.ReadIICInitPar    parameter.o
    0x080139bc   0x00000210   Code   RO         1851    i.ReadIICPoint      usart1_robot.o
    0x08013bcc   0x000002e8   Code   RO         1852    i.ReadIICProgram    usart1_robot.o
    0x08013eb4   0x000000dc   Code   RO         1853    i.ReadIICProgramInf  usart1_robot.o
    0x08013f90   0x00000114   Code   RO         1854    i.ReadIICSafeArea   usart1_robot.o
    0x080140a4   0x00000724   Code   RO         1855    i.ReadIICSetting    usart1_robot.o
    0x080147c8   0x00000120   Code   RO         1856    i.ReadIICSoftLimit  usart1_robot.o
    0x080148e8   0x0000002c   Code   RO          683    i.ReadRTC           dgus.o
    0x08014914   0x000000f4   Code   RO         1754    i.ReadTimeData      parameter.o
    0x08014a08   0x00000044   Code   RO         1857    i.Read_IIC          usart1_robot.o
    0x08014a4c   0x000000bc   Code   RO         1113    i.Read_LC_List      systemsetting.o
    0x08014b08   0x00000210   Code   RO         1755    i.Read_Point        parameter.o
    0x08014d18   0x000013ac   Code   RO         1114    i.ResetSetting      systemsetting.o
    0x080160c4   0x00000adc   Code   RO         1573    i.Rob_Move          platforminit.o
    0x08016ba0   0x000004a8   Code   RO         1115    i.Robot_Init        systemsetting.o
    0x08017048   0x00000070   Code   RO         1858    i.Robot_Setting     usart1_robot.o
    0x080170b8   0x00000098   Code   RO         1484    i.RodProcess        key.o
    0x08017150   0x000001b0   Code   RO         1574    i.Rod_Adjust        platforminit.o
    0x08017300   0x00000194   Code   RO         1575    i.Rod_Axis_Contrl   platforminit.o
    0x08017494   0x0000102c   Code   RO         1576    i.Rod_Select_Order  platforminit.o
    0x080184c0   0x00000002   Code   RO          263    i.SPI1_IRQHandler   stm32f10x_it.o
    0x080184c2   0x00000002   Code   RO          264    i.SPI2_IRQHandler   stm32f10x_it.o
    0x080184c4   0x00000002   Code   RO          265    i.SPI3_IRQHandler   stm32f10x_it.o
    0x080184c6   0x00000002   Code   RO          267    i.SVC_Handler       stm32f10x_it.o
    0x080184c8   0x000006c0   Code   RO         1116    i.SafeAreaSetting   systemsetting.o
    0x08018b88   0x00000964   Code   RO         1117    i.SavePointManager  systemsetting.o
    0x080194ec   0x0000068c   Code   RO         1118    i.SaveProgramManager  systemsetting.o
    0x08019b78   0x0000042c   Code   RO          842    i.Search_Order      freeprogramme.o
    0x08019fa4   0x000002bc   Code   RO          843    i.Select_Product    freeprogramme.o
    0x0801a260   0x00000008   Code   RO         5966    i.SetSysClock       system_stm32f10x.o
    0x0801a268   0x00000118   Code   RO         5967    i.SetSysClockTo72   system_stm32f10x.o
    0x0801a380   0x00000518   Code   RO         1119    i.SoftLimitSetting  systemsetting.o
    0x0801a898   0x0000006c   Code   RO         5969    i.SystemInit        system_stm32f10x.o
    0x0801a904   0x000002a4   Code   RO         1120    i.SystemUpdate      systemsetting.o
    0x0801aba8   0x00000002   Code   RO          269    i.TAMPER_IRQHandler  stm32f10x_it.o
    0x0801abaa   0x00000002   PAD
    0x0801abac   0x00000080   Code   RO         5183    i.TI1_Config        stm32f10x_tim.o
    0x0801ac2c   0x00000098   Code   RO         5184    i.TI2_Config        stm32f10x_tim.o
    0x0801acc4   0x00000090   Code   RO         5185    i.TI3_Config        stm32f10x_tim.o
    0x0801ad54   0x00000098   Code   RO         5186    i.TI4_Config        stm32f10x_tim.o
    0x0801adec   0x00000002   Code   RO          270    i.TIM1_BRK_IRQHandler  stm32f10x_it.o
    0x0801adee   0x00000002   Code   RO          271    i.TIM1_CC_IRQHandler  stm32f10x_it.o
    0x0801adf0   0x00000002   Code   RO          272    i.TIM1_TRG_COM_IRQHandler  stm32f10x_it.o
    0x0801adf2   0x00000002   Code   RO          273    i.TIM1_UP_IRQHandler  stm32f10x_it.o
    0x0801adf4   0x00000008   Code   RO          274    i.TIM2_IRQHandler   stm32f10x_it.o
    0x0801adfc   0x0000001c   Code   RO         1377    i.TIM3_IRQHandler   tim_usart_irq.o
    0x0801ae18   0x000001e0   Code   RO         1378    i.TIM4_IRQHandler   tim_usart_irq.o
    0x0801aff8   0x00000002   Code   RO          275    i.TIM5_IRQHandler   stm32f10x_it.o
    0x0801affa   0x00000002   Code   RO          276    i.TIM6_IRQHandler   stm32f10x_it.o
    0x0801affc   0x00000002   Code   RO          277    i.TIM7_IRQHandler   stm32f10x_it.o
    0x0801affe   0x00000018   Code   RO         5187    i.TIM_ARRPreloadConfig  stm32f10x_tim.o
    0x0801b016   0x00000006   Code   RO         5193    i.TIM_ClearFlag     stm32f10x_tim.o
    0x0801b01c   0x00000006   Code   RO         5194    i.TIM_ClearITPendingBit  stm32f10x_tim.o
    0x0801b022   0x00000018   Code   RO         5199    i.TIM_Cmd           stm32f10x_tim.o
    0x0801b03a   0x00000042   Code   RO         5208    i.TIM_EncoderInterfaceConfig  stm32f10x_tim.o
    0x0801b07c   0x00000006   Code   RO         5218    i.TIM_GetCounter    stm32f10x_tim.o
    0x0801b082   0x00000022   Code   RO         5220    i.TIM_GetITStatus   stm32f10x_tim.o
    0x0801b0a4   0x000000ac   Code   RO         5222    i.TIM_ICInit        stm32f10x_tim.o
    0x0801b150   0x00000012   Code   RO         5223    i.TIM_ICStructInit  stm32f10x_tim.o
    0x0801b162   0x00000012   Code   RO         5224    i.TIM_ITConfig      stm32f10x_tim.o
    0x0801b174   0x00000012   Code   RO         5265    i.TIM_SetIC1Prescaler  stm32f10x_tim.o
    0x0801b186   0x0000001a   Code   RO         5266    i.TIM_SetIC2Prescaler  stm32f10x_tim.o
    0x0801b1a0   0x00000012   Code   RO         5267    i.TIM_SetIC3Prescaler  stm32f10x_tim.o
    0x0801b1b2   0x0000001a   Code   RO         5268    i.TIM_SetIC4Prescaler  stm32f10x_tim.o
    0x0801b1cc   0x000000a4   Code   RO         5270    i.TIM_TimeBaseInit  stm32f10x_tim.o
    0x0801b270   0x00000094   Code   RO         1577    i.TimeInit          platforminit.o
    0x0801b304   0x00000128   Code   RO         1756    i.TimeProcess       parameter.o
    0x0801b42c   0x0000013a   Code   RO         1757    i.TimeTransform     parameter.o
    0x0801b566   0x00000012   Code   RO         1578    i.Time_Adjust       platforminit.o
    0x0801b578   0x00000002   Code   RO          282    i.UART4_IRQHandler  stm32f10x_it.o
    0x0801b57a   0x00000002   Code   RO          283    i.UART5_IRQHandler  stm32f10x_it.o
    0x0801b57c   0x00000070   Code   RO         1859    i.USART1Acknowledge  usart1_robot.o
    0x0801b5ec   0x000000dc   Code   RO         1860    i.USART1RecieveDataDecode  usart1_robot.o
    0x0801b6c8   0x000000cc   Code   RO         1379    i.USART1_IRQHandler  tim_usart_irq.o
    0x0801b794   0x000000b4   Code   RO         1861    i.USART1_ReadProgram  usart1_robot.o
    0x0801b848   0x00000184   Code   RO         1862    i.USART1_ReceiveProgram  usart1_robot.o
    0x0801b9cc   0x0000005c   Code   RO         1698    i.USART1_SendData   usart.o
    0x0801ba28   0x00000186   Code   RO         1863    i.USART1_SendProgram  usart1_robot.o
    0x0801bbae   0x00000002   PAD
    0x0801bbb0   0x00000070   Code   RO         1581    i.USART2_485_Configuration  platforminit.o
    0x0801bc20   0x000001a0   Code   RO         1380    i.USART2_IRQHandler  tim_usart_irq.o
    0x0801bdc0   0x000000bc   Code   RO         1700    i.USART2_SendDataArray  usart.o
    0x0801be7c   0x00000540   Code   RO         1381    i.USART3_IRQHandler  tim_usart_irq.o
    0x0801c3bc   0x00000070   Code   RO         1582    i.USART3_LCD_Configuration  platforminit.o
    0x0801c42c   0x00000038   Code   RO         1701    i.USART3_SendData   usart.o
    0x0801c464   0x00000006   Code   RO         5731    i.USART_ClearFlag   stm32f10x_usart.o
    0x0801c46a   0x00000014   Code   RO         5732    i.USART_ClearITPendingBit  stm32f10x_usart.o
    0x0801c47e   0x00000022   Code   RO         5733    i.USART_ClockInit   stm32f10x_usart.o
    0x0801c4a0   0x00000018   Code   RO         5735    i.USART_Cmd         stm32f10x_usart.o
    0x0801c4b8   0x0000004c   Code   RO         5739    i.USART_GetITStatus  stm32f10x_usart.o
    0x0801c504   0x00000040   Code   RO         5741    i.USART_ITConfig    stm32f10x_usart.o
    0x0801c544   0x0000009c   Code   RO         5742    i.USART_Init        stm32f10x_usart.o
    0x0801c5e0   0x0000000a   Code   RO         5747    i.USART_ReceiveData  stm32f10x_usart.o
    0x0801c5ea   0x00000002   PAD
    0x0801c5ec   0x00000028   Code   RO         2263    i.USBH_Alloc_Channel  usbh_hcs.o
    0x0801c614   0x00000060   Code   RO         2300    i.USBH_BulkReceiveData  usbh_ioreq.o
    0x0801c674   0x0000005e   Code   RO         2301    i.USBH_BulkSendData  usbh_ioreq.o
    0x0801c6d2   0x00000002   PAD
    0x0801c6d4   0x00000054   Code   RO         2359    i.USBH_ClrFeature   usbh_stdreq.o
    0x0801c728   0x00000018   Code   RO         2196    i.USBH_Connect      usbh_core.o
    0x0801c740   0x00000046   Code   RO         2302    i.USBH_CtlReceiveData  usbh_ioreq.o
    0x0801c786   0x00000002   PAD
    0x0801c788   0x00000080   Code   RO         2303    i.USBH_CtlReq       usbh_ioreq.o
    0x0801c808   0x00000090   Code   RO         2304    i.USBH_CtlSendData  usbh_ioreq.o
    0x0801c898   0x0000004e   Code   RO         2305    i.USBH_CtlSendSetup  usbh_ioreq.o
    0x0801c8e6   0x00000002   PAD
    0x0801c8e8   0x00000030   Code   RO         2197    i.USBH_DeInit       usbh_core.o
    0x0801c918   0x00000018   Code   RO         2198    i.USBH_Disconnect   usbh_core.o
    0x0801c930   0x00000034   Code   RO         2199    i.USBH_ErrorHandle  usbh_core.o
    0x0801c964   0x00000020   Code   RO         2264    i.USBH_Free_Channel  usbh_hcs.o
    0x0801c984   0x00000050   Code   RO         2360    i.USBH_GetDescriptor  usbh_stdreq.o
    0x0801c9d4   0x0000003c   Code   RO         2361    i.USBH_Get_CfgDesc  usbh_stdreq.o
    0x0801ca10   0x00000030   Code   RO         2362    i.USBH_Get_DevDesc  usbh_stdreq.o
    0x0801ca40   0x00000038   Code   RO         2363    i.USBH_Get_StringDesc  usbh_stdreq.o
    0x0801ca78   0x00000228   Code   RO         2200    i.USBH_HandleControl  usbh_core.o
    0x0801cca0   0x00000234   Code   RO         2201    i.USBH_HandleEnum   usbh_core.o
    0x0801ced4   0x00000068   Code   RO         2202    i.USBH_Init         usbh_core.o
    0x0801cf3c   0x00000028   Code   RO         2480    i.USBH_MSC_BOTReset  usbh_msc_core.o
    0x0801cf64   0x00000058   Code   RO         2443    i.USBH_MSC_BOT_Abort  usbh_msc_bot.o
    0x0801cfbc   0x00000014   Code   RO         2481    i.USBH_MSC_ClassRequest  usbh_msc_core.o
    0x0801cfd0   0x00000074   Code   RO         2444    i.USBH_MSC_DecodeCSW  usbh_msc_bot.o
    0x0801d044   0x00000044   Code   RO         2482    i.USBH_MSC_ErrorHandle  usbh_msc_core.o
    0x0801d088   0x0000002c   Code   RO         2483    i.USBH_MSC_GETMaxLUN  usbh_msc_core.o
    0x0801d0b4   0x0000018c   Code   RO         2484    i.USBH_MSC_Handle   usbh_msc_core.o
    0x0801d240   0x000002d0   Code   RO         2445    i.USBH_MSC_HandleBOTXfer  usbh_msc_bot.o
    0x0801d510   0x00000048   Code   RO         2446    i.USBH_MSC_Init     usbh_msc_bot.o
    0x0801d558   0x00000050   Code   RO         2485    i.USBH_MSC_InterfaceDeInit  usbh_msc_core.o
    0x0801d5a8   0x000000c4   Code   RO         2486    i.USBH_MSC_InterfaceInit  usbh_msc_core.o
    0x0801d66c   0x000000d4   Code   RO         2549    i.USBH_MSC_ModeSense6  usbh_msc_scsi.o
    0x0801d740   0x00000100   Code   RO         2550    i.USBH_MSC_Read10   usbh_msc_scsi.o
    0x0801d840   0x000000dc   Code   RO         2551    i.USBH_MSC_ReadCapacity10  usbh_msc_scsi.o
    0x0801d91c   0x000000e4   Code   RO         2552    i.USBH_MSC_RequestSense  usbh_msc_scsi.o
    0x0801da00   0x000000b0   Code   RO         2553    i.USBH_MSC_TestUnitReady  usbh_msc_scsi.o
    0x0801dab0   0x000000d8   Code   RO         2554    i.USBH_MSC_Write10  usbh_msc_scsi.o
    0x0801db88   0x00000064   Code   RO         2265    i.USBH_Modify_Channel  usbh_hcs.o
    0x0801dbec   0x0000009e   Code   RO         2818    i.USBH_OTG_ISR_Handler  usb_hcd_int.o
    0x0801dc8a   0x00000002   PAD
    0x0801dc8c   0x0000008c   Code   RO         2266    i.USBH_Open_Channel  usbh_hcs.o
    0x0801dd18   0x00000096   Code   RO         2364    i.USBH_ParseCfgDesc  usbh_stdreq.o
    0x0801ddae   0x00000006   Code   RO         2489    i.USBH_ParseClassDesc  usbh_msc_core.o
    0x0801ddb4   0x00000058   Code   RO         2365    i.USBH_ParseDevDesc  usbh_stdreq.o
    0x0801de0c   0x00000020   Code   RO         2366    i.USBH_ParseEPDesc  usbh_stdreq.o
    0x0801de2c   0x00000026   Code   RO         2367    i.USBH_ParseInterfaceDesc  usbh_stdreq.o
    0x0801de52   0x00000036   Code   RO         2368    i.USBH_ParseStringDesc  usbh_stdreq.o
    0x0801de88   0x000001d0   Code   RO         2203    i.USBH_Process      usbh_core.o
    0x0801e058   0x0000002c   Code   RO         2369    i.USBH_SetAddress   usbh_stdreq.o
    0x0801e084   0x0000002c   Code   RO         2370    i.USBH_SetCfg       usbh_stdreq.o
    0x0801e0b0   0x00000024   Code   RO         2308    i.USBH_SubmitSetupRequest  usbh_ioreq.o
    0x0801e0d4   0x00000002   Code   RO         2068    i.USBH_USR_Configuration_DescAvailable  usbh_usr.o
    0x0801e0d6   0x00000002   PAD
    0x0801e0d8   0x0000000c   Code   RO         2069    i.USBH_USR_DeInit   usbh_usr.o
    0x0801e0e4   0x00000002   Code   RO         2070    i.USBH_USR_DeviceAddressAssigned  usbh_usr.o
    0x0801e0e6   0x00000002   PAD
    0x0801e0e8   0x00000054   Code   RO         2071    i.USBH_USR_DeviceAttached  usbh_usr.o
    0x0801e13c   0x000000ac   Code   RO         2072    i.USBH_USR_DeviceDisconnected  usbh_usr.o
    0x0801e1e8   0x00000088   Code   RO         2073    i.USBH_USR_DeviceNotSupported  usbh_usr.o
    0x0801e270   0x00000002   Code   RO         2074    i.USBH_USR_DeviceSpeedDetected  usbh_usr.o
    0x0801e272   0x00000002   Code   RO         2075    i.USBH_USR_Device_DescAvailable  usbh_usr.o
    0x0801e274   0x00000002   Code   RO         2076    i.USBH_USR_EnumerationDone  usbh_usr.o
    0x0801e276   0x00000002   PAD
    0x0801e278   0x000000b0   Code   RO         2077    i.USBH_USR_HexToASCII  usbh_usr.o
    0x0801e328   0x00000002   Code   RO         2078    i.USBH_USR_Init     usbh_usr.o
    0x0801e32a   0x00000002   PAD
    0x0801e32c   0x00000838   Code   RO         2079    i.USBH_USR_MSC_Application  usbh_usr.o
    0x0801eb64   0x00000002   Code   RO         2080    i.USBH_USR_Manufacturer_String  usbh_usr.o
    0x0801eb66   0x00000002   PAD
    0x0801eb68   0x00000070   Code   RO         2081    i.USBH_USR_OverCurrentDetected  usbh_usr.o
    0x0801ebd8   0x00000002   Code   RO         2082    i.USBH_USR_Product_String  usbh_usr.o
    0x0801ebda   0x00000002   Code   RO         2083    i.USBH_USR_ResetDevice  usbh_usr.o
    0x0801ebdc   0x00000002   Code   RO         2084    i.USBH_USR_SerialNum_String  usbh_usr.o
    0x0801ebde   0x00000002   PAD
    0x0801ebe0   0x00000068   Code   RO         2085    i.USBH_USR_UnrecoveredError  usbh_usr.o
    0x0801ec48   0x00000004   Code   RO         2086    i.USBH_USR_UserInput  usbh_usr.o
    0x0801ec4c   0x00000038   Code   RO         1991    i.USB_OTG_BSP_ConfigVBUS  usb_bsp.o
    0x0801ec84   0x00000020   Code   RO         1992    i.USB_OTG_BSP_DriveVBUS  usb_bsp.o
    0x0801eca4   0x00000026   Code   RO         1993    i.USB_OTG_BSP_EnableInterrupt  usb_bsp.o
    0x0801ecca   0x0000001a   Code   RO         1994    i.USB_OTG_BSP_Init  usb_bsp.o
    0x0801ece4   0x00000038   Code   RO         1995    i.USB_OTG_BSP_TimeInit  usb_bsp.o
    0x0801ed1c   0x00000038   Code   RO         1996    i.USB_OTG_BSP_TimerIRQ  usb_bsp.o
    0x0801ed54   0x0000000e   Code   RO         1997    i.USB_OTG_BSP_mDelay  usb_bsp.o
    0x0801ed62   0x0000000e   Code   RO         1998    i.USB_OTG_BSP_uDelay  usb_bsp.o
    0x0801ed70   0x000000e0   Code   RO         2598    i.USB_OTG_CoreInit  usb_core.o
    0x0801ee50   0x00000176   Code   RO         2599    i.USB_OTG_CoreInitHost  usb_core.o
    0x0801efc6   0x00000002   PAD
    0x0801efc8   0x00000070   Code   RO         2600    i.USB_OTG_CoreReset  usb_core.o
    0x0801f038   0x00000022   Code   RO         2601    i.USB_OTG_DisableGlobalInt  usb_core.o
    0x0801f05a   0x00000056   Code   RO         2602    i.USB_OTG_DriveVbus  usb_core.o
    0x0801f0b0   0x00000030   Code   RO         2603    i.USB_OTG_EnableCommonInt  usb_core.o
    0x0801f0e0   0x00000022   Code   RO         2604    i.USB_OTG_EnableGlobalInt  usb_core.o
    0x0801f102   0x0000006a   Code   RO         2605    i.USB_OTG_EnableHostInt  usb_core.o
    0x0801f16c   0x0000004c   Code   RO         2606    i.USB_OTG_FlushRxFifo  usb_core.o
    0x0801f1b8   0x00000054   Code   RO         2607    i.USB_OTG_FlushTxFifo  usb_core.o
    0x0801f20c   0x0000007e   Code   RO         2608    i.USB_OTG_HC_Halt   usb_core.o
    0x0801f28a   0x00000204   Code   RO         2609    i.USB_OTG_HC_Init   usb_core.o
    0x0801f48e   0x00000206   Code   RO         2610    i.USB_OTG_HC_StartXfer  usb_core.o
    0x0801f694   0x00000018   Code   RO         2611    i.USB_OTG_InitFSLSPClkSel  usb_core.o
    0x0801f6ac   0x00000010   Code   RO         2612    i.USB_OTG_IsEvenFrame  usb_core.o
    0x0801f6bc   0x00000010   Code   RO         2613    i.USB_OTG_ReadCoreItr  usb_core.o
    0x0801f6cc   0x0000002e   Code   RO         2614    i.USB_OTG_ReadHPRT0  usb_core.o
    0x0801f6fa   0x00000008   Code   RO         2615    i.USB_OTG_ReadHostAllChannels_intr  usb_core.o
    0x0801f702   0x00000026   Code   RO         2617    i.USB_OTG_ReadPacket  usb_core.o
    0x0801f728   0x0000003c   Code   RO         2618    i.USB_OTG_ResetPort  usb_core.o
    0x0801f764   0x00000030   Code   RO         2620    i.USB_OTG_SetHostMode  usb_core.o
    0x0801f794   0x00000042   Code   RO         2621    i.USB_OTG_StopHostMode  usb_core.o
    0x0801f7d6   0x00000002   PAD
    0x0801f7d8   0x0000003c   Code   RO         2819    i.USB_OTG_USBH_handle_Disconnect_ISR  usb_hcd_int.o
    0x0801f814   0x00000042   Code   RO         2820    i.USB_OTG_USBH_handle_IncompletePeriodicXfer_ISR  usb_hcd_int.o
    0x0801f856   0x00000056   Code   RO         2821    i.USB_OTG_USBH_handle_hc_ISR  usb_hcd_int.o
    0x0801f8ac   0x00000396   Code   RO         2822    i.USB_OTG_USBH_handle_hc_n_In_ISR  usb_hcd_int.o
    0x0801fc42   0x0000023e   Code   RO         2823    i.USB_OTG_USBH_handle_hc_n_Out_ISR  usb_hcd_int.o
    0x0801fe80   0x0000012c   Code   RO         2824    i.USB_OTG_USBH_handle_nptxfempty_ISR  usb_hcd_int.o
    0x0801ffac   0x00000110   Code   RO         2825    i.USB_OTG_USBH_handle_port_ISR  usb_hcd_int.o
    0x080200bc   0x0000012e   Code   RO         2826    i.USB_OTG_USBH_handle_ptxfempty_ISR  usb_hcd_int.o
    0x080201ea   0x000001ba   Code   RO         2827    i.USB_OTG_USBH_handle_rx_qlvl_ISR  usb_hcd_int.o
    0x080203a4   0x0000001c   Code   RO         2828    i.USB_OTG_USBH_handle_sof_ISR  usb_hcd_int.o
    0x080203c0   0x0000003a   Code   RO         2622    i.USB_OTG_WritePacket  usb_core.o
    0x080203fa   0x00000002   PAD
    0x080203fc   0x00000034   Code   RO          684    i.UnHiddenDisplay   dgus.o
    0x08020430   0x00000258   Code   RO         1758    i.UnlockCodeInput   parameter.o
    0x08020688   0x00000004   Code   RO          288    i.UsageFault_Handler  stm32f10x_it.o
    0x0802068c   0x00000274   Code   RO         1121    i.UserSetting       systemsetting.o
    0x08020900   0x00000038   Code   RO          844    i.ValueToName       freeprogramme.o
    0x08020938   0x00000078   Code   RO          845    i.ValueToNumber     freeprogramme.o
    0x080209b0   0x00000168   Code   RO          846    i.ValueToString     freeprogramme.o
    0x08020b18   0x00000160   Code   RO          847    i.ValueToTime       freeprogramme.o
    0x08020c78   0x00000002   Code   RO          289    i.WWDG_IRQHandler   stm32f10x_it.o
    0x08020c7a   0x00000002   PAD
    0x08020c7c   0x00000810   Code   RO         1864    i.Watch_Command     usart1_robot.o
    0x0802148c   0x00000034   Code   RO          685    i.WriteNum2         dgus.o
    0x080214c0   0x0000003c   Code   RO          686    i.WriteNum4         dgus.o
    0x080214fc   0x00000040   Code   RO          687    i.WriteNum9         dgus.o
    0x0802153c   0x0000009a   Code   RO         1759    i.WriteTimeData     parameter.o
    0x080215d6   0x00000028   Code   RO         6043    i.__ARM_fpclassify  m_ws.l(fpclassify.o)
    0x080215fe   0x000000aa   Code   RO         6045    i.__kernel_poly     m_ws.l(poly.o)
    0x080216a8   0x00000010   Code   RO         6029    i.__mathlib_dbl_divzero  m_ws.l(dunder.o)
    0x080216b8   0x00000004   Code   RO         6031    i.__mathlib_dbl_infnan2  m_ws.l(dunder.o)
    0x080216bc   0x0000000c   Code   RO         6032    i.__mathlib_dbl_invalid  m_ws.l(dunder.o)
    0x080216c8   0x0000000e   Code   RO         6033    i.__mathlib_dbl_overflow  m_ws.l(dunder.o)
    0x080216d6   0x00000002   PAD
    0x080216d8   0x00000010   Code   RO         6035    i.__mathlib_dbl_underflow  m_ws.l(dunder.o)
    0x080216e8   0x0000000e   Code   RO         6100    i.__scatterload_copy  mc_w.l(handlers.o)
    0x080216f6   0x00000002   Code   RO         6101    i.__scatterload_null  mc_w.l(handlers.o)
    0x080216f8   0x0000000e   Code   RO         6102    i.__scatterload_zeroinit  mc_w.l(handlers.o)
    0x08021706   0x00000002   PAD
    0x08021708   0x0000000c   Code   RO         6078    i.__set_errno       mc_w.l(errno.o)
    0x08021714   0x00000090   Code   RO         2880    i.check_fs          ff.o
    0x080217a4   0x00000014   Code   RO         2881    i.chk_chr           ff.o
    0x080217b8   0x00000370   Code   RO         2882    i.chk_mounted       ff.o
    0x08021b28   0x0000001a   Code   RO         2883    i.clust2sect        ff.o
    0x08021b42   0x000000ca   Code   RO         2884    i.create_chain      ff.o
    0x08021c0c   0x00000148   Code   RO         2885    i.create_name       ff.o
    0x08021d54   0x0000005c   Code   RO         2886    i.dir_find          ff.o
    0x08021db0   0x00000116   Code   RO         2887    i.dir_next          ff.o
    0x08021ec6   0x00000056   Code   RO         2888    i.dir_read          ff.o
    0x08021f1c   0x0000006e   Code   RO         2889    i.dir_register      ff.o
    0x08021f8a   0x0000009c   Code   RO         2891    i.dir_sdi           ff.o
    0x08022026   0x00000002   PAD
    0x08022028   0x00000030   Code   RO         3118    i.disk_initialize   diskio.o
    0x08022058   0x00000054   Code   RO         3119    i.disk_ioctl        diskio.o
    0x080220ac   0x00000078   Code   RO         3120    i.disk_read         diskio.o
    0x08022124   0x00000022   Code   RO         3121    i.disk_status       diskio.o
    0x08022146   0x00000002   PAD
    0x08022148   0x00000074   Code   RO         3122    i.disk_write        diskio.o
    0x080221bc   0x00000016   Code   RO         2893    i.f_close           ff.o
    0x080221d2   0x00000002   PAD
    0x080221d4   0x0000002c   Code   RO         2898    i.f_mount           ff.o
    0x08022200   0x0000016c   Code   RO         2899    i.f_open            ff.o
    0x0802236c   0x0000006e   Code   RO         2900    i.f_opendir         ff.o
    0x080223da   0x000001ca   Code   RO         2901    i.f_read            ff.o
    0x080225a4   0x00000058   Code   RO         2902    i.f_readdir         ff.o
    0x080225fc   0x000000b8   Code   RO         2905    i.f_sync            ff.o
    0x080226b4   0x0000020e   Code   RO         2909    i.f_write           ff.o
    0x080228c2   0x0000009e   Code   RO         2910    i.follow_path       ff.o
    0x08022960   0x000000e4   Code   RO         2911    i.get_fat           ff.o
    0x08022a44   0x00000004   Code   RO         3123    i.get_fattime       diskio.o
    0x08022a48   0x00000098   Code   RO         2912    i.get_fileinfo      ff.o
    0x08022ae0   0x000000fc   Code   RO           10    i.main              main.o
    0x08022bdc   0x00000026   Code   RO         2913    i.mem_cmp           ff.o
    0x08022c02   0x0000001a   Code   RO         2914    i.mem_cpy           ff.o
    0x08022c1c   0x00000014   Code   RO         2915    i.mem_set           ff.o
    0x08022c30   0x00000072   Code   RO         2916    i.move_window       ff.o
    0x08022ca2   0x00000002   PAD
    0x08022ca4   0x000009d8   Code   RO         6001    i.pow               m_ws.l(pow.o)
    0x0802367c   0x00000136   Code   RO         2917    i.put_fat           ff.o
    0x080237b2   0x00000068   Code   RO         2918    i.remove_chain      ff.o
    0x0802381a   0x0000004c   Code   RO         6049    i.sqrt              m_ws.l(sqrt.o)
    0x08023866   0x000000ca   Code   RO         2919    i.sync              ff.o
    0x08023930   0x0000002a   Code   RO         2920    i.validate          ff.o
    0x0802395a   0x00000002   PAD
    0x0802395c   0x00000030   Data   RO          849    .constdata          freeprogramme.o
    0x0802398c   0x00000010   Data   RO          975    .constdata          manuloperate.o
    0x0802399c   0x00000004   PAD
    0x080239a0   0x00000088   Data   RO         6002    .constdata          m_ws.l(pow.o)
    0x08023a28   0x00000008   Data   RO         6047    .constdata          m_ws.l(qnan.o)
    0x08023a30   0x00000020   Data   RO         6098    Region$$Table       anon$$obj.o


    Execution Region RW_IRAM1 (Base: 0x20000000, Size: 0x00009fb8, Max: 0x00010000, ABSOLUTE, COMPRESSED[0x00002310])

    Base Addr    Size         Type   Attr      Idx    E Section Name        Object

    0x20000000   0x000002e9   Data   RW          689    .data               dgus.o
    0x200002e9   0x00000003   PAD
    0x200002ec   0x0000017f   Data   RW          798    .data               startup.o
    0x2000046b   0x00000001   PAD
    0x2000046c   0x000018df   Data   RW          850    .data               freeprogramme.o
    0x20001d4b   0x00000001   PAD
    0x20001d4c   0x00000510   Data   RW          976    .data               manuloperate.o
    0x2000225c   0x00000f8f   Data   RW         1044    .data               iocontrol.o
    0x200031eb   0x00000001   PAD
    0x200031ec   0x00000f0a   Data   RW         1123    .data               systemsetting.o
    0x200040f6   0x000004d3   Data   RW         1236    .data               alarmhistory.o
    0x200045c9   0x00000004   Data   RW         1383    .data               tim_usart_irq.o
    0x200045cd   0x00000003   PAD
    0x200045d0   0x00000017   Data   RW         1485    .data               key.o
    0x200045e7   0x00000001   PAD
    0x200045e8   0x00000028   Data   RW         1584    .data               platforminit.o
    0x20004610   0x0000001e   Data   RW         1703    .data               usart.o
    0x2000462e   0x00000002   PAD
    0x20004630   0x00000181   Data   RW         1761    .data               parameter.o
    0x200047b1   0x00000001   PAD
    0x200047b2   0x00000013   Data   RW         1866    .data               usart1_robot.o
    0x200047c5   0x00000003   PAD
    0x200047c8   0x00000008   Data   RW         1999    .data               usb_bsp.o
    0x200047d0   0x00000064   Data   RW         2088    .data               usbh_usr.o
    0x20004834   0x0000000e   Data   RW         2205    .data               usbh_core.o
    0x20004842   0x00000008   Data   RW         2372    .data               usbh_stdreq.o
    0x2000484a   0x00000002   PAD
    0x2000484c   0x0000000d   Data   RW         2448    .data               usbh_msc_bot.o
    0x20004859   0x00000003   PAD
    0x2000485c   0x0000001d   Data   RW         2491    .data               usbh_msc_core.o
    0x20004879   0x00000001   Data   RW         2556    .data               usbh_msc_scsi.o
    0x2000487a   0x00000002   PAD
    0x2000487c   0x00000006   Data   RW         2922    .data               ff.o
    0x20004882   0x00000014   Data   RW         3528    .data               stm32f10x_rcc.o
    0x20004896   0x00000002   PAD
    0x20004898   0x00000004   Data   RW         6079    .data               mc_w.l(errno.o)
    0x2000489c   0x000000b4   Zero   RW          688    .bss                dgus.o
    0x20004950   0x00000458   Zero   RW          797    .bss                startup.o
    0x20004da8   0x000001ac   Zero   RW          848    .bss                freeprogramme.o
    0x20004f54   0x00002098   Zero   RW         1122    .bss                systemsetting.o
    0x20006fec   0x000002be   Zero   RW         1235    .bss                alarmhistory.o
    0x200072aa   0x00000070   Zero   RW         1583    .bss                platforminit.o
    0x2000731a   0x000000b4   Zero   RW         1702    .bss                usart.o
    0x200073ce   0x00000002   PAD
    0x200073d0   0x00001a48   Zero   RW         1760    .bss                parameter.o
    0x20008e18   0x0000003c   Zero   RW         1865    .bss                usart1_robot.o
    0x20008e54   0x000004cc   Zero   RW         2087    .bss                usbh_usr.o
    0x20009320   0x000002ea   Zero   RW         2204    .bss                usbh_core.o
    0x2000960a   0x00000010   Zero   RW         2267    .bss                usbh_hcs.o
    0x2000961a   0x000000ff   Zero   RW         2371    .bss                usbh_stdreq.o
    0x20009719   0x00000003   PAD
    0x2000971c   0x00000040   Zero   RW         2447    .bss                usbh_msc_bot.o
    0x2000975c   0x0000004a   Zero   RW         2490    .bss                usbh_msc_core.o
    0x200097a6   0x00000002   PAD
    0x200097a8   0x00000410   Zero   RW         2555    .bss                usbh_msc_scsi.o
    0x20009bb8   0x00000400   Zero   RW            1    STACK               startup_stm32f10x_cl.o


==============================================================================

Image component sizes


      Code (inc. data)   RO Data    RW Data    ZI Data      Debug   Object Name

       232          0          0          0          0       3604   24cxx.o
      3248        242          0       1235        702       5587   alarmhistory.o
        58          0          0          0          0       1222   delay.o
      1584        226          0        745        180      20333   dgus.o
       406         42          0          0          0       6336   diskio.o
      5512         46          0          6          0      31394   ff.o
     14844       1112         48       6367        428      20525   freeprogramme.o
       688        102          0          0          0       5187   i2cint.o
      4192        572          0       3983          0      11562   iocontrol.o
      2594        122          0         23          0       7411   key.o
       252         40          0          0          0     338945   main.o
     18478       1784         16       1296          0      22072   manuloperate.o
       152         30          0          0          0       2789   misc.o
      5220        332          0        385       6728      23057   parameter.o
      9318        378          0         40        112      18138   platforminit.o
      4156        558          0        383       1112       6745   startup.o
        36          8        336          0       1024        940   startup_stm32f10x_cl.o
       482         24          0          0          0       9922   stm32f10x_adc.o
        72         10          0          0          0       3408   stm32f10x_bkp.o
       506         46          0          0          0       5624   stm32f10x_dma.o
       252         26          0          0          0       4184   stm32f10x_exti.o
       388          4          0          0          0       7498   stm32f10x_gpio.o
       374         32          0          0          0      29561   stm32f10x_it.o
        12          6          0          0          0        690   stm32f10x_pwr.o
       716         88          0         20          0      12615   stm32f10x_rcc.o
       176         34          0          0          0       4755   stm32f10x_rtc.o
      1202        150          0          0          0      16023   stm32f10x_tim.o
       390          6          0          0          0       8152   stm32f10x_usart.o
       396         32          0          0          0       2477   system_stm32f10x.o
     34312       2432          0       3850       8344      43758   systemsetting.o
      2472        270          0          4          0       5712   tim_usart_irq.o
       336         40          0         30        180       5146   usart.o
     11498       1086          0         19         60      20995   usart1_robot.o
       446         22          0          8          0      10998   usb_bsp.o
      2718         32          0          0          0      19979   usb_core.o
       156          0          0          0          0       6323   usb_hcd.o
      3206         20          0          0          0      11603   usb_hcd_int.o
      1832        122          0         14        746      11334   usbh_core.o
       356         20          0          0         16       5267   usbh_hcs.o
       646         10          0          0          0       6882   usbh_ioreq.o
       996        110          0         13         64       7517   usbh_msc_bot.o
       850         86          0         29         74       8815   usbh_msc_core.o
      1308        108          0          1       1040       8372   usbh_msc_scsi.o
       778         40          0          8        255      11501   usbh_stdreq.o
      2924        316          0        100       1228      15058   usbh_usr.o

    ----------------------------------------------------------------------
    140850      10766        436      18584      22300     830016   Object Totals
         0          0         32          0          0          0   (incl. Generated)
        80          0          4         25          7          0   (incl. Padding)

    ----------------------------------------------------------------------

      Code (inc. data)   RO Data    RW Data    ZI Data      Debug   Library Member Name

        62         10          0          0          0        340   dunder.o
        40          0          0          0          0         68   fpclassify.o
       170          0          0          0          0         96   poly.o
      2520        190        136          0          0        324   pow.o
         0          0          8          0          0          0   qnan.o
        76          0          0          0          0         84   sqrt.o
        94          0          0          0          0          0   __dclz77c.o
         0          0          0          0          0          0   entry.o
         0          0          0          0          0          0   entry10a.o
         0          0          0          0          0          0   entry11a.o
         8          4          0          0          0          0   entry2.o
         4          0          0          0          0          0   entry5.o
         0          0          0          0          0          0   entry7b.o
         0          0          0          0          0          0   entry8b.o
         8          4          0          0          0          0   entry9a.o
        12          6          0          4          0         68   errno.o
        30          0          0          0          0          0   handlers.o
        36          8          0          0          0         68   init.o
         0          0          0          0          0          0   iusefp.o
        30          0          0          0          0         68   llshl.o
        36          0          0          0          0         68   llsshr.o
        32          0          0          0          0         68   llushr.o
        36          0          0          0          0         68   memcpya.o
        36          0          0          0          0        108   memseta.o
        48          0          0          0          0         68   cdrcmple.o
       334          0          0          0          0        148   dadd.o
       222          0          0          0          0        100   ddiv.o
       186          0          0          0          0        176   depilogue.o
        50          0          0          0          0         76   dfixui.o
        34          0          0          0          0         76   dflti.o
        26          0          0          0          0         76   dfltui.o
       228          0          0          0          0         96   dmul.o
        46          0          0          0          0         80   dscalb.o
       162          0          0          0          0        100   dsqrt.o

    ----------------------------------------------------------------------
      4570        222        144          4          0       2424   Library Totals
         4          0          0          0          0          0   (incl. Padding)

    ----------------------------------------------------------------------

      Code (inc. data)   RO Data    RW Data    ZI Data      Debug   Library Name

      2868        200        144          0          0        912   m_ws.l
       362         22          0          4          0        516   mc_w.l
      1336          0          0          0          0        996   mf_w.l

    ----------------------------------------------------------------------
      4570        222        144          4          0       2424   Library Totals

    ----------------------------------------------------------------------

==============================================================================


      Code (inc. data)   RO Data    RW Data    ZI Data      Debug   

    145420      10988        580      18588      22300     809220   Grand Totals
    145420      10988        580       8976      22300     809220   ELF Image Totals (compressed)
    145420      10988        580       8976          0          0   ROM Totals

==============================================================================

    Total RO  Size (Code + RO Data)               146000 ( 142.58kB)
    Total RW  Size (RW Data + ZI Data)             40888 (  39.93kB)
    Total ROM Size (Code + RO Data + RW Data)     154976 ( 151.34kB)

==============================================================================

